11-26 14:46:33.897 16232 16259 V bt_btm_ble: system/stack/btm/btm_ble_gap.cc:1999 btm_ble_update_inq_result: NOT_BR/EDR support bit set, treat device as LE only
11-26 14:46:33.900 17761 17761 I jyq_helper: onLeScan: MELK-OA21   7F - 62 - 0201060f094d454c4b2d4f41323120202037460f094d454c4b2d4f4132312020203746000000000000000000000000000000000000000000000000000000
11-26 14:46:33.919 16232 16264 V bt_btm_ble: system/stack/btm/btm_ble_gap.cc:2015 btm_ble_process_adv_addr: bda=xx:xx:xx:xx:0b:2c
11-26 14:46:33.919 16232 16264 V bluetooth: system/gd/hci/le_scanning_reassembler.cc:62 ProcessAdvertisingReport: Dropping repeated legacy advertising data
11-26 14:46:33.919 16232 16264 V bluetooth: system/gd/hci/le_scanning_reassembler.cc:85 ProcessAdvertisingReport: Ignoring advertising report when scan response is expected or current data is marked incomplete
11-26 14:46:33.920 16232 16264 V bt_btm_ble: system/stack/btm/btm_ble_gap.cc:2015 btm_ble_process_adv_addr: bda=xx:xx:xx:xx:0b:2c
11-26 14:46:33.920 16232 16264 V bluetooth: system/gd/hci/le_scanning_reassembler.cc:96 ProcessAdvertisingReport: Full advertising report has been reassembled
11-26 14:46:33.920 16232 16259 V bt_btm_ble: system/stack/btm/btm_ble_gap.cc:1999 btm_ble_update_inq_result: NOT_BR/EDR support bit set, treat device as LE only
11-26 14:46:33.923 17761 17761 V jyq_helper: onLeScan(repeat,ignored): D3:39:32:37:0B:2C - 0201061109476f7665655f48363035425f3042324308ff0288ec000101011109476f7665655f48363035425f304232430000000000000000000000000000
11-26 14:46:33.932 16232 16264 V bt_btm_ble: system/stack/btm/btm_ble_gap.cc:2015 btm_ble_process_adv_addr: bda=xx:xx:xx:xx:27:31
11-26 14:46:33.932 16232 16264 V bluetooth: system/gd/hci/le_scanning_reassembler.cc:62 ProcessAdvertisingReport: Dropping repeated legacy advertising data
11-26 14:46:33.932 16232 16264 V bluetooth: system/gd/hci/le_scanning_reassembler.cc:85 ProcessAdvertisingReport: Ignoring advertising report when scan response is expected or current data is marked incomplete
11-26 14:46:33.933 16232 16264 V bt_btm_ble: system/stack/btm/btm_ble_gap.cc:2015 btm_ble_process_adv_addr: bda=xx:xx:xx:xx:27:31
11-26 14:46:33.933 16232 16264 V bluetooth: system/gd/hci/le_scanning_reassembler.cc:96 ProcessAdvertisingReport: Full advertising report has been reassembled
11-26 14:46:33.933 16232 16259 V bt_btm_ble: system/stack/btm/btm_ble_gap.cc:1999 btm_ble_update_inq_result: NOT_BR/EDR support bit set, treat device as LE only
11-26 14:46:33.934 17761 17761 V jyq_helper: onLeScan(repeat,ignored): BE:28:4A:00:27:31 - 0201060f094d454c4b2d4f41323120202033310f094d454c4b2d4f4132312020203331000000000000000000000000000000000000000000000000000000
11-26 14:46:33.935 16232 16264 V bt_btm_ble: system/stack/btm/btm_ble_gap.cc:2015 btm_ble_process_adv_addr: bda=xx:xx:xx:xx:54:43
11-26 14:46:33.935 16232 16264 V bluetooth: system/gd/hci/le_scanning_reassembler.cc:62 ProcessAdvertisingReport: Dropping repeated legacy advertising data
11-26 14:46:33.935 16232 16264 V bluetooth: system/gd/hci/le_scanning_reassembler.cc:96 ProcessAdvertisingReport: Full advertising report has been reassembled
11-26 14:46:33.935 16232 16259 V bt_btm_ble: system/stack/btm/btm_ble_gap.cc:1999 btm_ble_update_inq_result: NOT_BR/EDR support bit set, treat device as LE only
11-26 14:46:33.938 17761 17761 V jyq_helper: onLeScan: null - 62 - 1eff060001092022f310aec6c0b685f72a2d75a4fd9922f3acf10a152a714700000000000000000000000000000000000000000000000000000000000000
11-26 14:46:33.955 16232 16264 V bt_btm_ble: system/stack/btm/btm_ble_gap.cc:2015 btm_ble_process_adv_addr: bda=xx:xx:xx:xx:30:7f
11-26 14:46:33.955 16232 16264 V bluetooth: system/gd/hci/le_scanning_reassembler.cc:62 ProcessAdvertisingReport: Dropping repeated legacy advertising data
11-26 14:46:33.955 16232 16264 V bluetooth: system/gd/hci/le_scanning_reassembler.cc:85 ProcessAdvertisingReport: Ignoring advertising report when scan response is expected or current data is marked incomplete
11-26 14:46:33.955 16232 16264 V bt_btm_ble: system/stack/btm/btm_ble_gap.cc:2015 btm_ble_process_adv_addr: bda=xx:xx:xx:xx:30:7f
11-26 14:46:33.955 16232 16264 V bluetooth: system/gd/hci/le_scanning_reassembler.cc:96 ProcessAdvertisingReport: Full advertising report has been reassembled
11-26 14:46:33.955 16232 16259 V bt_btm_ble: system/stack/btm/btm_ble_gap.cc:1999 btm_ble_update_inq_result: NOT_BR/EDR support bit set, treat device as LE only
11-26 14:46:33.957 17761 17761 V jyq_helper: onLeScan(repeat,ignored): BE:28:4A:00:30:7F - 0201060f094d454c4b2d4f41323120202037460f094d454c4b2d4f4132312020203746000000000000000000000000000000000000000000000000000000
11-26 14:46:33.964 16232 16264 V bt_btm_ble: system/stack/btm/btm_ble_gap.cc:2015 btm_ble_process_adv_addr: bda=xx:xx:xx:xx:19:7f
11-26 14:46:33.964 16232 16264 V bluetooth: system/gd/hci/le_scanning_reassembler.cc:62 ProcessAdvertisingReport: Dropping repeated legacy advertising data
11-26 14:46:33.964 16232 16264 V bluetooth: system/gd/hci/le_scanning_reassembler.cc:96 ProcessAdvertisingReport: Full advertising report has been reassembled
11-26 14:46:33.964 16232 16259 V bt_btm_ble: system/stack/btm/btm_ble_gap.cc:1999 btm_ble_update_inq_result: NOT_BR/EDR support bit set, treat device as LE only
11-26 14:46:33.967 17761 17761 V jyq_helper: onLeScan: null - 62 - 1bff750042040180a0fcf13675197ffef13675197e017f030000000000000000000000000000000000000000000000000000000000000000000000000000
11-26 14:46:33.969 16232 16264 V bt_btm_ble: system/stack/btm/btm_ble_gap.cc:2015 btm_ble_process_adv_addr: bda=xx:xx:xx:xx:10:7e
11-26 14:46:33.969 16232 16264 V bluetooth: system/gd/hci/le_scanning_reassembler.cc:62 ProcessAdvertisingReport: Dropping repeated legacy advertising data
11-26 14:46:33.969 16232 16264 V bluetooth: system/gd/hci/le_scanning_reassembler.cc:96 ProcessAdvertisingReport: Full advertising report has been reassembled
11-26 14:46:33.969 16232 16259 V bt_btm_ble: system/stack/btm/btm_ble_gap.cc:1999 btm_ble_update_inq_result: NOT_BR/EDR support bit set, treat device as LE only
11-26 14:46:33.972 17761 17761 V jyq_helper: onLeScan: null - 62 - 1eff060001092022526397490d9588f19cedb6fc893eb28dc2d675bce3132000000000000000000000000000000000000000000000000000000000000000
11-26 14:46:33.985 16232 16264 V bt_btm_ble: system/stack/btm/btm_ble_gap.cc:2015 btm_ble_process_adv_addr: bda=xx:xx:xx:xx:27:31
11-26 14:46:33.985 16232 16264 V bluetooth: system/gd/hci/le_scanning_reassembler.cc:62 ProcessAdvertisingReport: Dropping repeated legacy advertising data
11-26 14:46:33.985 16232 16264 V bluetooth: system/gd/hci/le_scanning_reassembler.cc:85 ProcessAdvertisingReport: Ignoring advertising report when scan response is expected or current data is marked incomplete
11-26 14:46:33.986 16232 16264 V bt_btm_ble: system/stack/btm/btm_ble_gap.cc:2015 btm_ble_process_adv_addr: bda=xx:xx:xx:xx:27:31
11-26 14:46:33.986 16232 16264 V bluetooth: system/gd/hci/le_scanning_reassembler.cc:96 ProcessAdvertisingReport: Full advertising report has been reassembled
11-26 14:46:33.986 16232 16259 V bt_btm_ble: system/stack/btm/btm_ble_gap.cc:1999 btm_ble_update_inq_result: NOT_BR/EDR support bit set, treat device as LE only
11-26 14:46:33.988 17761 17761 V jyq_helper: onLeScan(repeat,ignored): BE:28:4A:00:27:31 - 0201060f094d454c4b2d4f41323120202033310f094d454c4b2d4f4132312020203331000000000000000000000000000000000000000000000000000000
11-26 14:46:34.006 16232 16264 V bt_btm_ble: system/stack/btm/btm_ble_gap.cc:2015 btm_ble_process_adv_addr: bda=xx:xx:xx:xx:01:61
11-26 14:46:34.006 16232 16264 V bluetooth: system/gd/hci/le_scanning_reassembler.cc:62 ProcessAdvertisingReport: Dropping repeated legacy advertising data
11-26 14:46:34.006 16232 16264 V bluetooth: system/gd/hci/le_scanning_reassembler.cc:85 ProcessAdvertisingReport: Ignoring advertising report when scan response is expected or current data is marked incomplete
11-26 14:46:34.007 16232 16264 V bt_btm_ble: system/stack/btm/btm_ble_gap.cc:2015 btm_ble_process_adv_addr: bda=xx:xx:xx:xx:30:7f
11-26 14:46:34.007 16232 16264 V bluetooth: system/gd/hci/le_scanning_reassembler.cc:62 ProcessAdvertisingReport: Dropping repeated legacy advertising data
11-26 14:46:34.007 16232 16264 V bluetooth: system/gd/hci/le_scanning_reassembler.cc:85 ProcessAdvertisingReport: Ignoring advertising report when scan response is expected or current data is marked incomplete
11-26 14:46:34.007 16232 16264 V bt_btm_ble: system/stack/btm/btm_ble_gap.cc:2015 btm_ble_process_adv_addr: bda=xx:xx:xx:xx:30:7f
11-26 14:46:34.007 16232 16264 V bluetooth: system/gd/hci/le_scanning_reassembler.cc:96 ProcessAdvertisingReport: Full advertising report has been reassembled
11-26 14:46:34.007 16232 16259 V bt_btm_ble: system/stack/btm/btm_ble_gap.cc:1999 btm_ble_update_inq_result: NOT_BR/EDR support bit set, treat device as LE only
11-26 14:46:34.008 17761 17761 V jyq_helper: onLeScan(repeat,ignored): BE:28:4A:00:30:7F - 0201060f094d454c4b2d4f41323120202037460f094d454c4b2d4f4132312020203746000000000000000000000000000000000000000000000000000000
11-26 14:46:34.014 16232 16264 V bt_btm_ble: system/stack/btm/btm_ble_gap.cc:2015 btm_ble_process_adv_addr: bda=xx:xx:xx:xx:c6:62
11-26 14:46:34.014 16232 16264 V bluetooth: system/gd/hci/le_scanning_reassembler.cc:62 ProcessAdvertisingReport: Dropping repeated legacy advertising data
11-26 14:46:34.014 16232 16264 V bluetooth: system/gd/hci/le_scanning_reassembler.cc:85 ProcessAdvertisingReport: Ignoring advertising report when scan response is expected or current data is marked incomplete
11-26 14:46:34.015 16232 16264 V bt_btm_ble: system/stack/btm/btm_ble_gap.cc:2015 btm_ble_process_adv_addr: bda=xx:xx:xx:xx:c6:62
11-26 14:46:34.015 16232 16264 V bluetooth: system/gd/hci/le_scanning_reassembler.cc:96 ProcessAdvertisingReport: Full advertising report has been reassembled
11-26 14:46:34.015 16232 16259 V bt_btm_ble: system/stack/btm/btm_ble_gap.cc:1999 btm_ble_update_inq_result: NOT_BR/EDR support bit set, treat device as LE only
11-26 14:46:34.017 17761 17761 I jyq_helper: onLeScan: PROV_49C660v - 62 - 0201061107fb349b5f8000008000100000ffff00000d0950524f565f34394336363076000000000000000000000000000000000000000000000000000000
11-26 14:46:34.025 16232 16264 V bt_btm_ble: system/stack/btm/btm_ble_gap.cc:2015 btm_ble_process_adv_addr: bda=xx:xx:xx:xx:0b:2c
11-26 14:46:34.025 16232 16264 V bluetooth: system/gd/hci/le_scanning_reassembler.cc:62 ProcessAdvertisingReport: Dropping repeated legacy advertising data
11-26 14:46:34.025 16232 16264 V bluetooth: system/gd/hci/le_scanning_reassembler.cc:85 ProcessAdvertisingReport: Ignoring advertising report when scan response is expected or current data is marked incomplete
11-26 14:46:34.025 16232 16264 V bt_btm_ble: system/stack/btm/btm_ble_gap.cc:2015 btm_ble_process_adv_addr: bda=xx:xx:xx:xx:0b:2c
11-26 14:46:34.025 16232 16264 V bluetooth: system/gd/hci/le_scanning_reassembler.cc:96 ProcessAdvertisingReport: Full advertising report has been reassembled
11-26 14:46:34.026 16232 16259 V bt_btm_ble: system/stack/btm/btm_ble_gap.cc:1999 btm_ble_update_inq_result: NOT_BR/EDR support bit set, treat device as LE only
11-26 14:46:34.028 17761 17761 I jyq_helper: onLeScan: Govee_H605B_0B2C - 62 - 0201061109476f7665655f48363035425f3042324308ff0288ec000101011109476f7665655f48363035425f304232430000000000000000000000000000
11-26 14:46:34.036 16232 16264 V bt_btm_ble: system/stack/btm/btm_ble_gap.cc:2015 btm_ble_process_adv_addr: bda=xx:xx:xx:xx:47:35
11-26 14:46:34.036 16232 16264 V bluetooth: system/gd/hci/le_scanning_reassembler.cc:62 ProcessAdvertisingReport: Dropping repeated legacy advertising data
11-26 14:46:34.036 16232 16264 V bluetooth: system/gd/hci/le_scanning_reassembler.cc:85 ProcessAdvertisingReport: Ignoring advertising report when scan response is expected or current data is marked incomplete
11-26 14:46:34.037 16232 16264 V bt_btm_ble: system/stack/btm/btm_ble_gap.cc:2015 btm_ble_process_adv_addr: bda=xx:xx:xx:xx:47:35
11-26 14:46:34.037 16232 16264 V bluetooth: system/gd/hci/le_scanning_reassembler.cc:96 ProcessAdvertisingReport: Full advertising report has been reassembled
11-26 14:46:34.037 16232 16259 V bt_btm_ble: system/stack/btm/btm_ble_gap.cc:1999 btm_ble_update_inq_result: NOT_BR/EDR support bit set, treat device as LE only
11-26 14:46:34.040 17761 17761 V jyq_helper: onLeScan: null - 62 - 03039ffe17169ffe000000000000000000000000000000000000000009ffe0000a42ca3d3a0c000000000000000000000000000000000000000000000000
11-26 14:46:34.040 16232 16264 V bt_btm_ble: system/stack/btm/btm_ble_gap.cc:2015 btm_ble_process_adv_addr: bda=xx:xx:xx:xx:27:31
11-26 14:46:34.040 16232 16264 V bluetooth: system/gd/hci/le_scanning_reassembler.cc:62 ProcessAdvertisingReport: Dropping repeated legacy advertising data
11-26 14:46:34.040 16232 16264 V bluetooth: system/gd/hci/le_scanning_reassembler.cc:85 ProcessAdvertisingReport: Ignoring advertising report when scan response is expected or current data is marked incomplete
11-26 14:46:34.041 16232 16264 V bt_btm_ble: system/stack/btm/btm_ble_gap.cc:2015 btm_ble_process_adv_addr: bda=xx:xx:xx:xx:27:31
11-26 14:46:34.041 16232 16264 V bluetooth: system/gd/hci/le_scanning_reassembler.cc:96 ProcessAdvertisingReport: Full advertising report has been reassembled
11-26 14:46:34.041 16232 16259 V bt_btm_ble: system/stack/btm/btm_ble_gap.cc:1999 btm_ble_update_inq_result: NOT_BR/EDR support bit set, treat device as LE only
11-26 14:46:34.043 17761 17761 I jyq_helper: onLeScan: MELK-OA21   31 - 62 - 0201060f094d454c4b2d4f41323120202033310f094d454c4b2d4f4132312020203331000000000000000000000000000000000000000000000000000000
11-26 14:46:34.055 16232 16264 V bt_btm_ble: system/stack/btm/btm_ble_gap.cc:2015 btm_ble_process_adv_addr: bda=xx:xx:xx:xx:01:61
11-26 14:46:34.055 16232 16264 V bluetooth: system/gd/hci/le_scanning_reassembler.cc:62 ProcessAdvertisingReport: Dropping repeated legacy advertising data
11-26 14:46:34.055 16232 16264 V bluetooth: system/gd/hci/le_scanning_reassembler.cc:85 ProcessAdvertisingReport: Ignoring advertising report when scan response is expected or current data is marked incomplete
11-26 14:46:34.056 16232 16264 V bt_btm_ble: system/stack/btm/btm_ble_gap.cc:2015 btm_ble_process_adv_addr: bda=xx:xx:xx:xx:01:61
11-26 14:46:34.056 16232 16264 V bluetooth: system/gd/hci/le_scanning_reassembler.cc:96 ProcessAdvertisingReport: Full advertising report has been reassembled
11-26 14:46:34.056 16232 16259 V bt_btm_ble: system/stack/btm/btm_ble_gap.cc:1999 btm_ble_update_inq_result: NOT_BR/EDR support bit set, treat device as LE only
11-26 14:46:34.058 17761 17761 I jyq_helper: onLeScan: MELK-OA21   61 - 62 - 0201060f094d454c4b2d4f41323120202036310f094d454c4b2d4f4132312020203631000000000000000000000000000000000000000000000000000000
11-26 14:46:34.064 16232 16264 V bt_btm_ble: system/stack/btm/btm_ble_gap.cc:2015 btm_ble_process_adv_addr: bda=xx:xx:xx:xx:30:7f
11-26 14:46:34.064 16232 16264 V bluetooth: system/gd/hci/le_scanning_reassembler.cc:62 ProcessAdvertisingReport: Dropping repeated legacy advertising data
11-26 14:46:34.064 16232 16264 V bluetooth: system/gd/hci/le_scanning_reassembler.cc:85 ProcessAdvertisingReport: Ignoring advertising report when scan response is expected or current data is marked incomplete
11-26 14:46:34.064 16232 16264 V bt_btm_ble: system/stack/btm/btm_ble_gap.cc:2015 btm_ble_process_adv_addr: bda=xx:xx:xx:xx:30:7f
11-26 14:46:34.064 16232 16264 V bluetooth: system/gd/hci/le_scanning_reassembler.cc:96 ProcessAdvertisingReport: Full advertising report has been reassembled
11-26 14:46:34.064 16232 16259 V bt_btm_ble: system/stack/btm/btm_ble_gap.cc:1999 btm_ble_update_inq_result: NOT_BR/EDR support bit set, treat device as LE only
11-26 14:46:34.065 17761 17761 I jyq_helper: onLeScan: MELK-OA21   7F - 62 - 0201060f094d454c4b2d4f41323120202037460f094d454c4b2d4f4132312020203746000000000000000000000000000000000000000000000000000000
11-26 14:46:34.071 16232 16264 V bt_btm_ble: system/stack/btm/btm_ble_gap.cc:2015 btm_ble_process_adv_addr: bda=xx:xx:xx:xx:10:7e
11-26 14:46:34.071 16232 16264 V bluetooth: system/gd/hci/le_scanning_reassembler.cc:62 ProcessAdvertisingReport: Dropping repeated legacy advertising data
11-26 14:46:34.071 16232 16264 V bluetooth: system/gd/hci/le_scanning_reassembler.cc:96 ProcessAdvertisingReport: Full advertising report has been reassembled
11-26 14:46:34.071 16232 16259 V bt_btm_ble: system/stack/btm/btm_ble_gap.cc:1999 btm_ble_update_inq_result: NOT_BR/EDR support bit set, treat device as LE only
11-26 14:46:34.072 17761 17761 V jyq_helper: onLeScan: null - 62 - 1eff060001092022526397490d9588f19cedb6fc893eb28dc2d675bce3132000000000000000000000000000000000000000000000000000000000000000
11-26 14:46:34.115 16232 16264 V bt_btm_ble: system/stack/btm/btm_ble_gap.cc:2015 btm_ble_process_adv_addr: bda=xx:xx:xx:xx:01:61
11-26 14:46:34.115 16232 16264 V bluetooth: system/gd/hci/le_scanning_reassembler.cc:62 ProcessAdvertisingReport: Dropping repeated legacy advertising data
11-26 14:46:34.116 16232 16264 V bluetooth: system/gd/hci/le_scanning_reassembler.cc:85 ProcessAdvertisingReport: Ignoring advertising report when scan response is expected or current data is marked incomplete
11-26 14:46:34.116 16232 16264 V bt_btm_ble: system/stack/btm/btm_ble_gap.cc:2015 btm_ble_process_adv_addr: bda=xx:xx:xx:xx:01:61
11-26 14:46:34.116 16232 16264 V bluetooth: system/gd/hci/le_scanning_reassembler.cc:96 ProcessAdvertisingReport: Full advertising report has been reassembled
11-26 14:46:34.116 16232 16259 V bt_btm_ble: system/stack/btm/btm_ble_gap.cc:1999 btm_ble_update_inq_result: NOT_BR/EDR support bit set, treat device as LE only
11-26 14:46:34.117 17761 17761 V jyq_helper: onLeScan(repeat,ignored): BE:28:4A:00:01:61 - 0201060f094d454c4b2d4f41323120202036310f094d454c4b2d4f4132312020203631000000000000000000000000000000000000000000000000000000
11-26 14:46:34.118 16232 16264 V bt_btm_ble: system/stack/btm/btm_ble_gap.cc:2015 btm_ble_process_adv_addr: bda=xx:xx:xx:xx:19:7f
11-26 14:46:34.118 16232 16264 V bluetooth: system/gd/hci/le_scanning_reassembler.cc:62 ProcessAdvertisingReport: Dropping repeated legacy advertising data
11-26 14:46:34.118 16232 16264 V bluetooth: system/gd/hci/le_scanning_reassembler.cc:96 ProcessAdvertisingReport: Full advertising report has been reassembled
11-26 14:46:34.118 16232 16259 V bt_btm_ble: system/stack/btm/btm_ble_gap.cc:1999 btm_ble_update_inq_result: NOT_BR/EDR support bit set, treat device as LE only
11-26 14:46:34.120 17761 17761 V jyq_helper: onLeScan: null - 62 - 1bff750042040180a0fcf13675197ffef13675197e017f030000000000000000000000000000000000000000000000000000000000000000000000000000
11-26 14:46:34.123 16232 16264 V bt_btm_ble: system/stack/btm/btm_ble_gap.cc:2015 btm_ble_process_adv_addr: bda=xx:xx:xx:xx:30:7f
11-26 14:46:34.123 16232 16264 V bluetooth: system/gd/hci/le_scanning_reassembler.cc:62 ProcessAdvertisingReport: Dropping repeated legacy advertising data
11-26 14:46:34.123 16232 16264 V bluetooth: system/gd/hci/le_scanning_reassembler.cc:85 ProcessAdvertisingReport: Ignoring advertising report when scan response is expected or current data is marked incomplete
11-26 14:46:34.123 16232 16264 V bt_btm_ble: system/stack/btm/btm_ble_gap.cc:2015 btm_ble_process_adv_addr: bda=xx:xx:xx:xx:30:7f
11-26 14:46:34.123 16232 16264 V bluetooth: system/gd/hci/le_scanning_reassembler.cc:96 ProcessAdvertisingReport: Full advertising report has been reassembled
11-26 14:46:34.123 16232 16259 V bt_btm_ble: system/stack/btm/btm_ble_gap.cc:1999 btm_ble_update_inq_result: NOT_BR/EDR support bit set, treat device as LE only
11-26 14:46:34.125 17761 17761 V jyq_helper: onLeScan(repeat,ignored): BE:28:4A:00:30:7F - 0201060f094d454c4b2d4f41323120202037460f094d454c4b2d4f4132312020203746000000000000000000000000000000000000000000000000000000
11-26 14:46:34.130 16232 16264 V bt_btm_ble: system/stack/btm/btm_ble_gap.cc:2015 btm_ble_process_adv_addr: bda=xx:xx:xx:xx:0b:2c
11-26 14:46:34.130 16232 16264 V bluetooth: system/gd/hci/le_scanning_reassembler.cc:62 ProcessAdvertisingReport: Dropping repeated legacy advertising data
11-26 14:46:34.130 16232 16264 V bluetooth: system/gd/hci/le_scanning_reassembler.cc:85 ProcessAdvertisingReport: Ignoring advertising report when scan response is expected or current data is marked incomplete
11-26 14:46:34.131 16232 16264 V bt_btm_ble: system/stack/btm/btm_ble_gap.cc:2015 btm_ble_process_adv_addr: bda=xx:xx:xx:xx:0b:2c
11-26 14:46:34.131 16232 16264 V bluetooth: system/gd/hci/le_scanning_reassembler.cc:96 ProcessAdvertisingReport: Full advertising report has been reassembled
11-26 14:46:34.131 16232 16259 V bt_btm_ble: system/stack/btm/btm_ble_gap.cc:1999 btm_ble_update_inq_result: NOT_BR/EDR support bit set, treat device as LE only
11-26 14:46:34.132 17761 17761 I jyq_helper: onLeScan: Govee_H605B_0B2C - 62 - 0201061109476f7665655f48363035425f3042324308ff0288ec000101011109476f7665655f48363035425f304232430000000000000000000000000000
11-26 14:46:34.172 16232 16264 V bt_btm_ble: system/stack/btm/btm_ble_gap.cc:2015 btm_ble_process_adv_addr: bda=xx:xx:xx:xx:27:31
11-26 14:46:34.172 16232 16264 V bluetooth: system/gd/hci/le_scanning_reassembler.cc:62 ProcessAdvertisingReport: Dropping repeated legacy advertising data
11-26 14:46:34.173 16232 16264 V bluetooth: system/gd/hci/le_scanning_reassembler.cc:85 ProcessAdvertisingReport: Ignoring advertising report when scan response is expected or current data is marked incomplete
11-26 14:46:34.173 16232 16264 V bt_btm_ble: system/stack/btm/btm_ble_gap.cc:2015 btm_ble_process_adv_addr: bda=xx:xx:xx:xx:30:7f
11-26 14:46:34.173 16232 16264 V bluetooth: system/gd/hci/le_scanning_reassembler.cc:62 ProcessAdvertisingReport: Dropping repeated legacy advertising data
11-26 14:46:34.173 16232 16264 V bluetooth: system/gd/hci/le_scanning_reassembler.cc:85 ProcessAdvertisingReport: Ignoring advertising report when scan response is expected or current data is marked incomplete
11-26 14:46:34.173 16232 16264 V bt_btm_ble: system/stack/btm/btm_ble_gap.cc:2015 btm_ble_process_adv_addr: bda=xx:xx:xx:xx:30:7f
11-26 14:46:34.173 16232 16264 V bluetooth: system/gd/hci/le_scanning_reassembler.cc:96 ProcessAdvertisingReport: Full advertising report has been reassembled
11-26 14:46:34.173 16232 16259 V bt_btm_ble: system/stack/btm/btm_ble_gap.cc:1999 btm_ble_update_inq_result: NOT_BR/EDR support bit set, treat device as LE only
11-26 14:46:34.174 16232 16264 V bt_btm_ble: system/stack/btm/btm_ble_gap.cc:2015 btm_ble_process_adv_addr: bda=xx:xx:xx:xx:10:7e
11-26 14:46:34.174 16232 16264 V bluetooth: system/gd/hci/le_scanning_reassembler.cc:62 ProcessAdvertisingReport: Dropping repeated legacy advertising data
11-26 14:46:34.174 16232 16264 V bluetooth: system/gd/hci/le_scanning_reassembler.cc:96 ProcessAdvertisingReport: Full advertising report has been reassembled
11-26 14:46:34.175 16232 16259 V bt_btm_ble: system/stack/btm/btm_ble_gap.cc:1999 btm_ble_update_inq_result: NOT_BR/EDR support bit set, treat device as LE only
11-26 14:46:34.175 17761 17761 V jyq_helper: onLeScan(repeat,ignored): BE:28:4A:00:30:7F - 0201060f094d454c4b2d4f41323120202037460f094d454c4b2d4f4132312020203746000000000000000000000000000000000000000000000000000000
11-26 14:46:34.176 17761 17761 V jyq_helper: onLeScan(repeat,ignored): 26:A3:8A:9C:10:7E - 1eff060001092022526397490d9588f19cedb6fc893eb28dc2d675bce3132000000000000000000000000000000000000000000000000000000000000000
11-26 14:46:34.177 16232 16264 V bt_btm_ble: system/stack/btm/btm_ble_gap.cc:2015 btm_ble_process_adv_addr: bda=xx:xx:xx:xx:01:61
11-26 14:46:34.177 16232 16264 V bluetooth: system/gd/hci/le_scanning_reassembler.cc:62 ProcessAdvertisingReport: Dropping repeated legacy advertising data
11-26 14:46:34.177 16232 16264 V bluetooth: system/gd/hci/le_scanning_reassembler.cc:85 ProcessAdvertisingReport: Ignoring advertising report when scan response is expected or current data is marked incomplete
11-26 14:46:34.177 16232 16264 V bt_btm_ble: system/stack/btm/btm_ble_gap.cc:2015 btm_ble_process_adv_addr: bda=xx:xx:xx:xx:01:61
11-26 14:46:34.177 16232 16264 V bluetooth: system/gd/hci/le_scanning_reassembler.cc:96 ProcessAdvertisingReport: Full advertising report has been reassembled
11-26 14:46:34.177 16232 16259 V bt_btm_ble: system/stack/btm/btm_ble_gap.cc:1999 btm_ble_update_inq_result: NOT_BR/EDR support bit set, treat device as LE only
11-26 14:46:34.180 17761 17761 V jyq_helper: onLeScan(repeat,ignored): BE:28:4A:00:01:61 - 0201060f094d454c4b2d4f41323120202036310f094d454c4b2d4f4132312020203631000000000000000000000000000000000000000000000000000000
11-26 14:46:34.182 16232 16264 V bt_btm_ble: system/stack/btm/btm_ble_gap.cc:2015 btm_ble_process_adv_addr: bda=xx:xx:xx:xx:c6:62
11-26 14:46:34.182 16232 16264 V bluetooth: system/gd/hci/le_scanning_reassembler.cc:62 ProcessAdvertisingReport: Dropping repeated legacy advertising data
11-26 14:46:34.182 16232 16264 V bluetooth: system/gd/hci/le_scanning_reassembler.cc:85 ProcessAdvertisingReport: Ignoring advertising report when scan response is expected or current data is marked incomplete
11-26 14:46:34.182 16232 16264 V bt_btm_ble: system/stack/btm/btm_ble_gap.cc:2015 btm_ble_process_adv_addr: bda=xx:xx:xx:xx:c6:62
11-26 14:46:34.182 16232 16264 V bluetooth: system/gd/hci/le_scanning_reassembler.cc:96 ProcessAdvertisingReport: Full advertising report has been reassembled
11-26 14:46:34.182 16232 16259 V bt_btm_ble: system/stack/btm/btm_ble_gap.cc:1999 btm_ble_update_inq_result: NOT_BR/EDR support bit set, treat device as LE only
11-26 14:46:34.184 17761 17761 I jyq_helper: onLeScan: PROV_49C660v - 62 - 0201061107fb349b5f8000008000100000ffff00000d0950524f565f34394336363076000000000000000000000000000000000000000000000000000000
11-26 14:46:34.210 16232 16264 V bt_btm_ble: system/stack/btm/btm_ble_gap.cc:2015 btm_ble_process_adv_addr: bda=xx:xx:xx:xx:27:31
11-26 14:46:34.210 16232 16264 V bluetooth: system/gd/hci/le_scanning_reassembler.cc:62 ProcessAdvertisingReport: Dropping repeated legacy advertising data
11-26 14:46:34.210 16232 16264 V bluetooth: system/gd/hci/le_scanning_reassembler.cc:85 ProcessAdvertisingReport: Ignoring advertising report when scan response is expected or current data is marked incomplete
11-26 14:46:34.210 16232 16264 V bt_btm_ble: system/stack/btm/btm_ble_gap.cc:2015 btm_ble_process_adv_addr: bda=xx:xx:xx:xx:27:31
11-26 14:46:34.210 16232 16264 V bluetooth: system/gd/hci/le_scanning_reassembler.cc:96 ProcessAdvertisingReport: Full advertising report has been reassembled
11-26 14:46:34.210 16232 16259 V bt_btm_ble: system/stack/btm/btm_ble_gap.cc:1999 btm_ble_update_inq_result: NOT_BR/EDR support bit set, treat device as LE only
11-26 14:46:34.213 17761 17761 I jyq_helper: onLeScan: MELK-OA21   31 - 62 - 0201060f094d454c4b2d4f41323120202033310f094d454c4b2d4f4132312020203331000000000000000000000000000000000000000000000000000000
11-26 14:46:34.225 16232 16264 V bt_btm_ble: system/stack/btm/btm_ble_gap.cc:2015 btm_ble_process_adv_addr: bda=xx:xx:xx:xx:30:7f
11-26 14:46:34.225 16232 16264 V bluetooth: system/gd/hci/le_scanning_reassembler.cc:62 ProcessAdvertisingReport: Dropping repeated legacy advertising data
11-26 14:46:34.225 16232 16264 V bluetooth: system/gd/hci/le_scanning_reassembler.cc:85 ProcessAdvertisingReport: Ignoring advertising report when scan response is expected or current data is marked incomplete
11-26 14:46:34.226 16232 16264 V bt_btm_ble: system/stack/btm/btm_ble_gap.cc:2015 btm_ble_process_adv_addr: bda=xx:xx:xx:xx:30:7f
11-26 14:46:34.226 16232 16264 V bluetooth: system/gd/hci/le_scanning_reassembler.cc:96 ProcessAdvertisingReport: Full advertising report has been reassembled
11-26 14:46:34.227 16232 16259 V bt_btm_ble: system/stack/btm/btm_ble_gap.cc:1999 btm_ble_update_inq_result: NOT_BR/EDR support bit set, treat device as LE only
11-26 14:46:34.229 17761 17761 I jyq_helper: onLeScan: MELK-OA21   7F - 62 - 0201060f094d454c4b2d4f41323120202037460f094d454c4b2d4f4132312020203746000000000000000000000000000000000000000000000000000000
11-26 14:46:34.251 16232 16264 V bt_btm_ble: system/stack/btm/btm_ble_gap.cc:2015 btm_ble_process_adv_addr: bda=xx:xx:xx:xx:01:61
11-26 14:46:34.251 16232 16264 V bluetooth: system/gd/hci/le_scanning_reassembler.cc:62 ProcessAdvertisingReport: Dropping repeated legacy advertising data
11-26 14:46:34.251 16232 16264 V bluetooth: system/gd/hci/le_scanning_reassembler.cc:85 ProcessAdvertisingReport: Ignoring advertising report when scan response is expected or current data is marked incomplete
11-26 14:46:34.251 16232 16264 V bt_btm_ble: system/stack/btm/btm_ble_gap.cc:2015 btm_ble_process_adv_addr: bda=xx:xx:xx:xx:54:43
11-26 14:46:34.251 16232 16264 V bluetooth: system/gd/hci/le_scanning_reassembler.cc:62 ProcessAdvertisingReport: Dropping repeated legacy advertising data
11-26 14:46:34.251 16232 16264 V bluetooth: system/gd/hci/le_scanning_reassembler.cc:96 ProcessAdvertisingReport: Full advertising report has been reassembled
11-26 14:46:34.252 16232 16259 V bt_btm_ble: system/stack/btm/btm_ble_gap.cc:1999 btm_ble_update_inq_result: NOT_BR/EDR support bit set, treat device as LE only
11-26 14:46:34.254 17761 17761 V jyq_helper: onLeScan: null - 62 - 1eff060001092022f310aec6c0b685f72a2d75a4fd9922f3acf10a152a714700000000000000000000000000000000000000000000000000000000000000
11-26 14:46:34.282 16232 16264 V bt_btm_ble: system/stack/btm/btm_ble_gap.cc:2015 btm_ble_process_adv_addr: bda=xx:xx:xx:xx:30:7f
11-26 14:46:34.282 16232 16264 V bluetooth: system/gd/hci/le_scanning_reassembler.cc:62 ProcessAdvertisingReport: Dropping repeated legacy advertising data
11-26 14:46:34.282 16232 16264 V bluetooth: system/gd/hci/le_scanning_reassembler.cc:85 ProcessAdvertisingReport: Ignoring advertising report when scan response is expected or current data is marked incomplete
11-26 14:46:34.283 16232 16264 V bt_btm_ble: system/stack/btm/btm_ble_gap.cc:2015 btm_ble_process_adv_addr: bda=xx:xx:xx:xx:30:7f
11-26 14:46:34.283 16232 16264 V bluetooth: system/gd/hci/le_scanning_reassembler.cc:96 ProcessAdvertisingReport: Full advertising report has been reassembled
11-26 14:46:34.283 16232 16259 V bt_btm_ble: system/stack/btm/btm_ble_gap.cc:1999 btm_ble_update_inq_result: NOT_BR/EDR support bit set, treat device as LE only
11-26 14:46:34.283 16232 16264 V bt_btm_ble: system/stack/btm/btm_ble_gap.cc:2015 btm_ble_process_adv_addr: bda=xx:xx:xx:xx:10:7e
11-26 14:46:34.283 16232 16264 V bluetooth: system/gd/hci/le_scanning_reassembler.cc:62 ProcessAdvertisingReport: Dropping repeated legacy advertising data
11-26 14:46:34.283 16232 16264 V bluetooth: system/gd/hci/le_scanning_reassembler.cc:96 ProcessAdvertisingReport: Full advertising report has been reassembled
11-26 14:46:34.283 16232 16259 V bt_btm_ble: system/stack/btm/btm_ble_gap.cc:1999 btm_ble_update_inq_result: NOT_BR/EDR support bit set, treat device as LE only
11-26 14:46:34.285 17761 17761 V jyq_helper: onLeScan(repeat,ignored): BE:28:4A:00:30:7F - 0201060f094d454c4b2d4f41323120202037460f094d454c4b2d4f4132312020203746000000000000000000000000000000000000000000000000000000
11-26 14:46:34.287 17761 17761 V jyq_helper: onLeScan: null - 62 - 1eff060001092022526397490d9588f19cedb6fc893eb28dc2d675bce3132000000000000000000000000000000000000000000000000000000000000000
11-26 14:46:34.289 16232 16264 V bt_btm_ble: system/stack/btm/btm_ble_gap.cc:2015 btm_ble_process_adv_addr: bda=xx:xx:xx:xx:01:61
11-26 14:46:34.289 16232 16264 V bluetooth: system/gd/hci/le_scanning_reassembler.cc:62 ProcessAdvertisingReport: Dropping repeated legacy advertising data
11-26 14:46:34.289 16232 16264 V bluetooth: system/gd/hci/le_scanning_reassembler.cc:85 ProcessAdvertisingReport: Ignoring advertising report when scan response is expected or current data is marked incomplete
11-26 14:46:34.290 16232 16264 V bt_btm_ble: system/stack/btm/btm_ble_gap.cc:2015 btm_ble_process_adv_addr: bda=xx:xx:xx:xx:47:35
11-26 14:46:34.290 16232 16264 V bluetooth: system/gd/hci/le_scanning_reassembler.cc:62 ProcessAdvertisingReport: Dropping repeated legacy advertising data
11-26 14:46:34.290 16232 16264 V bluetooth: system/gd/hci/le_scanning_reassembler.cc:85 ProcessAdvertisingReport: Ignoring advertising report when scan response is expected or current data is marked incomplete
11-26 14:46:34.290 16232 16264 V bt_btm_ble: system/stack/btm/btm_ble_gap.cc:2015 btm_ble_process_adv_addr: bda=xx:xx:xx:xx:47:35
11-26 14:46:34.290 16232 16264 V bluetooth: system/gd/hci/le_scanning_reassembler.cc:96 ProcessAdvertisingReport: Full advertising report has been reassembled
11-26 14:46:34.290 16232 16259 V bt_btm_ble: system/stack/btm/btm_ble_gap.cc:1999 btm_ble_update_inq_result: NOT_BR/EDR support bit set, treat device as LE only
11-26 14:46:34.293 17761 17761 V jyq_helper: onLeScan: null - 62 - 03039ffe17169ffe000000000000000000000000000000000000000009ffe0000a42ca3d3a0c000000000000000000000000000000000000000000000000
11-26 14:46:34.323 16232 16264 V bt_btm_ble: system/stack/btm/btm_ble_gap.cc:2015 btm_ble_process_adv_addr: bda=xx:xx:xx:xx:27:31
11-26 14:46:34.323 16232 16264 V bluetooth: system/gd/hci/le_scanning_reassembler.cc:62 ProcessAdvertisingReport: Dropping repeated legacy advertising data
11-26 14:46:34.323 16232 16264 V bluetooth: system/gd/hci/le_scanning_reassembler.cc:85 ProcessAdvertisingReport: Ignoring advertising report when scan response is expected or current data is marked incomplete
11-26 14:46:34.324 16232 16264 V bt_btm_ble: system/stack/btm/btm_ble_gap.cc:2015 btm_ble_process_adv_addr: bda=xx:xx:xx:xx:27:31
11-26 14:46:34.324 16232 16264 V bluetooth: system/gd/hci/le_scanning_reassembler.cc:96 ProcessAdvertisingReport: Full advertising report has been reassembled
11-26 14:46:34.324 16232 16259 V bt_btm_ble: system/stack/btm/btm_ble_gap.cc:1999 btm_ble_update_inq_result: NOT_BR/EDR support bit set, treat device as LE only
11-26 14:46:34.325 17761 17761 V jyq_helper: onLeScan(repeat,ignored): BE:28:4A:00:27:31 - 0201060f094d454c4b2d4f41323120202033310f094d454c4b2d4f4132312020203331000000000000000000000000000000000000000000000000000000
11-26 14:46:34.354 16232 16264 V bt_btm_ble: system/stack/btm/btm_ble_gap.cc:2015 btm_ble_process_adv_addr: bda=xx:xx:xx:xx:01:61
11-26 14:46:34.355 16232 16264 V bluetooth: system/gd/hci/le_scanning_reassembler.cc:62 ProcessAdvertisingReport: Dropping repeated legacy advertising data
11-26 14:46:34.355 16232 16264 V bluetooth: system/gd/hci/le_scanning_reassembler.cc:85 ProcessAdvertisingReport: Ignoring advertising report when scan response is expected or current data is marked incomplete
11-26 14:46:34.355 16232 16264 V bt_btm_ble: system/stack/btm/btm_ble_gap.cc:2015 btm_ble_process_adv_addr: bda=xx:xx:xx:xx:54:43
11-26 14:46:34.355 16232 16264 V bluetooth: system/gd/hci/le_scanning_reassembler.cc:62 ProcessAdvertisingReport: Dropping repeated legacy advertising data
11-26 14:46:34.355 16232 16264 V bluetooth: system/gd/hci/le_scanning_reassembler.cc:96 ProcessAdvertisingReport: Full advertising report has been reassembled
11-26 14:46:34.355 16232 16259 V bt_btm_ble: system/stack/btm/btm_ble_gap.cc:1999 btm_ble_update_inq_result: NOT_BR/EDR support bit set, treat device as LE only
11-26 14:46:34.356 17761 17761 V jyq_helper: onLeScan(repeat,ignored): 05:95:8E:AA:54:43 - 1eff060001092022f310aec6c0b685f72a2d75a4fd9922f3acf10a152a714700000000000000000000000000000000000000000000000000000000000000
11-26 14:46:34.359 17761 30634 I jyq_helper: getPayloadWithInnerRetry---> payload:000000000000000000000000,  key: 
11-26 14:46:34.359 17761 30634 I jyq_helper: getPayloadWithInnerRetry---> mSendCnt:146,  sSendSeq:30,  seq:30
11-26 14:46:34.359 17761 30634 W jyq_forward: flag: 0
11-26 14:46:34.359 17761 17779 D jyq_helper: doStopSend().stopAdvertising--->
11-26 14:46:34.360 17761 17779 I jyq_helper: send---> payload:5e2884d95e367bc45e367bc45e367bc4, calculatedPayload:6db64368931d0d1b5c63c63e5f0f65ca0a67aa63130b8d3b, len:24
11-26 14:46:34.360 17761 17779 D BluetoothAdapter: isLeEnabled(): ON
11-26 14:46:34.360 17761 17779 D BluetoothAdapter: isLeEnabled(): ON
11-26 14:46:34.361  2309  2309 I SurfaceFlinger: [com.brgd.brblmesh/com.brgd.brblmesh.Main.Activity.ScanDeviceActivity$_17761#24038] setFrameRateCategory: NoPreference
11-26 14:46:34.362 16232 16403 E BtGatt.AdvertiseManager: [GSIM LOG]: gsimLogHandler, msg: MESSAGE_ADV_SET_STOP, appName: com.brgd.brblmesh, id: 4, isLegacy: true
11-26 14:46:34.365 16232 16264 I bluetooth: system/gd/hci/le_advertising_manager.cc:1307 enable_advertiser: advertiser_id=4
11-26 14:46:34.370 16232 16264 V bt_btm_ble: system/stack/btm/btm_ble_gap.cc:2015 btm_ble_process_adv_addr: bda=xx:xx:xx:xx:7e:a7
11-26 14:46:34.370 16232 16264 V bluetooth: system/gd/hci/le_scanning_reassembler.cc:62 ProcessAdvertisingReport: Dropping repeated legacy advertising data
11-26 14:46:34.370 16232 16264 V bluetooth: system/gd/hci/le_scanning_reassembler.cc:85 ProcessAdvertisingReport: Ignoring advertising report when scan response is expected or current data is marked incomplete
11-26 14:46:34.371 16232 16264 V bt_btm_ble: system/stack/btm/btm_ble_gap.cc:2015 btm_ble_process_adv_addr: bda=xx:xx:xx:xx:7e:a7
11-26 14:46:34.371 16232 16264 V bluetooth: system/gd/hci/le_scanning_reassembler.cc:96 ProcessAdvertisingReport: Full advertising report has been reassembled
11-26 14:46:34.371 16232 16259 V bt_btm_ble: system/stack/btm/btm_ble_gap.cc:1996 btm_ble_update_inq_result: Random address, treat device as LE only
11-26 14:46:34.372 16232 16403 E BtGatt.AdvertiseManager: [GSIM LOG]: gsimLogHandler, msg: MESSAGE_ADV_SET_START, appName: com.brgd.brblmesh, id: 4, isLegacy: true
11-26 14:46:34.373 17761 17761 V jyq_helper: onLeScan: null - 62 - 1eff4c000719050055100000010ab0bd682a5890905be618dcff85e83aa11e00000000000000000000000000000000000000000000000000000000000000
11-26 14:46:34.373 17761 17761 D jyq_helper: Advertise start succeeds: Settings [mAdvertiseMode=2, mAdvertiseTxPowerLevel=3, mAdvertiseConnectable=true, mAdvertiseDiscoverable=true, mAdvertiseTimeoutMillis=0, mOwnAddressType=-1]
11-26 14:46:34.378 16232 16264 V bt_btm_ble: system/stack/btm/btm_ble_gap.cc:2015 btm_ble_process_adv_addr: bda=xx:xx:xx:xx:27:31
11-26 14:46:34.379 16232 16264 V bluetooth: system/gd/hci/le_scanning_reassembler.cc:62 ProcessAdvertisingReport: Dropping repeated legacy advertising data
11-26 14:46:34.379 16232 16264 V bluetooth: system/gd/hci/le_scanning_reassembler.cc:85 ProcessAdvertisingReport: Ignoring advertising report when scan response is expected or current data is marked incomplete
11-26 14:46:34.379 16232 16264 V bt_btm_ble: system/stack/btm/btm_ble_gap.cc:2015 btm_ble_process_adv_addr: bda=xx:xx:xx:xx:27:31
11-26 14:46:34.379 16232 16264 V bluetooth: system/gd/hci/le_scanning_reassembler.cc:96 ProcessAdvertisingReport: Full advertising report has been reassembled
11-26 14:46:34.379 16232 16259 V bt_btm_ble: system/stack/btm/btm_ble_gap.cc:1999 btm_ble_update_inq_result: NOT_BR/EDR support bit set, treat device as LE only
11-26 14:46:34.380 17761 17761 I jyq_helper: onLeScan: MELK-OA21   31 - 62 - 0201060f094d454c4b2d4f41323120202033310f094d454c4b2d4f4132312020203331000000000000000000000000000000000000000000000000000000
11-26 14:46:34.383 16232 16264 V bt_btm_ble: system/stack/btm/btm_ble_gap.cc:2015 btm_ble_process_adv_addr: bda=xx:xx:xx:xx:10:7e
11-26 14:46:34.383 16232 16264 V bluetooth: system/gd/hci/le_scanning_reassembler.cc:62 ProcessAdvertisingReport: Dropping repeated legacy advertising data
11-26 14:46:34.383 16232 16264 V bluetooth: system/gd/hci/le_scanning_reassembler.cc:96 ProcessAdvertisingReport: Full advertising report has been reassembled
11-26 14:46:34.383 16232 16259 V bt_btm_ble: system/stack/btm/btm_ble_gap.cc:1999 btm_ble_update_inq_result: NOT_BR/EDR support bit set, treat device as LE only
11-26 14:46:34.383 17761 17761 V jyq_helper: onLeScan(repeat,ignored): 26:A3:8A:9C:10:7E - 1eff060001092022526397490d9588f19cedb6fc893eb28dc2d675bce3132000000000000000000000000000000000000000000000000000000000000000
11-26 14:46:34.392 16232 16264 V bt_btm_ble: system/stack/btm/btm_ble_gap.cc:2015 btm_ble_process_adv_addr: bda=xx:xx:xx:xx:30:7f
11-26 14:46:34.392 16232 16264 V bluetooth: system/gd/hci/le_scanning_reassembler.cc:62 ProcessAdvertisingReport: Dropping repeated legacy advertising data
11-26 14:46:34.392 16232 16264 V bluetooth: system/gd/hci/le_scanning_reassembler.cc:85 ProcessAdvertisingReport: Ignoring advertising report when scan response is expected or current data is marked incomplete
11-26 14:46:34.392 16232 16264 V bt_btm_ble: system/stack/btm/btm_ble_gap.cc:2015 btm_ble_process_adv_addr: bda=xx:xx:xx:xx:30:7f
11-26 14:46:34.392 16232 16264 V bluetooth: system/gd/hci/le_scanning_reassembler.cc:96 ProcessAdvertisingReport: Full advertising report has been reassembled
11-26 14:46:34.392 16232 16259 V bt_btm_ble: system/stack/btm/btm_ble_gap.cc:1999 btm_ble_update_inq_result: NOT_BR/EDR support bit set, treat device as LE only
11-26 14:46:34.395 17761 17761 I jyq_helper: onLeScan: MELK-OA21   7F - 62 - 0201060f094d454c4b2d4f41323120202037460f094d454c4b2d4f4132312020203746000000000000000000000000000000000000000000000000000000
11-26 14:46:34.395 16232 16264 V bt_btm_ble: system/stack/btm/btm_ble_gap.cc:2015 btm_ble_process_adv_addr: bda=xx:xx:xx:xx:01:61
11-26 14:46:34.395 16232 16264 V bluetooth: system/gd/hci/le_scanning_reassembler.cc:62 ProcessAdvertisingReport: Dropping repeated legacy advertising data
11-26 14:46:34.395 16232 16264 V bluetooth: system/gd/hci/le_scanning_reassembler.cc:85 ProcessAdvertisingReport: Ignoring advertising report when scan response is expected or current data is marked incomplete
11-26 14:46:34.396 16232 16264 V bt_btm_ble: system/stack/btm/btm_ble_gap.cc:2015 btm_ble_process_adv_addr: bda=xx:xx:xx:xx:01:61
11-26 14:46:34.396 16232 16264 V bluetooth: system/gd/hci/le_scanning_reassembler.cc:96 ProcessAdvertisingReport: Full advertising report has been reassembled
11-26 14:46:34.396 16232 16259 V bt_btm_ble: system/stack/btm/btm_ble_gap.cc:1999 btm_ble_update_inq_result: NOT_BR/EDR support bit set, treat device as LE only
11-26 14:46:34.398 17761 17761 I jyq_helper: onLeScan: MELK-OA21   61 - 62 - 0201060f094d454c4b2d4f41323120202036310f094d454c4b2d4f4132312020203631000000000000000000000000000000000000000000000000000000
11-26 14:46:34.423 16232 16264 V bt_btm_ble: system/stack/btm/btm_ble_gap.cc:2015 btm_ble_process_adv_addr: bda=xx:xx:xx:xx:19:7f
11-26 14:46:34.423 16232 16264 V bluetooth: system/gd/hci/le_scanning_reassembler.cc:62 ProcessAdvertisingReport: Dropping repeated legacy advertising data
11-26 14:46:34.423 16232 16264 V bluetooth: system/gd/hci/le_scanning_reassembler.cc:96 ProcessAdvertisingReport: Full advertising report has been reassembled
11-26 14:46:34.423 16232 16259 V bt_btm_ble: system/stack/btm/btm_ble_gap.cc:1999 btm_ble_update_inq_result: NOT_BR/EDR support bit set, treat device as LE only
11-26 14:46:34.425 17761 17761 V jyq_helper: onLeScan: null - 62 - 1bff750042040180a0fcf13675197ffef13675197e017f030000000000000000000000000000000000000000000000000000000000000000000000000000
11-26 14:46:34.427 16232 16264 V bt_btm_ble: system/stack/btm/btm_ble_gap.cc:2015 btm_ble_process_adv_addr: bda=xx:xx:xx:xx:57:e2
11-26 14:46:34.427 16232 16264 V bluetooth: system/gd/hci/le_scanning_reassembler.cc:62 ProcessAdvertisingReport: Dropping repeated legacy advertising data
11-26 14:46:34.427 16232 16264 V bluetooth: system/gd/hci/le_scanning_reassembler.cc:85 ProcessAdvertisingReport: Ignoring advertising report when scan response is expected or current data is marked incomplete
11-26 14:46:34.427 16232 16264 V bt_btm_ble: system/stack/btm/btm_ble_gap.cc:2015 btm_ble_process_adv_addr: bda=xx:xx:xx:xx:57:e2
11-26 14:46:34.427 16232 16264 V bluetooth: system/gd/hci/le_scanning_reassembler.cc:96 ProcessAdvertisingReport: Full advertising report has been reassembled
11-26 14:46:34.427 16232 16259 V bt_btm_ble: system/stack/btm/btm_ble_gap.cc:1999 btm_ble_update_inq_result: NOT_BR/EDR support bit set, treat device as LE only
11-26 14:46:34.429 17761 17761 I jyq_helper: onLeScan: PROV_B957E0v - 62 - 0201061107fb349b5f8000008000100000ffff00000d0950524f565f42393537453076000000000000000000000000000000000000000000000000000000
11-26 14:46:34.461 16232 16264 V bt_btm_ble: system/stack/btm/btm_ble_gap.cc:2015 btm_ble_process_adv_addr: bda=xx:xx:xx:xx:54:43
11-26 14:46:34.461 16232 16264 V bluetooth: system/gd/hci/le_scanning_reassembler.cc:62 ProcessAdvertisingReport: Dropping repeated legacy advertising data
11-26 14:46:34.462 16232 16264 V bluetooth: system/gd/hci/le_scanning_reassembler.cc:96 ProcessAdvertisingReport: Full advertising report has been reassembled
11-26 14:46:34.462 16232 16259 V bt_btm_ble: system/stack/btm/btm_ble_gap.cc:1999 btm_ble_update_inq_result: NOT_BR/EDR support bit set, treat device as LE only
11-26 14:46:34.464 17761 17761 V jyq_helper: onLeScan: null - 62 - 1eff060001092022f310aec6c0b685f72a2d75a4fd9922f3acf10a152a714700000000000000000000000000000000000000000000000000000000000000
11-26 14:46:34.483 16232 16264 V bt_btm_ble: system/stack/btm/btm_ble_gap.cc:2015 btm_ble_process_adv_addr: bda=xx:xx:xx:xx:27:31
11-26 14:46:34.483 16232 16264 V bluetooth: system/gd/hci/le_scanning_reassembler.cc:62 ProcessAdvertisingReport: Dropping repeated legacy advertising data
11-26 14:46:34.483 16232 16264 V bluetooth: system/gd/hci/le_scanning_reassembler.cc:85 ProcessAdvertisingReport: Ignoring advertising report when scan response is expected or current data is marked incomplete
11-26 14:46:34.484 16232 16264 V bt_btm_ble: system/stack/btm/btm_ble_gap.cc:2015 btm_ble_process_adv_addr: bda=xx:xx:xx:xx:27:31
11-26 14:46:34.484 16232 16264 V bluetooth: system/gd/hci/le_scanning_reassembler.cc:96 ProcessAdvertisingReport: Full advertising report has been reassembled
11-26 14:46:34.484 16232 16259 V bt_btm_ble: system/stack/btm/btm_ble_gap.cc:1999 btm_ble_update_inq_result: NOT_BR/EDR support bit set, treat device as LE only
11-26 14:46:34.488 17761 17761 I jyq_helper: onLeScan: MELK-OA21   31 - 62 - 0201060f094d454c4b2d4f41323120202033310f094d454c4b2d4f4132312020203331000000000000000000000000000000000000000000000000000000
11-26 14:46:34.488 16232 16264 V bt_btm_ble: system/stack/btm/btm_ble_gap.cc:2015 btm_ble_process_adv_addr: bda=xx:xx:xx:xx:10:7e
11-26 14:46:34.488 16232 16264 V bluetooth: system/gd/hci/le_scanning_reassembler.cc:62 ProcessAdvertisingReport: Dropping repeated legacy advertising data
11-26 14:46:34.488 16232 16264 V bluetooth: system/gd/hci/le_scanning_reassembler.cc:96 ProcessAdvertisingReport: Full advertising report has been reassembled
11-26 14:46:34.489 16232 16259 V bt_btm_ble: system/stack/btm/btm_ble_gap.cc:1999 btm_ble_update_inq_result: NOT_BR/EDR support bit set, treat device as LE only
11-26 14:46:34.491 17761 17761 V jyq_helper: onLeScan: null - 62 - 1eff060001092022526397490d9588f19cedb6fc893eb28dc2d675bce3132000000000000000000000000000000000000000000000000000000000000000
11-26 14:46:34.507 16232 16264 V bt_btm_ble: system/stack/btm/btm_ble_gap.cc:2015 btm_ble_process_adv_addr: bda=xx:xx:xx:xx:30:7f
11-26 14:46:34.507 16232 16264 V bluetooth: system/gd/hci/le_scanning_reassembler.cc:62 ProcessAdvertisingReport: Dropping repeated legacy advertising data
11-26 14:46:34.507 16232 16264 V bluetooth: system/gd/hci/le_scanning_reassembler.cc:85 ProcessAdvertisingReport: Ignoring advertising report when scan response is expected or current data is marked incomplete
11-26 14:46:34.507 16232 16264 V bt_btm_ble: system/stack/btm/btm_ble_gap.cc:2015 btm_ble_process_adv_addr: bda=xx:xx:xx:xx:30:7f
11-26 14:46:34.507 16232 16264 V bluetooth: system/gd/hci/le_scanning_reassembler.cc:96 ProcessAdvertisingReport: Full advertising report has been reassembled
11-26 14:46:34.507 16232 16259 V bt_btm_ble: system/stack/btm/btm_ble_gap.cc:1999 btm_ble_update_inq_result: NOT_BR/EDR support bit set, treat device as LE only
11-26 14:46:34.510 17761 17761 I jyq_helper: onLeScan: MELK-OA21   7F - 62 - 0201060f094d454c4b2d4f41323120202037460f094d454c4b2d4f4132312020203746000000000000000000000000000000000000000000000000000000
11-26 14:46:34.511 16232 16264 V bt_btm_ble: system/stack/btm/btm_ble_gap.cc:2015 btm_ble_process_adv_addr: bda=xx:xx:xx:xx:c6:62
11-26 14:46:34.511 16232 16264 V bluetooth: system/gd/hci/le_scanning_reassembler.cc:62 ProcessAdvertisingReport: Dropping repeated legacy advertising data
11-26 14:46:34.511 16232 16264 V bluetooth: system/gd/hci/le_scanning_reassembler.cc:85 ProcessAdvertisingReport: Ignoring advertising report when scan response is expected or current data is marked incomplete
11-26 14:46:34.511 16232 16264 V bt_btm_ble: system/stack/btm/btm_ble_gap.cc:2015 btm_ble_process_adv_addr: bda=xx:xx:xx:xx:c6:62
11-26 14:46:34.511 16232 16264 V bluetooth: system/gd/hci/le_scanning_reassembler.cc:96 ProcessAdvertisingReport: Full advertising report has been reassembled
11-26 14:46:34.512 16232 16259 V bt_btm_ble: system/stack/btm/btm_ble_gap.cc:1999 btm_ble_update_inq_result: NOT_BR/EDR support bit set, treat device as LE only
11-26 14:46:34.514 17761 17761 I jyq_helper: onLeScan: PROV_49C660v - 62 - 0201061107fb349b5f8000008000100000ffff00000d0950524f565f34394336363076000000000000000000000000000000000000000000000000000000
11-26 14:46:34.532 16232 16264 V bt_btm_ble: system/stack/btm/btm_ble_gap.cc:2015 btm_ble_process_adv_addr: bda=xx:xx:xx:xx:27:31
11-26 14:46:34.532 16232 16264 V bluetooth: system/gd/hci/le_scanning_reassembler.cc:62 ProcessAdvertisingReport: Dropping repeated legacy advertising data
11-26 14:46:34.532 16232 16264 V bluetooth: system/gd/hci/le_scanning_reassembler.cc:85 ProcessAdvertisingReport: Ignoring advertising report when scan response is expected or current data is marked incomplete
11-26 14:46:34.532 16232 16264 V bt_btm_ble: system/stack/btm/btm_ble_gap.cc:2015 btm_ble_process_adv_addr: bda=xx:xx:xx:xx:27:31
