11-26 14:46:36.032 16232 16264 V bt_btm_ble: system/stack/btm/btm_ble_gap.cc:2015 btm_ble_process_adv_addr: bda=xx:xx:xx:xx:54:43
11-26 14:46:36.032 16232 16264 V bluetooth: system/gd/hci/le_scanning_reassembler.cc:62 ProcessAdvertisingReport: Dropping repeated legacy advertising data
11-26 14:46:36.032 16232 16264 V bluetooth: system/gd/hci/le_scanning_reassembler.cc:96 ProcessAdvertisingReport: Full advertising report has been reassembled
11-26 14:46:36.032 16232 16259 V bt_btm_ble: system/stack/btm/btm_ble_gap.cc:1999 btm_ble_update_inq_result: NOT_BR/EDR support bit set, treat device as LE only
11-26 14:46:36.035 17761 17761 V jyq_helper: onLeScan: null - 62 - 1eff060001092022f310aec6c0b685f72a2d75a4fd9922f3acf10a152a714700000000000000000000000000000000000000000000000000000000000000
11-26 14:46:36.069 16232 16264 V bt_btm_ble: system/stack/btm/btm_ble_gap.cc:2015 btm_ble_process_adv_addr: bda=xx:xx:xx:xx:10:7e
11-26 14:46:36.069 16232 16264 V bluetooth: system/gd/hci/le_scanning_reassembler.cc:62 ProcessAdvertisingReport: Dropping repeated legacy advertising data
11-26 14:46:36.069 16232 16264 V bluetooth: system/gd/hci/le_scanning_reassembler.cc:96 ProcessAdvertisingReport: Full advertising report has been reassembled
11-26 14:46:36.069 16232 16259 V bt_btm_ble: system/stack/btm/btm_ble_gap.cc:1999 btm_ble_update_inq_result: NOT_BR/EDR support bit set, treat device as LE only
11-26 14:46:36.071 17761 17761 V jyq_helper: onLeScan(repeat,ignored): 26:A3:8A:9C:10:7E - 1eff060001092022526397490d9588f19cedb6fc893eb28dc2d675bce3132000000000000000000000000000000000000000000000000000000000000000
11-26 14:46:36.083 16232 16264 V bt_btm_ble: system/stack/btm/btm_ble_gap.cc:2015 btm_ble_process_adv_addr: bda=xx:xx:xx:xx:47:35
11-26 14:46:36.083 16232 16264 V bluetooth: system/gd/hci/le_scanning_reassembler.cc:62 ProcessAdvertisingReport: Dropping repeated legacy advertising data
11-26 14:46:36.083 16232 16264 V bluetooth: system/gd/hci/le_scanning_reassembler.cc:85 ProcessAdvertisingReport: Ignoring advertising report when scan response is expected or current data is marked incomplete
11-26 14:46:36.084 16232 16264 V bt_btm_ble: system/stack/btm/btm_ble_gap.cc:2015 btm_ble_process_adv_addr: bda=xx:xx:xx:xx:47:35
11-26 14:46:36.084 16232 16264 V bluetooth: system/gd/hci/le_scanning_reassembler.cc:96 ProcessAdvertisingReport: Full advertising report has been reassembled
11-26 14:46:36.084 16232 16259 V bt_btm_ble: system/stack/btm/btm_ble_gap.cc:1999 btm_ble_update_inq_result: NOT_BR/EDR support bit set, treat device as LE only
11-26 14:46:36.086 17761 17761 V jyq_helper: onLeScan: null - 62 - 03039ffe17169ffe000000000000000000000000000000000000000009ffe0000a42ca3d3a0c000000000000000000000000000000000000000000000000
11-26 14:46:36.087 16232 16264 V bt_btm_ble: system/stack/btm/btm_ble_gap.cc:2015 btm_ble_process_adv_addr: bda=xx:xx:xx:xx:19:7f
11-26 14:46:36.087 16232 16264 V bluetooth: system/gd/hci/le_scanning_reassembler.cc:62 ProcessAdvertisingReport: Dropping repeated legacy advertising data
11-26 14:46:36.087 16232 16264 V bluetooth: system/gd/hci/le_scanning_reassembler.cc:96 ProcessAdvertisingReport: Full advertising report has been reassembled
11-26 14:46:36.087 16232 16259 V bt_btm_ble: system/stack/btm/btm_ble_gap.cc:1999 btm_ble_update_inq_result: NOT_BR/EDR support bit set, treat device as LE only
11-26 14:46:36.090 17761 17761 V jyq_helper: onLeScan: null - 62 - 1bff750042040180a0fcf13675197ffef13675197e017f030000000000000000000000000000000000000000000000000000000000000000000000000000
11-26 14:46:36.114 16232 16264 V bt_btm_ble: system/stack/btm/btm_ble_gap.cc:2015 btm_ble_process_adv_addr: bda=xx:xx:xx:xx:b3:bb
11-26 14:46:36.115 16232 16264 V bluetooth: system/gd/hci/le_scanning_reassembler.cc:62 ProcessAdvertisingReport: Dropping repeated legacy advertising data
11-26 14:46:36.115 16232 16264 V bluetooth: system/gd/hci/le_scanning_reassembler.cc:85 ProcessAdvertisingReport: Ignoring advertising report when scan response is expected or current data is marked incomplete
11-26 14:46:36.115 16232 16264 V bt_btm_ble: system/stack/btm/btm_ble_gap.cc:2015 btm_ble_process_adv_addr: bda=xx:xx:xx:xx:b3:bb
11-26 14:46:36.115 16232 16264 V bluetooth: system/gd/hci/le_scanning_reassembler.cc:96 ProcessAdvertisingReport: Full advertising report has been reassembled
11-26 14:46:36.115 16232 16259 V bt_btm_ble: system/stack/btm/btm_ble_gap.cc:1996 btm_ble_update_inq_result: Random address, treat device as LE only
11-26 14:46:36.118 17761 17761 V jyq_helper: onLeScan: null - 62 - 02010203039ffe17169ffe000000000000000000000000000000000000000009ffe0000aa0cac87f8c000000000000000000000000000000000000000000
11-26 14:46:36.121 16232 16264 V bt_btm_ble: system/stack/btm/btm_ble_gap.cc:2015 btm_ble_process_adv_addr: bda=xx:xx:xx:xx:0b:2c
11-26 14:46:36.121 16232 16264 V bluetooth: system/gd/hci/le_scanning_reassembler.cc:62 ProcessAdvertisingReport: Dropping repeated legacy advertising data
11-26 14:46:36.121 16232 16264 V bluetooth: system/gd/hci/le_scanning_reassembler.cc:85 ProcessAdvertisingReport: Ignoring advertising report when scan response is expected or current data is marked incomplete
11-26 14:46:36.121 16232 16264 V bt_btm_ble: system/stack/btm/btm_ble_gap.cc:2015 btm_ble_process_adv_addr: bda=xx:xx:xx:xx:0b:2c
11-26 14:46:36.121 16232 16264 V bluetooth: system/gd/hci/le_scanning_reassembler.cc:96 ProcessAdvertisingReport: Full advertising report has been reassembled
11-26 14:46:36.122 16232 16259 V bt_btm_ble: system/stack/btm/btm_ble_gap.cc:1999 btm_ble_update_inq_result: NOT_BR/EDR support bit set, treat device as LE only
11-26 14:46:36.124 17761 17761 I jyq_helper: onLeScan: Govee_H605B_0B2C - 62 - 0201061109476f7665655f48363035425f3042324308ff0288ec000101011109476f7665655f48363035425f304232430000000000000000000000000000
11-26 14:46:36.138 16232 16264 V bt_btm_ble: system/stack/btm/btm_ble_gap.cc:2015 btm_ble_process_adv_addr: bda=xx:xx:xx:xx:54:43
11-26 14:46:36.138 16232 16264 V bluetooth: system/gd/hci/le_scanning_reassembler.cc:62 ProcessAdvertisingReport: Dropping repeated legacy advertising data
11-26 14:46:36.138 16232 16264 V bluetooth: system/gd/hci/le_scanning_reassembler.cc:96 ProcessAdvertisingReport: Full advertising report has been reassembled
11-26 14:46:36.138 16232 16259 V bt_btm_ble: system/stack/btm/btm_ble_gap.cc:1999 btm_ble_update_inq_result: NOT_BR/EDR support bit set, treat device as LE only
11-26 14:46:36.139 17761 17761 V jyq_helper: onLeScan(repeat,ignored): 05:95:8E:AA:54:43 - 1eff060001092022f310aec6c0b685f72a2d75a4fd9922f3acf10a152a714700000000000000000000000000000000000000000000000000000000000000
11-26 14:46:36.157 16232 16264 V bt_btm_ble: system/stack/btm/btm_ble_gap.cc:2015 btm_ble_process_adv_addr: bda=xx:xx:xx:xx:c6:62
11-26 14:46:36.157 16232 16264 V bluetooth: system/gd/hci/le_scanning_reassembler.cc:62 ProcessAdvertisingReport: Dropping repeated legacy advertising data
11-26 14:46:36.158 16232 16264 V bluetooth: system/gd/hci/le_scanning_reassembler.cc:85 ProcessAdvertisingReport: Ignoring advertising report when scan response is expected or current data is marked incomplete
11-26 14:46:36.158 16232 16264 V bt_btm_ble: system/stack/btm/btm_ble_gap.cc:2015 btm_ble_process_adv_addr: bda=xx:xx:xx:xx:c6:62
11-26 14:46:36.158 16232 16264 V bluetooth: system/gd/hci/le_scanning_reassembler.cc:96 ProcessAdvertisingReport: Full advertising report has been reassembled
11-26 14:46:36.158 16232 16259 V bt_btm_ble: system/stack/btm/btm_ble_gap.cc:1999 btm_ble_update_inq_result: NOT_BR/EDR support bit set, treat device as LE only
11-26 14:46:36.162 17761 17761 I jyq_helper: onLeScan: PROV_49C660v - 62 - 0201061107fb349b5f8000008000100000ffff00000d0950524f565f34394336363076000000000000000000000000000000000000000000000000000000
11-26 14:46:36.168 16232 16264 V bt_btm_ble: system/stack/btm/btm_ble_gap.cc:2015 btm_ble_process_adv_addr: bda=xx:xx:xx:xx:10:7e
11-26 14:46:36.168 16232 16264 V bluetooth: system/gd/hci/le_scanning_reassembler.cc:62 ProcessAdvertisingReport: Dropping repeated legacy advertising data
11-26 14:46:36.169 16232 16264 V bluetooth: system/gd/hci/le_scanning_reassembler.cc:96 ProcessAdvertisingReport: Full advertising report has been reassembled
11-26 14:46:36.169 16232 16259 V bt_btm_ble: system/stack/btm/btm_ble_gap.cc:1999 btm_ble_update_inq_result: NOT_BR/EDR support bit set, treat device as LE only
11-26 14:46:36.169 17761 17761 V jyq_helper: onLeScan: null - 62 - 1eff060001092022526397490d9588f19cedb6fc893eb28dc2d675bce3132000000000000000000000000000000000000000000000000000000000000000
11-26 14:46:36.173 16232 16264 V bt_btm_ble: system/stack/btm/btm_ble_gap.cc:2015 btm_ble_process_adv_addr: bda=xx:xx:xx:xx:30:7f
11-26 14:46:36.173 16232 16264 V bluetooth: system/gd/hci/le_scanning_reassembler.cc:62 ProcessAdvertisingReport: Dropping repeated legacy advertising data
11-26 14:46:36.173 16232 16264 V bluetooth: system/gd/hci/le_scanning_reassembler.cc:85 ProcessAdvertisingReport: Ignoring advertising report when scan response is expected or current data is marked incomplete
11-26 14:46:36.174 16232 16264 V bt_btm_ble: system/stack/btm/btm_ble_gap.cc:2015 btm_ble_process_adv_addr: bda=xx:xx:xx:xx:30:7f
11-26 14:46:36.174 16232 16264 V bluetooth: system/gd/hci/le_scanning_reassembler.cc:96 ProcessAdvertisingReport: Full advertising report has been reassembled
11-26 14:46:36.174 16232 16259 V bt_btm_ble: system/stack/btm/btm_ble_gap.cc:1999 btm_ble_update_inq_result: NOT_BR/EDR support bit set, treat device as LE only
11-26 14:46:36.175 17761 17761 I jyq_helper: onLeScan: MELK-OA21   7F - 62 - 0201060f094d454c4b2d4f41323120202037460f094d454c4b2d4f4132312020203746000000000000000000000000000000000000000000000000000000
11-26 14:46:36.224 16232 16264 V bt_btm_ble: system/stack/btm/btm_ble_gap.cc:2015 btm_ble_process_adv_addr: bda=xx:xx:xx:xx:0b:2c
11-26 14:46:36.224 16232 16264 V bluetooth: system/gd/hci/le_scanning_reassembler.cc:62 ProcessAdvertisingReport: Dropping repeated legacy advertising data
11-26 14:46:36.224 16232 16264 V bluetooth: system/gd/hci/le_scanning_reassembler.cc:85 ProcessAdvertisingReport: Ignoring advertising report when scan response is expected or current data is marked incomplete
11-26 14:46:36.226 16232 16264 V bt_btm_ble: system/stack/btm/btm_ble_gap.cc:2015 btm_ble_process_adv_addr: bda=xx:xx:xx:xx:0b:2c
11-26 14:46:36.226 16232 16264 V bluetooth: system/gd/hci/le_scanning_reassembler.cc:96 ProcessAdvertisingReport: Full advertising report has been reassembled
11-26 14:46:36.226 16232 16259 V bt_btm_ble: system/stack/btm/btm_ble_gap.cc:1999 btm_ble_update_inq_result: NOT_BR/EDR support bit set, treat device as LE only
11-26 14:46:36.228 17761 17761 V jyq_helper: onLeScan(repeat,ignored): D3:39:32:37:0B:2C - 0201061109476f7665655f48363035425f3042324308ff0288ec000101011109476f7665655f48363035425f304232430000000000000000000000000000
11-26 14:46:36.230 16232 16264 V bt_btm_ble: system/stack/btm/btm_ble_gap.cc:2015 btm_ble_process_adv_addr: bda=xx:xx:xx:xx:30:7f
11-26 14:46:36.230 16232 16264 V bluetooth: system/gd/hci/le_scanning_reassembler.cc:62 ProcessAdvertisingReport: Dropping repeated legacy advertising data
11-26 14:46:36.230 16232 16264 V bluetooth: system/gd/hci/le_scanning_reassembler.cc:85 ProcessAdvertisingReport: Ignoring advertising report when scan response is expected or current data is marked incomplete
11-26 14:46:36.231 16232 16264 V bt_btm_ble: system/stack/btm/btm_ble_gap.cc:2015 btm_ble_process_adv_addr: bda=xx:xx:xx:xx:30:7f
11-26 14:46:36.231 16232 16264 V bluetooth: system/gd/hci/le_scanning_reassembler.cc:96 ProcessAdvertisingReport: Full advertising report has been reassembled
11-26 14:46:36.231 16232 16259 V bt_btm_ble: system/stack/btm/btm_ble_gap.cc:1999 btm_ble_update_inq_result: NOT_BR/EDR support bit set, treat device as LE only
11-26 14:46:36.232 17761 17761 V jyq_helper: onLeScan(repeat,ignored): BE:28:4A:00:30:7F - 0201060f094d454c4b2d4f41323120202037460f094d454c4b2d4f4132312020203746000000000000000000000000000000000000000000000000000000
11-26 14:46:36.241 16232 16264 V bt_btm_ble: system/stack/btm/btm_ble_gap.cc:2015 btm_ble_process_adv_addr: bda=xx:xx:xx:xx:19:7f
11-26 14:46:36.241 16232 16264 V bluetooth: system/gd/hci/le_scanning_reassembler.cc:62 ProcessAdvertisingReport: Dropping repeated legacy advertising data
11-26 14:46:36.241 16232 16264 V bluetooth: system/gd/hci/le_scanning_reassembler.cc:96 ProcessAdvertisingReport: Full advertising report has been reassembled
11-26 14:46:36.241 16232 16259 V bt_btm_ble: system/stack/btm/btm_ble_gap.cc:1999 btm_ble_update_inq_result: NOT_BR/EDR support bit set, treat device as LE only
11-26 14:46:36.242 16232 16264 V bt_btm_ble: system/stack/btm/btm_ble_gap.cc:2015 btm_ble_process_adv_addr: bda=xx:xx:xx:xx:54:43
11-26 14:46:36.242 16232 16264 V bluetooth: system/gd/hci/le_scanning_reassembler.cc:62 ProcessAdvertisingReport: Dropping repeated legacy advertising data
11-26 14:46:36.242 16232 16264 V bluetooth: system/gd/hci/le_scanning_reassembler.cc:96 ProcessAdvertisingReport: Full advertising report has been reassembled
11-26 14:46:36.242 16232 16259 V bt_btm_ble: system/stack/btm/btm_ble_gap.cc:1999 btm_ble_update_inq_result: NOT_BR/EDR support bit set, treat device as LE only
11-26 14:46:36.245 17761 17761 V jyq_helper: onLeScan: null - 62 - 1bff750042040180a0fcf13675197ffef13675197e017f030000000000000000000000000000000000000000000000000000000000000000000000000000
11-26 14:46:36.247 17761 17761 V jyq_helper: onLeScan: null - 62 - 1eff060001092022f310aec6c0b685f72a2d75a4fd9922f3acf10a152a714700000000000000000000000000000000000000000000000000000000000000
11-26 14:46:36.248 16232 16264 V bt_btm_ble: system/stack/btm/btm_ble_gap.cc:2015 btm_ble_process_adv_addr: bda=xx:xx:xx:xx:57:e2
11-26 14:46:36.248 16232 16264 V bluetooth: system/gd/hci/le_scanning_reassembler.cc:62 ProcessAdvertisingReport: Dropping repeated legacy advertising data
11-26 14:46:36.248 16232 16264 V bluetooth: system/gd/hci/le_scanning_reassembler.cc:85 ProcessAdvertisingReport: Ignoring advertising report when scan response is expected or current data is marked incomplete
11-26 14:46:36.248 16232 16264 V bt_btm_ble: system/stack/btm/btm_ble_gap.cc:2015 btm_ble_process_adv_addr: bda=xx:xx:xx:xx:57:e2
11-26 14:46:36.248 16232 16264 V bluetooth: system/gd/hci/le_scanning_reassembler.cc:96 ProcessAdvertisingReport: Full advertising report has been reassembled
11-26 14:46:36.249 16232 16259 V bt_btm_ble: system/stack/btm/btm_ble_gap.cc:1999 btm_ble_update_inq_result: NOT_BR/EDR support bit set, treat device as LE only
11-26 14:46:36.251 17761 17761 I jyq_helper: onLeScan: PROV_B957E0v - 62 - 0201061107fb349b5f8000008000100000ffff00000d0950524f565f42393537453076000000000000000000000000000000000000000000000000000000
11-26 14:46:36.326 16232 16264 V bt_btm_ble: system/stack/btm/btm_ble_gap.cc:2015 btm_ble_process_adv_addr: bda=xx:xx:xx:xx:c6:62
11-26 14:46:36.326 16232 16264 V bluetooth: system/gd/hci/le_scanning_reassembler.cc:62 ProcessAdvertisingReport: Dropping repeated legacy advertising data
11-26 14:46:36.326 16232 16264 V bluetooth: system/gd/hci/le_scanning_reassembler.cc:85 ProcessAdvertisingReport: Ignoring advertising report when scan response is expected or current data is marked incomplete
11-26 14:46:36.326 16232 16264 V bt_btm_ble: system/stack/btm/btm_ble_gap.cc:2015 btm_ble_process_adv_addr: bda=xx:xx:xx:xx:c6:62
11-26 14:46:36.326 16232 16264 V bluetooth: system/gd/hci/le_scanning_reassembler.cc:96 ProcessAdvertisingReport: Full advertising report has been reassembled
11-26 14:46:36.327 16232 16259 V bt_btm_ble: system/stack/btm/btm_ble_gap.cc:1999 btm_ble_update_inq_result: NOT_BR/EDR support bit set, treat device as LE only
11-26 14:46:36.327 16232 16264 V bt_btm_ble: system/stack/btm/btm_ble_gap.cc:2015 btm_ble_process_adv_addr: bda=xx:xx:xx:xx:0b:2c
11-26 14:46:36.327 16232 16264 V bluetooth: system/gd/hci/le_scanning_reassembler.cc:62 ProcessAdvertisingReport: Dropping repeated legacy advertising data
11-26 14:46:36.327 16232 16264 V bluetooth: system/gd/hci/le_scanning_reassembler.cc:85 ProcessAdvertisingReport: Ignoring advertising report when scan response is expected or current data is marked incomplete
11-26 14:46:36.327 16232 16264 V bt_btm_ble: system/stack/btm/btm_ble_gap.cc:2015 btm_ble_process_adv_addr: bda=xx:xx:xx:xx:0b:2c
11-26 14:46:36.327 16232 16264 V bluetooth: system/gd/hci/le_scanning_reassembler.cc:96 ProcessAdvertisingReport: Full advertising report has been reassembled
11-26 14:46:36.327 16232 16259 V bt_btm_ble: system/stack/btm/btm_ble_gap.cc:1999 btm_ble_update_inq_result: NOT_BR/EDR support bit set, treat device as LE only
11-26 14:46:36.330 17761 17761 I jyq_helper: onLeScan: PROV_49C660v - 62 - 0201061107fb349b5f8000008000100000ffff00000d0950524f565f34394336363076000000000000000000000000000000000000000000000000000000
11-26 14:46:36.331 17761 17761 I jyq_helper: onLeScan: Govee_H605B_0B2C - 62 - 0201061109476f7665655f48363035425f3042324308ff0288ec000101011109476f7665655f48363035425f304232430000000000000000000000000000
11-26 14:46:36.335 16232 16264 V bt_btm_ble: system/stack/btm/btm_ble_gap.cc:2015 btm_ble_process_adv_addr: bda=xx:xx:xx:xx:30:7f
11-26 14:46:36.335 16232 16264 V bluetooth: system/gd/hci/le_scanning_reassembler.cc:62 ProcessAdvertisingReport: Dropping repeated legacy advertising data
11-26 14:46:36.335 16232 16264 V bluetooth: system/gd/hci/le_scanning_reassembler.cc:85 ProcessAdvertisingReport: Ignoring advertising report when scan response is expected or current data is marked incomplete
11-26 14:46:36.335 16232 16264 V bt_btm_ble: system/stack/btm/btm_ble_gap.cc:2015 btm_ble_process_adv_addr: bda=xx:xx:xx:xx:30:7f
11-26 14:46:36.335 16232 16264 V bluetooth: system/gd/hci/le_scanning_reassembler.cc:96 ProcessAdvertisingReport: Full advertising report has been reassembled
11-26 14:46:36.335 16232 16259 V bt_btm_ble: system/stack/btm/btm_ble_gap.cc:1999 btm_ble_update_inq_result: NOT_BR/EDR support bit set, treat device as LE only
11-26 14:46:36.336 17761 17761 I jyq_helper: onLeScan: MELK-OA21   7F - 62 - 0201060f094d454c4b2d4f41323120202037460f094d454c4b2d4f4132312020203746000000000000000000000000000000000000000000000000000000
11-26 14:46:36.341 16232 16264 V bt_btm_ble: system/stack/btm/btm_ble_gap.cc:2015 btm_ble_process_adv_addr: bda=xx:xx:xx:xx:47:35
11-26 14:46:36.342 16232 16264 V bluetooth: system/gd/hci/le_scanning_reassembler.cc:62 ProcessAdvertisingReport: Dropping repeated legacy advertising data
11-26 14:46:36.342 16232 16264 V bluetooth: system/gd/hci/le_scanning_reassembler.cc:85 ProcessAdvertisingReport: Ignoring advertising report when scan response is expected or current data is marked incomplete
11-26 14:46:36.342 16232 16264 V bt_btm_ble: system/stack/btm/btm_ble_gap.cc:2015 btm_ble_process_adv_addr: bda=xx:xx:xx:xx:47:35
11-26 14:46:36.342 16232 16264 V bluetooth: system/gd/hci/le_scanning_reassembler.cc:96 ProcessAdvertisingReport: Full advertising report has been reassembled
11-26 14:46:36.342 16232 16259 V bt_btm_ble: system/stack/btm/btm_ble_gap.cc:1999 btm_ble_update_inq_result: NOT_BR/EDR support bit set, treat device as LE only
11-26 14:46:36.342 16232 16264 V bt_btm_ble: system/stack/btm/btm_ble_gap.cc:2015 btm_ble_process_adv_addr: bda=xx:xx:xx:xx:54:43
11-26 14:46:36.342 16232 16264 V bluetooth: system/gd/hci/le_scanning_reassembler.cc:62 ProcessAdvertisingReport: Dropping repeated legacy advertising data
11-26 14:46:36.342 16232 16264 V bluetooth: system/gd/hci/le_scanning_reassembler.cc:96 ProcessAdvertisingReport: Full advertising report has been reassembled
11-26 14:46:36.342 16232 16259 V bt_btm_ble: system/stack/btm/btm_ble_gap.cc:1999 btm_ble_update_inq_result: NOT_BR/EDR support bit set, treat device as LE only
11-26 14:46:36.344 17761 17761 V jyq_helper: onLeScan: null - 62 - 03039ffe17169ffe000000000000000000000000000000000000000009ffe0000a42ca3d3a0c000000000000000000000000000000000000000000000000
11-26 14:46:36.344 17761 17761 V jyq_helper: onLeScan: null - 62 - 1eff060001092022f310aec6c0b685f72a2d75a4fd9922f3acf10a152a714700000000000000000000000000000000000000000000000000000000000000
11-26 14:46:36.356 17761 30630 D BluetoothAdapter: isLeEnabled(): ON
11-26 14:46:36.358 16232 16242 D AppScanStats: recordScanStop() - app: com.brgd.brblmesh(uid=10384), scan: if=13(pid=17761,id=6), scan stopped at 11-26 14:46:36.357
11-26 14:46:36.358 16232 16242 D AppScanStats: recordScanStop() - app: com.brgd.brblmesh(uid=10384), max duty cycle updated from 100 to 0
11-26 14:46:36.358 16232 16242 D AppScanStats: recordScanStop() - app: com.brgd.brblmesh, scan: if=13(pid=17761,id=6), results: 241, note ble scan results
11-26 14:46:36.358 16232 16242 D AppScanStats: recordScanStop() - app: com.brgd.brblmesh, isUnoptimized: true, maxDutyCycle: 0, note ble duty scan stopped
11-26 14:46:36.359 16232 16404 D ScanManager: handling stopping scan ScanClient [scannerIf=13, appUid=10384, appPid=17761, appName=com.brgd.brblmesh, scanModeApp=2, scanModeUsed=2, callbackType=1, matchMode=1, reportDelayMillis=0]
11-26 14:46:36.360 16232 16242 D ScanController: unregisterScanner(com.brgd.brblmesh) - scannerId=13
11-26 14:46:36.360 17761 30630 D jyq_helper: stop LeScan: 
11-26 14:46:36.360 17761 30634 I jyq_helper: getPayloadWithInnerRetry---> payload:000000000000000000000000,  key: 
11-26 14:46:36.361 17761 30634 I jyq_helper: getPayloadWithInnerRetry---> mSendCnt:151,  sSendSeq:35,  seq:35
11-26 14:46:36.361 17761 30634 W jyq_forward: flag: 0
11-26 14:46:36.361 16232 16390 D ScanController: onScanFilterParamsConfigured() - clientIf=13, status=0, action=0, availableSpace=0
11-26 14:46:36.361 17761 17779 D jyq_helper: doStopSend().stopAdvertising--->
11-26 14:46:36.362 17761 17779 I jyq_helper: send---> payload:5e1584e65e367bc45e367bc45e367bc4, calculatedPayload:6db64368931d0d265c5cc63e5f0f65ca0a67aa63130b0a3f, len:24
11-26 14:46:36.362 17761 17779 D BluetoothAdapter: isLeEnabled(): ON
11-26 14:46:36.362 17761 17779 D BluetoothAdapter: isLeEnabled(): ON
11-26 14:46:36.363 16232 16403 E BtGatt.AdvertiseManager: [GSIM LOG]: gsimLogHandler, msg: MESSAGE_ADV_SET_STOP, appName: com.brgd.brblmesh, id: 4, isLegacy: true
11-26 14:46:36.363 16232 16404 E ScanManager: [GSIM LOG]: gsimLogHandler, msg: MESSAGE_SCAN_STOP, appName: com.brgd.brblmesh, scannerId: 13, reportDelayMillis=0
11-26 14:46:36.366 16232 16264 I bluetooth: system/gd/hci/le_advertising_manager.cc:1307 enable_advertiser: advertiser_id=4
11-26 14:46:36.368  5686  5748 I HoneySpace.StatusIconTracker: invokeEvent() called with: event = PrivacyInfo(visible=false)
11-26 14:46:36.370  5161  5161 W View    : requestLayout() improperly called by com.android.systemui.qs.SecQSGradationDrawableView{a45a804 V.E...... ......ID 0,0-1440,443 #7f0a0a16 app:id/qs_gradation_view} during layout: running second layout pass
11-26 14:46:36.371  5161  5161 W RefactorFlag: New code path expects SceneContainerFlag to be enabled.
11-26 14:46:36.371 16232 16403 E BtGatt.AdvertiseManager: [GSIM LOG]: gsimLogHandler, msg: MESSAGE_ADV_SET_START, appName: com.brgd.brblmesh, id: 4, isLegacy: true
11-26 14:46:36.372 17761 17761 D jyq_helper: Advertise start succeeds: Settings [mAdvertiseMode=2, mAdvertiseTxPowerLevel=3, mAdvertiseConnectable=true, mAdvertiseDiscoverable=true, mAdvertiseTimeoutMillis=0, mOwnAddressType=-1]
11-26 14:46:36.470  5387  6254 D SatelliteController: isInCarrierRoamingNbIotNtn: satellite is disabled
11-26 14:46:36.472  5841  5841 I EPDG -- SIM0 [SMARTCELLULAR]: onSignalStrengthsChanged: SignalStrength:{mCdma=Invalid,mGsm=Invalid,mWcdma=Invalid,mTdscdma=Invalid,mLte=Invalid,mNr=CellSignalStrengthNr:{ csiRsrp = 2147483647 csiRsrq = 2147483647 csiCqiTableIndex = 2147483647 csiCqiReport = [] ssRsrp = -106 ssRsrq = -13 ssSinr = 6 level = 1 parametersUseForLevel = 0 timingAdvance = 2147483647 },SignalBarInfo{ nrLevel=4 },rat=20,primary=CellSignalStrengthNr}
11-26 14:46:36.789 16232 16517 V BtGatt.GattService: ***** CURRENT BLE ADVERTISING APPS *****
11-26 14:46:36.790 16232 16517 V BtGatt.GattService: loggingList: com.brgd.brblmesh: 10384
11-26 14:46:36.791 16232 16242 V BtGatt.GattService: ***** CURRENT BLE CONNECTED APPS *****
11-26 14:46:36.792 16232 16517 V ScanController: ***** CURRENT BLE SCANNING APPS *****
11-26 14:46:36.861 17761 30634 I jyq_helper: getPayloadWithInnerRetry---> payload:000000000000000000000000,  key: 
11-26 14:46:36.861 17761 30634 I jyq_helper: getPayloadWithInnerRetry---> mSendCnt:152,  sSendSeq:36,  seq:36
11-26 14:46:36.861 17761 30634 W jyq_forward: flag: 0
11-26 14:46:36.861 17761 17779 D jyq_helper: doStopSend().stopAdvertising--->
11-26 14:46:36.863 17761 17779 I jyq_helper: send---> payload:5e1284e75e367bc45e367bc45e367bc4, calculatedPayload:6db64368931d0d215c5dc63e5f0f65ca0a67aa63130b60ca, len:24
11-26 14:46:36.863 17761 17779 D BluetoothAdapter: isLeEnabled(): ON
11-26 14:46:36.863 17761 17779 D BluetoothAdapter: isLeEnabled(): ON
11-26 14:46:36.863 16232 16403 E BtGatt.AdvertiseManager: [GSIM LOG]: gsimLogHandler, msg: MESSAGE_ADV_SET_STOP, appName: com.brgd.brblmesh, id: 4, isLegacy: true
11-26 14:46:36.865 16232 16264 I bluetooth: system/gd/hci/le_advertising_manager.cc:1307 enable_advertiser: advertiser_id=4
11-26 14:46:36.883 16232 16403 E BtGatt.AdvertiseManager: [GSIM LOG]: gsimLogHandler, msg: MESSAGE_ADV_SET_START, appName: com.brgd.brblmesh, id: 4, isLegacy: true
11-26 14:46:36.884 17761 17761 D jyq_helper: Advertise start succeeds: Settings [mAdvertiseMode=2, mAdvertiseTxPowerLevel=3, mAdvertiseConnectable=true, mAdvertiseDiscoverable=true, mAdvertiseTimeoutMillis=0, mOwnAddressType=-1]
11-26 14:46:36.951 16232 16242 V BtGatt.GattService: ***** CURRENT BLE ADVERTISING APPS *****
11-26 14:46:36.951 16232 16242 V BtGatt.GattService: loggingList: com.brgd.brblmesh: 10384
11-26 14:46:36.952 16232 16242 V BtGatt.GattService: ***** CURRENT BLE CONNECTED APPS *****
11-26 14:46:36.954 16232 16517 V ScanController: ***** CURRENT BLE SCANNING APPS *****
11-26 14:46:36.961 16232 16517 V BtGatt.GattService: ***** CURRENT BLE ADVERTISING APPS *****
11-26 14:46:36.961 16232 16517 V BtGatt.GattService: loggingList: com.brgd.brblmesh: 10384
11-26 14:46:36.962 16232 16517 V BtGatt.GattService: ***** CURRENT BLE CONNECTED APPS *****
11-26 14:46:36.963 16232 16242 V ScanController: ***** CURRENT BLE SCANNING APPS *****
11-26 14:46:36.968  2783  5945 I PowerManagerService: [PWL] SetWakeLockEnableDisable uid = 10327 , disable= true
11-26 14:46:36.968  2783  5945 I PowerManagerService: [PWL] SetWakeLockEnableDisable uid = 10386 , disable= true
11-26 14:46:37.361 17761 30634 I jyq_helper: getPayloadWithInnerRetry---> payload:000000000000000000000000,  key: 
11-26 14:46:37.361 17761 30634 I jyq_helper: getPayloadWithInnerRetry---> mSendCnt:153,  sSendSeq:37,  seq:37
11-26 14:46:37.362 17761 30634 W jyq_forward: flag: 0
11-26 14:46:37.362 17761 17779 D jyq_helper: doStopSend().stopAdvertising--->
11-26 14:46:37.364 17761 17779 I jyq_helper: send---> payload:5e1384e05e367bc45e367bc45e367bc4, calculatedPayload:6db64368931d0d205c5ac63e5f0f65ca0a67aa63130b099a, len:24
11-26 14:46:37.364 17761 17779 D BluetoothAdapter: isLeEnabled(): ON
11-26 14:46:37.364 17761 17779 D BluetoothAdapter: isLeEnabled(): ON
11-26 14:46:37.364 16232 16403 E BtGatt.AdvertiseManager: [GSIM LOG]: gsimLogHandler, msg: MESSAGE_ADV_SET_STOP, appName: com.brgd.brblmesh, id: 4, isLegacy: true
11-26 14:46:37.369 16232 16264 I bluetooth: system/gd/hci/le_advertising_manager.cc:1307 enable_advertiser: advertiser_id=4
11-26 14:46:37.382 16232 16403 E BtGatt.AdvertiseManager: [GSIM LOG]: gsimLogHandler, msg: MESSAGE_ADV_SET_START, appName: com.brgd.brblmesh, id: 4, isLegacy: true
11-26 14:46:37.383 17761 17761 D jyq_helper: Advertise start succeeds: Settings [mAdvertiseMode=2, mAdvertiseTxPowerLevel=3, mAdvertiseConnectable=true, mAdvertiseDiscoverable=true, mAdvertiseTimeoutMillis=0, mOwnAddressType=-1]
11-26 14:46:37.496 16232 16264 V bt_btm_ble: system/stack/btm/btm_ble_gap.cc:2015 btm_ble_process_adv_addr: bda=xx:xx:xx:xx:f0:60
11-26 14:46:37.496 16232 16264 V bluetooth: system/gd/hci/le_scanning_reassembler.cc:62 ProcessAdvertisingReport: Dropping repeated legacy advertising data
11-26 14:46:37.496 16232 16264 V bluetooth: system/gd/hci/le_scanning_reassembler.cc:96 ProcessAdvertisingReport: Full advertising report has been reassembled
11-26 14:46:37.496 16232 16259 V bt_btm_ble: system/stack/btm/btm_ble_gap.cc:1999 btm_ble_update_inq_result: NOT_BR/EDR support bit set, treat device as LE only
11-26 14:46:37.497 16232 16264 V bt_btm_ble: system/stack/btm/btm_ble_gap.cc:2015 btm_ble_process_adv_addr: bda=xx:xx:xx:xx:f0:60
11-26 14:46:37.497 16232 16264 I bluetooth: system/gd/hci/le_scanning_reassembler.cc:54 ProcessAdvertisingReport: Ignoring scan response received without advertising event
11-26 14:46:37.500 29125 29338 I [-0500]oneconnect[1.8.37.23_01][CORE]: SmartTag@BleParserForTag.parsePacket - [name][bleMac]($)7C:A5[tagState]5[advertisementType]0[privacyId]b4a67cec35005f59[uWBFlag]0[batteryLevel]3[motionDetection]0[lastReceivedTime]1764186397500[rssi]-65[activityTrackingMode]false
11-26 14:46:37.503 29125 26794 I [-0500]oneconnect[1.8.37.23_01][CORE]: SmartTag@DeviceStatusTriggerTaskImpl.isAvailableGattConnection - deviceId: ($)63e68c00 PriorityConnection is set with other mobile. So, a auto connection channel should be remained.
11-26 14:46:37.558  2031 30373 I NearbyMediums: No BLE Fast/GATT advertisements found in the latest cycle.
11-26 14:46:37.657 17761 30632 I jyq_helper: getPayloadWithInnerRetry---> payload:000000000000000000000000,  key: 
11-26 14:46:37.657 17761 30632 I jyq_helper: getPayloadWithInnerRetry---> mSendCnt:154,  sSendSeq:38,  seq:38
11-26 14:46:37.657 17761 30632 W jyq_forward: flag: 0
11-26 14:46:37.657 17761 17779 D jyq_helper: doStopSend().stopAdvertising--->
11-26 14:46:37.659 17761 17779 I jyq_helper: send---> payload:5e1084e15e367bc45e367bc45e367bc4, calculatedPayload:6db64368931d0d235c5bc63e5f0f65ca0a67aa63130bda47, len:24
11-26 14:46:37.659 17761 17779 D BluetoothAdapter: isLeEnabled(): ON
11-26 14:46:37.659 17761 17779 D BluetoothAdapter: isLeEnabled(): ON
11-26 14:46:37.659 16232 16403 E BtGatt.AdvertiseManager: [GSIM LOG]: gsimLogHandler, msg: MESSAGE_ADV_SET_STOP, appName: com.brgd.brblmesh, id: 4, isLegacy: true
11-26 14:46:37.662 16232 16264 I bluetooth: system/gd/hci/le_advertising_manager.cc:1307 enable_advertiser: advertiser_id=4
11-26 14:46:37.675 16232 16403 E BtGatt.AdvertiseManager: [GSIM LOG]: gsimLogHandler, msg: MESSAGE_ADV_SET_START, appName: com.brgd.brblmesh, id: 4, isLegacy: true
11-26 14:46:37.675 17761 17761 D jyq_helper: Advertise start succeeds: Settings [mAdvertiseMode=2, mAdvertiseTxPowerLevel=3, mAdvertiseConnectable=true, mAdvertiseDiscoverable=true, mAdvertiseTimeoutMillis=0, mOwnAddressType=-1]
11-26 14:46:37.862 17761 30634 I jyq_helper: getPayloadWithInnerRetry---> payload:000000000000000000000000,  key: 
11-26 14:46:37.862 17761 30634 I jyq_helper: getPayloadWithInnerRetry---> mSendCnt:155,  sSendSeq:39,  seq:39
11-26 14:46:37.862 17761 30634 W jyq_forward: flag: 0
11-26 14:46:37.862 17761 17779 D jyq_helper: doStopSend().stopAdvertising--->
11-26 14:46:37.864 17761 17779 I jyq_helper: send---> payload:5e1184e25e367bc45e367bc45e367bc4, calculatedPayload:6db64368931d0d225c58c63e5f0f65ca0a67aa63130b0701, len:24
11-26 14:46:37.864 17761 17779 D BluetoothAdapter: isLeEnabled(): ON
11-26 14:46:37.864 17761 17779 D BluetoothAdapter: isLeEnabled(): ON
11-26 14:46:37.865 16232 16403 E BtGatt.AdvertiseManager: [GSIM LOG]: gsimLogHandler, msg: MESSAGE_ADV_SET_STOP, appName: com.brgd.brblmesh, id: 4, isLegacy: true
11-26 14:46:37.867 16232 16264 I bluetooth: system/gd/hci/le_advertising_manager.cc:1307 enable_advertiser: advertiser_id=4
11-26 14:46:37.877 16232 16403 E BtGatt.AdvertiseManager: [GSIM LOG]: gsimLogHandler, msg: MESSAGE_ADV_SET_START, appName: com.brgd.brblmesh, id: 4, isLegacy: true
11-26 14:46:37.878 17761 17761 D jyq_helper: Advertise start succeeds: Settings [mAdvertiseMode=2, mAdvertiseTxPowerLevel=3, mAdvertiseConnectable=true, mAdvertiseDiscoverable=true, mAdvertiseTimeoutMillis=0, mOwnAddressType=-1]
11-26 14:46:38.362 17761 30634 I jyq_helper: getPayloadWithInnerRetry---> payload:000000000000000000000000,  key: 
11-26 14:46:38.362 17761 30634 I jyq_helper: getPayloadWithInnerRetry---> mSendCnt:156,  sSendSeq:40,  seq:40
11-26 14:46:38.362 17761 30634 W jyq_forward: flag: 0
11-26 14:46:38.363 17761 17779 D jyq_helper: doStopSend().stopAdvertising--->
11-26 14:46:38.364 17761 17779 I jyq_helper: send---> payload:5e1e84e35e367bc45e367bc45e367bc4, calculatedPayload:6db64368931d0d2d5c59c63e5f0f65ca0a67aa63130b1fa5, len:24
11-26 14:46:38.364 17761 17779 D BluetoothAdapter: isLeEnabled(): ON
11-26 14:46:38.364 17761 17779 D BluetoothAdapter: isLeEnabled(): ON
11-26 14:46:38.365 16232 16403 E BtGatt.AdvertiseManager: [GSIM LOG]: gsimLogHandler, msg: MESSAGE_ADV_SET_STOP, appName: com.brgd.brblmesh, id: 4, isLegacy: true
11-26 14:46:38.373 16232 16264 I bluetooth: system/gd/hci/le_advertising_manager.cc:1307 enable_advertiser: advertiser_id=4
11-26 14:46:38.389 16232 16403 E BtGatt.AdvertiseManager: [GSIM LOG]: gsimLogHandler, msg: MESSAGE_ADV_SET_START, appName: com.brgd.brblmesh, id: 4, isLegacy: true
11-26 14:46:38.389 17761 17761 D jyq_helper: Advertise start succeeds: Settings [mAdvertiseMode=2, mAdvertiseTxPowerLevel=3, mAdvertiseConnectable=true, mAdvertiseDiscoverable=true, mAdvertiseTimeoutMillis=0, mOwnAddressType=-1]
11-26 14:46:38.863 17761 30634 I jyq_helper: getPayloadWithInnerRetry---> payload:000000000000000000000000,  key: 
11-26 14:46:38.863 17761 30634 I jyq_helper: getPayloadWithInnerRetry---> mSendCnt:157,  sSendSeq:41,  seq:41
11-26 14:46:38.863 17761 30634 W jyq_forward: flag: 0
11-26 14:46:38.864 17761 17779 D jyq_helper: doStopSend().stopAdvertising--->
11-26 14:46:38.866 17761 17779 I jyq_helper: send---> payload:5e1f84ec5e367bc45e367bc45e367bc4, calculatedPayload:6db64368931d0d2c5c56c63e5f0f65ca0a67aa63130b1ed8, len:24
11-26 14:46:38.866 17761 17779 D BluetoothAdapter: isLeEnabled(): ON
11-26 14:46:38.866 17761 17779 D BluetoothAdapter: isLeEnabled(): ON
11-26 14:46:38.867 16232 16403 E BtGatt.AdvertiseManager: [GSIM LOG]: gsimLogHandler, msg: MESSAGE_ADV_SET_STOP, appName: com.brgd.brblmesh, id: 4, isLegacy: true
11-26 14:46:38.870 16232 16264 I bluetooth: system/gd/hci/le_advertising_manager.cc:1307 enable_advertiser: advertiser_id=4
11-26 14:46:38.877 16232 16403 E BtGatt.AdvertiseManager: [GSIM LOG]: gsimLogHandler, msg: MESSAGE_ADV_SET_START, appName: com.brgd.brblmesh, id: 4, isLegacy: true
11-26 14:46:38.877 17761 17761 D jyq_helper: Advertise start succeeds: Settings [mAdvertiseMode=2, mAdvertiseTxPowerLevel=3, mAdvertiseConnectable=true, mAdvertiseDiscoverable=true, mAdvertiseTimeoutMillis=0, mOwnAddressType=-1]
11-26 14:46:39.364 17761 30634 I jyq_helper: getPayloadWithInnerRetry---> payload:000000000000000000000000,  key: 
11-26 14:46:39.364 17761 30634 I jyq_helper: getPayloadWithInnerRetry---> mSendCnt:158,  sSendSeq:42,  seq:42
11-26 14:46:39.364 17761 30634 W jyq_forward: flag: 0
11-26 14:46:39.365 17761 17779 D jyq_helper: doStopSend().stopAdvertising--->
11-26 14:46:39.367 17761 17779 I jyq_helper: send---> payload:5e1c84ed5e367bc45e367bc45e367bc4, calculatedPayload:6db64368931d0d2f5c57c63e5f0f65ca0a67aa63130bcd05, len:24
11-26 14:46:39.367 17761 17779 D BluetoothAdapter: isLeEnabled(): ON
11-26 14:46:39.367 17761 17779 D BluetoothAdapter: isLeEnabled(): ON
11-26 14:46:39.367 16232 16403 E BtGatt.AdvertiseManager: [GSIM LOG]: gsimLogHandler, msg: MESSAGE_ADV_SET_STOP, appName: com.brgd.brblmesh, id: 4, isLegacy: true
11-26 14:46:39.371 16232 16264 I bluetooth: system/gd/hci/le_advertising_manager.cc:1307 enable_advertiser: advertiser_id=4
11-26 14:46:39.382 16232 16403 E BtGatt.AdvertiseManager: [GSIM LOG]: gsimLogHandler, msg: MESSAGE_ADV_SET_START, appName: com.brgd.brblmesh, id: 4, isLegacy: true
11-26 14:46:39.383 17761 17761 D jyq_helper: Advertise start succeeds: Settings [mAdvertiseMode=2, mAdvertiseTxPowerLevel=3, mAdvertiseConnectable=true, mAdvertiseDiscoverable=true, mAdvertiseTimeoutMillis=0, mOwnAddressType=-1]
11-26 14:46:39.424 16232 16517 V BtGatt.GattService: ***** CURRENT BLE ADVERTISING APPS *****
11-26 14:46:39.425 16232 16517 V BtGatt.GattService: loggingList: com.brgd.brblmesh: 10384
11-26 14:46:39.426 16232 16242 V BtGatt.GattService: ***** CURRENT BLE CONNECTED APPS *****
11-26 14:46:39.427 16232 16242 V ScanController: ***** CURRENT BLE SCANNING APPS *****
11-26 14:46:39.864 17761 30634 I jyq_helper: getPayloadWithInnerRetry---> payload:000000000000000000000000,  key: 
11-26 14:46:39.865 17761 30634 I jyq_helper: getPayloadWithInnerRetry---> mSendCnt:159,  sSendSeq:43,  seq:43
11-26 14:46:39.865 17761 30634 W jyq_forward: flag: 0
11-26 14:46:39.865 17761 17779 D jyq_helper: doStopSend().stopAdvertising--->
11-26 14:46:39.866 17761 17779 I jyq_helper: send---> payload:5e1d84ee5e367bc45e367bc45e367bc4, calculatedPayload:6db64368931d0d2e5c54c63e5f0f65ca0a67aa63130b1043, len:24
11-26 14:46:39.866 17761 17779 D BluetoothAdapter: isLeEnabled(): ON
11-26 14:46:39.867 17761 17779 D BluetoothAdapter: isLeEnabled(): ON
11-26 14:46:39.867 16232 16403 E BtGatt.AdvertiseManager: [GSIM LOG]: gsimLogHandler, msg: MESSAGE_ADV_SET_STOP, appName: com.brgd.brblmesh, id: 4, isLegacy: true
11-26 14:46:39.870 16232 16264 I bluetooth: system/gd/hci/le_advertising_manager.cc:1307 enable_advertiser: advertiser_id=4
11-26 14:46:39.887 16232 16403 E BtGatt.AdvertiseManager: [GSIM LOG]: gsimLogHandler, msg: MESSAGE_ADV_SET_START, appName: com.brgd.brblmesh, id: 4, isLegacy: true
11-26 14:46:39.888 17761 17761 D jyq_helper: Advertise start succeeds: Settings [mAdvertiseMode=2, mAdvertiseTxPowerLevel=3, mAdvertiseConnectable=true, mAdvertiseDiscoverable=true, mAdvertiseTimeoutMillis=0, mOwnAddressType=-1]
11-26 14:46:40.365 17761 30634 I jyq_helper: getPayloadWithInnerRetry---> payload:000000000000000000000000,  key: 
11-26 14:46:40.365 17761 30634 I jyq_helper: getPayloadWithInnerRetry---> mSendCnt:160,  sSendSeq:44,  seq:44
11-26 14:46:40.365 17761 30634 W jyq_forward: flag: 0
11-26 14:46:40.366 17761 17779 D jyq_helper: doStopSend().stopAdvertising--->
11-26 14:46:40.367 17761 17779 I jyq_helper: send---> payload:5e1a84ef5e367bc45e367bc45e367bc4, calculatedPayload:6db64368931d0d295c55c63e5f0f65ca0a67aa63130b7ab6, len:24
11-26 14:46:40.367 17761 17779 D BluetoothAdapter: isLeEnabled(): ON
11-26 14:46:40.368 17761 17779 D BluetoothAdapter: isLeEnabled(): ON
11-26 14:46:40.368 16232 16403 E BtGatt.AdvertiseManager: [GSIM LOG]: gsimLogHandler, msg: MESSAGE_ADV_SET_STOP, appName: com.brgd.brblmesh, id: 4, isLegacy: true
11-26 14:46:40.371 16232 16264 I bluetooth: system/gd/hci/le_advertising_manager.cc:1307 enable_advertiser: advertiser_id=4
11-26 14:46:40.382 16232 16403 E BtGatt.AdvertiseManager: [GSIM LOG]: gsimLogHandler, msg: MESSAGE_ADV_SET_START, appName: com.brgd.brblmesh, id: 4, isLegacy: true
11-26 14:46:40.383 17761 17761 D jyq_helper: Advertise start succeeds: Settings [mAdvertiseMode=2, mAdvertiseTxPowerLevel=3, mAdvertiseConnectable=true, mAdvertiseDiscoverable=true, mAdvertiseTimeoutMillis=0, mOwnAddressType=-1]
11-26 14:46:40.658 17761 30632 I jyq_helper: getPayloadWithInnerRetry---> payload:000000000000000000000000,  key: 
11-26 14:46:40.658 17761 30632 I jyq_helper: getPayloadWithInnerRetry---> mSendCnt:161,  sSendSeq:45,  seq:45
11-26 14:46:40.658 17761 30632 W jyq_forward: flag: 0
11-26 14:46:40.658 17761 17779 D jyq_helper: doStopSend().stopAdvertising--->
11-26 14:46:40.660 17761 17779 I jyq_helper: send---> payload:5e1b84e85e367bc45e367bc45e367bc4, calculatedPayload:6db64368931d0d285c52c63e5f0f65ca0a67aa63130b13e6, len:24
11-26 14:46:40.660 17761 17779 D BluetoothAdapter: isLeEnabled(): ON
11-26 14:46:40.660 17761 17779 D BluetoothAdapter: isLeEnabled(): ON
11-26 14:46:40.660 16232 16403 E BtGatt.AdvertiseManager: [GSIM LOG]: gsimLogHandler, msg: MESSAGE_ADV_SET_STOP, appName: com.brgd.brblmesh, id: 4, isLegacy: true
11-26 14:46:40.664 16232 16264 I bluetooth: system/gd/hci/le_advertising_manager.cc:1307 enable_advertiser: advertiser_id=4
11-26 14:46:40.679 16232 16403 E BtGatt.AdvertiseManager: [GSIM LOG]: gsimLogHandler, msg: MESSAGE_ADV_SET_START, appName: com.brgd.brblmesh, id: 4, isLegacy: true
11-26 14:46:40.680 17761 17761 D jyq_helper: Advertise start succeeds: Settings [mAdvertiseMode=2, mAdvertiseTxPowerLevel=3, mAdvertiseConnectable=true, mAdvertiseDiscoverable=true, mAdvertiseTimeoutMillis=0, mOwnAddressType=-1]
11-26 14:46:40.866 17761 30634 I jyq_helper: getPayloadWithInnerRetry---> payload:000000000000000000000000,  key: 
11-26 14:46:40.866 17761 30634 I jyq_helper: getPayloadWithInnerRetry---> mSendCnt:162,  sSendSeq:46,  seq:46
11-26 14:46:40.866 17761 30634 W jyq_forward: flag: 0
11-26 14:46:40.867 17761 17779 D jyq_helper: doStopSend().stopAdvertising--->
11-26 14:46:40.868 17761 17779 I jyq_helper: send---> payload:5e1884e95e367bc45e367bc45e367bc4, calculatedPayload:6db64368931d0d2b5c53c63e5f0f65ca0a67aa63130bc03b, len:24
11-26 14:46:40.868 17761 17779 D BluetoothAdapter: isLeEnabled(): ON
11-26 14:46:40.868 17761 17779 D BluetoothAdapter: isLeEnabled(): ON
11-26 14:46:40.869 16232 16403 E BtGatt.AdvertiseManager: [GSIM LOG]: gsimLogHandler, msg: MESSAGE_ADV_SET_STOP, appName: com.brgd.brblmesh, id: 4, isLegacy: true
11-26 14:46:40.872 16232 16264 I bluetooth: system/gd/hci/le_advertising_manager.cc:1307 enable_advertiser: advertiser_id=4
11-26 14:46:40.878 16232 16403 E BtGatt.AdvertiseManager: [GSIM LOG]: gsimLogHandler, msg: MESSAGE_ADV_SET_START, appName: com.brgd.brblmesh, id: 4, isLegacy: true
11-26 14:46:40.879 17761 17761 D jyq_helper: Advertise start succeeds: Settings [mAdvertiseMode=2, mAdvertiseTxPowerLevel=3, mAdvertiseConnectable=true, mAdvertiseDiscoverable=true, mAdvertiseTimeoutMillis=0, mOwnAddressType=-1]
11-26 14:46:41.357 17761 30630 D BluetoothAdapter: isLeEnabled(): ON
11-26 14:46:41.359 16232 16242 D ScannerMap: add() - appUid: 10384, appPid: 17761, appName: com.brgd.brblmesh, uuid : 744c3c79-ba00-4dc5-953f-da2fdab723c7
11-26 14:46:41.364 16232 16242 D AppScanStats: recordScanStart() - app: com.brgd.brblmesh(uid=10384), max duty cycle updated from 0 to 100
11-26 14:46:41.364 16232 16242 D AppScanStats: recordScanStart() - app: com.brgd.brblmesh(uid=10384), first scan started at 11-26 14:46:41.364
11-26 14:46:41.365 16232 16242 D AppScanStats: recordScanStart() - app: com.brgd.brblmesh(uid=10384), isUnoptimized: true, maxDutyCycle: 100, note ble duty scan started
11-26 14:46:41.365 16232 16242 D AppScanStats: recordScanStart() - app: com.brgd.brblmesh(uid=10384), # of scans started/stopped/ongoing: 8/7/1
11-26 14:46:41.365 16232 16242 D ScanManager: startScan() ScanClient [scannerIf=13, appUid=10384, appPid=17761, appName=com.brgd.brblmesh, scanModeApp=2, scanModeUsed=2, callbackType=1, matchMode=1, reportDelayMillis=0]
11-26 14:46:41.365  5161  5228 D AppOpsPrivacyItemMonitor: showLocationSystemApps  AppOpItem(Op code=1, UID=10384, AttributionTag=null, Package name=com.brgd.brblmesh, Paused=false)
11-26 14:46:41.366 17761 30630 W jyq_helper: start LeScanCmd: true
11-26 14:46:41.366 16232 16404 E ScanManager: [GSIM LOG]: gsimLogHandler, msg: MESSAGE_SCAN_START, appName: com.brgd.brblmesh, scannerId: 13, reportDelayMillis=0
11-26 14:46:41.366 16232 16404 I bt_shim_scanner: system/main/shim/le_scanning_manager.cc:260 ScanFilterEnable: in shim layer
11-26 14:46:41.367 16232 16390 D ScanController: onScanFilterEnableDisabled() - clientIf=13, status=0, action=1
11-26 14:46:41.367 17761 30634 I jyq_helper: getPayloadWithInnerRetry---> payload:000000000000000000000000,  key: 
11-26 14:46:41.367 17761 30634 I jyq_helper: getPayloadWithInnerRetry---> mSendCnt:163,  sSendSeq:47,  seq:47
11-26 14:46:41.367 17761 30634 W jyq_forward: flag: 0
11-26 14:46:41.367 17761 17779 D jyq_helper: doStopSend().stopAdvertising--->
11-26 14:46:41.367 16232 16404 D ScanManager: configureFilterParamter() : onFoundTimeout | onLostTimeout | onFoundCount | numOfTrackingEntries | scanFilterRssiThreshold | trackableScanFilterRssiThreshold | matchMode
11-26 14:46:41.367 16232 16390 D ScanController: onScanFilterParamsConfigured() - clientIf=13, status=0, action=0, availableSpace=0
11-26 14:46:41.367 17761 17779 I jyq_helper: send---> payload:5e1984ea5e367bc45e367bc45e367bc4, calculatedPayload:6db64368931d0d2a5c50c63e5f0f65ca0a67aa63130b1d7d, len:24
11-26 14:46:41.368 17761 17779 D BluetoothAdapter: isLeEnabled(): ON
11-26 14:46:41.368 16232 16404 D ScanManager: Start gattClientScanNative with old 1M scanMode 0 new 1M scanMode 2 ( in scan unit: 6553 / 6553,  old coded scanMode -2147483648 new coded scanMode -2147483648 ( in scan unit: 0 / 0, scanPhyMask: 1 ) ScanClient [scannerIf=13, appUid=10384, appPid=17761, appName=com.brgd.brblmesh, scanModeApp=2, scanModeUsed=2, callbackType=1, matchMode=1, reportDelayMillis=0] / null
11-26 14:46:41.368 17761 17779 D BluetoothAdapter: isLeEnabled(): ON
11-26 14:46:41.368 16232 16403 E BtGatt.AdvertiseManager: [GSIM LOG]: gsimLogHandler, msg: MESSAGE_ADV_SET_STOP, appName: com.brgd.brblmesh, id: 4, isLegacy: true
11-26 14:46:41.374 16232 16264 I bluetooth: system/gd/hci/le_advertising_manager.cc:1307 enable_advertiser: advertiser_id=4
11-26 14:46:41.379  5161  5161 W RefactorFlag: New code path expects SceneContainerFlag to be enabled.
11-26 14:46:41.386  5686  5748 I HoneySpace.StatusIconTracker: invokeEvent() called with: event = PrivacyInfo(visible=false)
11-26 14:46:41.393 16232 16403 E BtGatt.AdvertiseManager: [GSIM LOG]: gsimLogHandler, msg: MESSAGE_ADV_SET_START, appName: com.brgd.brblmesh, id: 4, isLegacy: true
11-26 14:46:41.394 17761 17761 D jyq_helper: Advertise start succeeds: Settings [mAdvertiseMode=2, mAdvertiseTxPowerLevel=3, mAdvertiseConnectable=true, mAdvertiseDiscoverable=true, mAdvertiseTimeoutMillis=0, mOwnAddressType=-1]
11-26 14:46:41.396  5161  5161 W View    : requestLayout() improperly called by com.android.systemui.qs.SecQSGradationDrawableView{a45a804 V.E...... ......ID 0,0-1440,443 #7f0a0a16 app:id/qs_gradation_view} during layout: running second layout pass
11-26 14:46:41.396  5161  5161 W RefactorFlag: New code path expects SceneContainerFlag to be enabled.
11-26 14:46:41.410 16232 16264 V bt_btm_ble: system/stack/btm/btm_ble_gap.cc:2015 btm_ble_process_adv_addr: bda=xx:xx:xx:xx:10:7e
11-26 14:46:41.410 16232 16264 V bluetooth: system/gd/hci/le_scanning_reassembler.cc:62 ProcessAdvertisingReport: Dropping repeated legacy advertising data
11-26 14:46:41.410 16232 16264 V bluetooth: system/gd/hci/le_scanning_reassembler.cc:96 ProcessAdvertisingReport: Full advertising report has been reassembled
11-26 14:46:41.410 16232 16259 V bt_btm_ble: system/stack/btm/btm_ble_gap.cc:1999 btm_ble_update_inq_result: NOT_BR/EDR support bit set, treat device as LE only
11-26 14:46:41.413 17761 17761 V jyq_helper: onLeScan: null - 62 - 1eff060001092022526397490d9588f19cedb6fc893eb28dc2d675bce3132000000000000000000000000000000000000000000000000000000000000000
11-26 14:46:41.414 16232 16264 V bt_btm_ble: system/stack/btm/btm_ble_gap.cc:2015 btm_ble_process_adv_addr: bda=xx:xx:xx:xx:7e:a7
11-26 14:46:41.414 16232 16264 V bluetooth: system/gd/hci/le_scanning_reassembler.cc:62 ProcessAdvertisingReport: Dropping repeated legacy advertising data
11-26 14:46:41.414 16232 16264 V bluetooth: system/gd/hci/le_scanning_reassembler.cc:85 ProcessAdvertisingReport: Ignoring advertising report when scan response is expected or current data is marked incomplete
11-26 14:46:41.414 16232 16264 V bt_btm_ble: system/stack/btm/btm_ble_gap.cc:2015 btm_ble_process_adv_addr: bda=xx:xx:xx:xx:7e:a7
11-26 14:46:41.414 16232 16264 V bluetooth: system/gd/hci/le_scanning_reassembler.cc:96 ProcessAdvertisingReport: Full advertising report has been reassembled
11-26 14:46:41.415 16232 16259 V bt_btm_ble: system/stack/btm/btm_ble_gap.cc:1996 btm_ble_update_inq_result: Random address, treat device as LE only
11-26 14:46:41.417 17761 17761 V jyq_helper: onLeScan: null - 62 - 1eff4c000719050055100000010ab0bd682a5890905be618dcff85e83aa11e00000000000000000000000000000000000000000000000000000000000000
11-26 14:46:41.428 16232 16264 V bt_btm_ble: system/stack/btm/btm_ble_gap.cc:2015 btm_ble_process_adv_addr: bda=xx:xx:xx:xx:30:7f
11-26 14:46:41.428 16232 16264 V bluetooth: system/gd/hci/le_scanning_reassembler.cc:62 ProcessAdvertisingReport: Dropping repeated legacy advertising data
11-26 14:46:41.428 16232 16264 V bluetooth: system/gd/hci/le_scanning_reassembler.cc:85 ProcessAdvertisingReport: Ignoring advertising report when scan response is expected or current data is marked incomplete
11-26 14:46:41.428 16232 16264 V bt_btm_ble: system/stack/btm/btm_ble_gap.cc:2015 btm_ble_process_adv_addr: bda=xx:xx:xx:xx:30:7f
11-26 14:46:41.428 16232 16264 V bluetooth: system/gd/hci/le_scanning_reassembler.cc:96 ProcessAdvertisingReport: Full advertising report has been reassembled
11-26 14:46:41.428 16232 16259 V bt_btm_ble: system/stack/btm/btm_ble_gap.cc:1999 btm_ble_update_inq_result: NOT_BR/EDR support bit set, treat device as LE only
11-26 14:46:41.429 17761 17761 V jyq_helper: onLeScan(repeat,ignored): BE:28:4A:00:30:7F - 0201060f094d454c4b2d4f41323120202037460f094d454c4b2d4f4132312020203746000000000000000000000000000000000000000000000000000000
11-26 14:46:41.433 16232 16264 V bt_btm_ble: system/stack/btm/btm_ble_gap.cc:2015 btm_ble_process_adv_addr: bda=xx:xx:xx:xx:c6:62
11-26 14:46:41.433 16232 16264 V bluetooth: system/gd/hci/le_scanning_reassembler.cc:62 ProcessAdvertisingReport: Dropping repeated legacy advertising data
11-26 14:46:41.433 16232 16264 V bluetooth: system/gd/hci/le_scanning_reassembler.cc:85 ProcessAdvertisingReport: Ignoring advertising report when scan response is expected or current data is marked incomplete
