11-26 14:46:28.435  2309  2309 I SurfaceFlinger: [DimTransitionLayer for Surface(name=ActivityRecord{200894368 u0 com.brgd.brblmesh/.Main.Activity.ScanDeviceActivity t20251})/@0xec49cf9#24042] attach to parent LayerHierarchy{RequestedLayerState{Transition Root: ActivityRecord{200894368 u0 com.brgd.brblmesh/.Main.Activity.ScanDeviceActivity t20251}#24041 parentId=887 z=2} 3 children}
11-26 14:46:28.435  2309  2309 I SurfaceFlinger: [36a8fd2 ActivityRecordInputSink com.brgd.brblmesh/.Main.Activity.ScanDeviceActivity#24043] attach to parent LayerHierarchy{RequestedLayerState{ActivityRecord{200894368 u0 com.brgd.brblmesh/.Main.Activity.ScanDeviceActivity t20251}#24036 parentId=24041 z=5} 3 children}
11-26 14:46:28.437 17761 17761 I InsetsSourceConsumer: applyRequestedVisibilityToControl: visible=true, type=statusBars, host=com.brgd.brblmesh/com.brgd.brblmesh.Main.Activity.ScanDeviceActivity
11-26 14:46:28.437 17761 17761 I InsetsSourceConsumer: applyRequestedVisibilityToControl: visible=false, type=navigationBars, host=com.brgd.brblmesh/com.brgd.brblmesh.Main.Activity.ScanDeviceActivity
11-26 14:46:28.438  2309  3134 D SurfaceFlinger: [input] setFocusedWindow: 1c43ce com.brgd.brblmesh/com.brgd.brblmesh.Main.Activity.ScanDeviceActivity
11-26 14:46:28.438  2783  5682 D InputDispatcher: Once focus requested (0): 1c43ce com.brgd.brblmesh/com.brgd.brblmesh.Main.Activity.ScanDeviceActivity
11-26 14:46:28.438  2783  5682 D InputDispatcher: Focus request (0): 1c43ce com.brgd.brblmesh/com.brgd.brblmesh.Main.Activity.ScanDeviceActivity but waiting because NO_WINDOW
11-26 14:46:28.438  2783  8900 D InputDispatcher: Focus entered window (0): 1c43ce com.brgd.brblmesh/com.brgd.brblmesh.Main.Activity.ScanDeviceActivity
11-26 14:46:28.439  2783  4716 V InputMethodManagerService: startInputOrWindowGainedFocusInternalLocked: reason=WINDOW_FOCUS_GAIN client=android.os.BinderProxy@9abc5a inputContext=null editorInfo=android.view.inputmethod.EditorInfo@1474f5 startInputFlags=VIEW_HAS_FOCUS|INITIAL_CONNECTION softInputMode=STATE_HIDDEN|ADJUST_PAN|IS_FORWARD_NAVIGATION windowFlags=#81810100 unverifiedTargetSdkVersion=36 bindingController=com.android.server.inputmethod.InputMethodBindingController@b32e9aa imeDispatcher=android.window.ImeOnBackInvokedDispatcher@ed6a28a cs=ClientState{3a5d27a mUid=10384 mPid=17761 mSelfReportedDisplayId=0} imeRequestedVisible=false
11-26 14:46:28.439  2783  4716 V InputMethodManagerService: setWindowStateInner, windowToken=android.os.BinderProxy@dba80c9, state=ImeTargetWindowState{ imeToken null imeFocusChanged true hasEditorFocused false requestedImeVisible false imeDisplayId 0 softInputModeState STATE_HIDDEN|ADJUST_PAN|IS_FORWARD_NAVIGATION isStartInputByGainFocus true}
11-26 14:46:28.439  2783  4716 D InputMethodManagerService: isImeSwitcherDisabledPackage : false
11-26 14:46:28.440  2783  8900 D RestrictionPolicy: isScreenCaptureEnabled : ret=true userId=0
11-26 14:46:28.440  2783  8900 D InsetsSourceProvider: updateControlForTarget: control=InsetsSourceControl: {3 mType=ime mSurfacePosition=Point(0, 113) mInsetsHint=Insets{left=0, top=0, right=0, bottom=1315}}, target=Window{1c43ce u0 com.brgd.brblmesh/com.brgd.brblmesh.Main.Activity.ScanDeviceActivity}, from=com.android.server.wm.ImeInsetsSourceProvider.updateControlForTarget:17 com.android.server.wm.InsetsStateController.onControlTargetChanged:83 com.android.server.wm.DisplayContent.updateImeControlTarget:21 com.android.server.wm.DisplayContent.updateImeInputAndControlTarget:156 com.android.server.wm.WindowManagerService$LocalService.updateInputMethodTargetWindow:64 
11-26 14:46:28.441  8682  8682 I GoogleInputMethodService: GoogleInputMethodService.onStartInput():1347 onStartInput(EditorInfo{EditorInfo{packageName=com.brgd.brblmesh, inputType=0, inputTypeString=NULL, enableLearning=false, autoCorrection=false, autoComplete=false, imeOptions=0, privateImeOptions=null, actionName=UNSPECIFIED, actionLabel=null, initialSelStart=-1, initialSelEnd=-1, initialCapsMode=0, label=null, fieldId=0, fieldName=null, extras=Bundle[{appShowRequested=false, isTextEditor=false, displayId=0}], hintText=null, hintLocales=[]}}, false)
11-26 14:46:28.441  2783  3295 V InputMethodManagerService: setWindowStateInner, windowToken=android.os.BinderProxy@dba80c9, state=ImeTargetWindowState{ imeToken android.os.Binder@b5021d7 imeFocusChanged true hasEditorFocused false requestedImeVisible false imeDisplayId 0 softInputModeState STATE_HIDDEN|ADJUST_PAN|IS_FORWARD_NAVIGATION isStartInputByGainFocus true}
11-26 14:46:28.441  2783  3296 D SurfaceComposerClient: setCornerRadius ## 1c43ce com.brgd.brblmesh/com.brgd.brblmesh.Main.Activity.ScanDeviceActivity#24037 cornerRadius=0.000000
11-26 14:46:28.441  2783  8900 W PackageConfigPersister: App-specific configuration not found for packageName: com.brgd.brblmesh and userId: 0
11-26 14:46:28.448  2194  3446 I PAL: PayloadBuilder: payloadMFCConfig: 837: sample_rate:48000 bit_width:24 num_channels:2 Miid:16584
11-26 14:46:28.448  2194  3446 I PAL: Session: updateCustomPayload: 675: customPayloadSize = 32
11-26 14:46:28.448  2194  3446 I PAL: Session: updateCustomPayload: 675: customPayloadSize = 40
11-26 14:46:28.452  2309  2309 E SurfaceFlinger: alpha changed 0.000 -> 0.019 - DimTransitionLayer for Surface(name=ActivityRecord{200894368 u0 com.brgd.brblmesh/.Main.Activity.ScanDeviceActivity t20251})/@0xec49cf9#24042
11-26 14:46:28.452  2309  2309 I SurfaceFlinger: [LayerHierarchy{RequestedLayerState{ImeContainer#15 parentId=24036 relativeParentId=24037 z=1} 1 children}] reparent to LayerHierarchy{RequestedLayerState{ActivityRecord{200894368 u0 com.brgd.brblmesh/.Main.Activity.ScanDeviceActivity t20251}#24036 parentId=24041 z=5} 4 children}
11-26 14:46:28.452  2309  2309 I SurfaceFlinger: [LayerHierarchy{RequestedLayerState{ImeContainer#15 parentId=24036 relativeParentId=24037 z=1} 1 children}] RelativeParent to LayerHierarchy{RequestedLayerState{1c43ce com.brgd.brblmesh/com.brgd.brblmesh.Main.Activity.ScanDeviceActivity#24037 parentId=24036} 2 children}
11-26 14:46:28.454  2309  2309 D SurfaceFlinger:        CLIENT |           76282914144377 | 00002102 | RGBA_8888    |   41.0    0.0 1440.0 3120.0 |    0    0 1440 3120 | com.brgd.brblmesh/com.brgd.brblmesh.Main.Activity.MainActivity$_17761#24030 (15)
11-26 14:46:28.454  2309  2309 D SurfaceFlinger:        DEVICE |           76282914144381 | 00002102 | RGBA_8888    |    0.0    0.0  131.0 3120.0 | 1309    0 1440 3120 | com.brgd.brblmesh/com.brgd.brblmesh.[...]vity.ScanDeviceActivity$_17761#24038 (1)
11-26 14:46:28.470  2272  3447 I SAG_EQ a64: mIsVolumeTableValid yes 
11-26 14:46:28.541  2783  5945 I PowerManagerService: [PWL] SetWakeLockEnableDisable uid = 10372 , disable= false
11-26 14:46:28.562  2272  3447 I SAG_EQ a64: mIsVolumeTableValid yes 
11-26 14:46:28.662  2783  5682 V WindowManager:    ChangeInfo{8dd4815 container=Task{9de541b #20251 type=standard A=10384:com.brgd.brblmesh} flags=0x0}
11-26 14:46:28.662  2783  5682 V WindowManager:    ChangeInfo{7f3f483 container=ActivityRecord{198608455 u0 com.brgd.brblmesh/.Main.Activity.MainActivity t20251} flags=0x0}
11-26 14:46:28.662  2783  5682 V WindowManager:    ChangeInfo{76c472a container=ActivityRecord{200894368 u0 com.brgd.brblmesh/.Main.Activity.ScanDeviceActivity t20251} flags=0x0}
11-26 14:46:28.662  2783  5682 V WindowManager: Setting visibility of Window{98f7596 u0 com.brgd.brblmesh/com.brgd.brblmesh.Main.Activity.MainActivity}: false, caller=com.android.server.wm.WindowContainer.sendAppVisibilityToClients:19 com.android.server.wm.WindowToken.setClientVisible:48 com.android.server.wm.ActivityRecord.commitVisibility:186 com.android.server.wm.TransitionController.finishTransition:846 com.android.server.wm.WindowOrganizerController.finishTransitionInner:31 
11-26 14:46:28.662  2783  5682 D PersonaActivityHelper: token.toString()  Token{92afe74 ActivityRecord{198608455 u0 com.brgd.brblmesh/.Main.Activity.MainActivity t20251}}
11-26 14:46:28.662 17761 17761 I VRI[MainActivity]@a9834ac: handleAppVisibility mAppVisible = true visible = false
11-26 14:46:28.662  2783  5682 D PersonaActivityHelper: token.toString()  Token{c840f59 ActivityRecord{200894368 u0 com.brgd.brblmesh/.Main.Activity.ScanDeviceActivity t20251}}
11-26 14:46:28.663  2783  5682 D ChangeTransitionController:    ChangeInfo{8dd4815 container=Task{9de541b #20251 type=standard A=10384:com.brgd.brblmesh} flags=0x0}
11-26 14:46:28.663  2783  5682 D ChangeTransitionController:    ChangeInfo{7f3f483 container=ActivityRecord{198608455 u0 com.brgd.brblmesh/.Main.Activity.MainActivity t20251} flags=0x0}
11-26 14:46:28.663  2783  5682 D ChangeTransitionController:    ChangeInfo{76c472a container=ActivityRecord{200894368 u0 com.brgd.brblmesh/.Main.Activity.ScanDeviceActivity t20251} flags=0x0}
11-26 14:46:28.668  2309  2309 I SurfaceFlinger: [LayerHierarchy{RequestedLayerState{DimTransitionLayer for Surface(name=ActivityRecord{200894368 u0 com.brgd.brblmesh/.Main.Activity.ScanDeviceActivity t20251})/@0xec49cf9#24042 z=-1} no children}] reparent to OffscreenRoot
11-26 14:46:28.668  2309  2309 I SurfaceFlinger: [LayerHierarchy{RequestedLayerState{DimTransitionLayer for Surface(name=ActivityRecord{200894368 u0 com.brgd.brblmesh/.Main.Activity.ScanDeviceActivity t20251})/@0xec49cf9#24042 z=-1} no children}] RelativeParent to null
11-26 14:46:28.668  2309  2309 I SurfaceFlinger: [LayerHierarchy{RequestedLayerState{ActivityRecord{198608455 u0 com.brgd.brblmesh/.Main.Activity.MainActivity t20251}#23023 parentId=887 z=1} 2 children}] reparent to LayerHierarchy{RequestedLayerState{Task=20251#887 parentId=10 z=43} 3 children}
11-26 14:46:28.668  2309  2309 I SurfaceFlinger: [LayerHierarchy{RequestedLayerState{ActivityRecord{200894368 u0 com.brgd.brblmesh/.Main.Activity.ScanDeviceActivity t20251}#24036 parentId=887 z=2} 3 children}] reparent to LayerHierarchy{RequestedLayerState{Task=20251#887 parentId=10 z=43} 4 children}
11-26 14:46:28.668  2309  2309 I SurfaceFlinger: [LayerHierarchy{RequestedLayerState{Transition Root: ActivityRecord{200894368 u0 com.brgd.brblmesh/.Main.Activity.ScanDeviceActivity t20251}#24041 z=2} no children}] reparent to OffscreenRoot
11-26 14:46:28.668  2309  2309 I SurfaceFlinger: [LayerHierarchy{RequestedLayerState{Transition Root: ActivityRecord{200894368 u0 com.brgd.brblmesh/.Main.Activity.ScanDeviceActivity t20251}#24041 z=2} no children}] RelativeParent to null
11-26 14:46:28.669  2309  2309 I SurfaceFlinger: id=24042 Removed DimTransitionLayer for Surface(name=ActivityRecord{200894368 u0 com.brgd.brblmesh/.Main.Activity.ScanDeviceActivity t20251})/@0xec49cf9#24042 (314)
11-26 14:46:28.669  2309  2309 I SurfaceFlinger: id=24041 Removed Transition Root: ActivityRecord{200894368 u0 com.brgd.brblmesh/.Main.Activity.ScanDeviceActivity t20251}#24041 (314)
11-26 14:46:28.671  2783  3296 D SurfaceComposerClient: setCornerRadius ## 1c43ce com.brgd.brblmesh/com.brgd.brblmesh.Main.Activity.ScanDeviceActivity#24037 cornerRadius=0.000000
11-26 14:46:28.671  2309  2309 D SurfaceFlinger:        DEVICE |           76282914144381 | 00002102 | RGBA_8888    |    0.0    0.0 1440.0 3120.0 |    0    0 1440 3120 | com.brgd.brblmesh/com.brgd.brblmesh.[...]vity.ScanDeviceActivity$_17761#24038 (1)
11-26 14:46:28.671  2783  5682 I WindowManager: Relayout Window{98f7596 u0 com.brgd.brblmesh/com.brgd.brblmesh.Main.Activity.MainActivity}: viewVisibility=8 req=1440x3120 ty=1 d0
11-26 14:46:28.671  2783  5682 D SurfaceComposerClient: setCornerRadius ## 1c43ce com.brgd.brblmesh/com.brgd.brblmesh.Main.Activity.ScanDeviceActivity#24037 cornerRadius=0.000000
11-26 14:46:28.672  2783  5682 D SurfaceComposerClient: setCornerRadius ## 1c43ce com.brgd.brblmesh/com.brgd.brblmesh.Main.Activity.ScanDeviceActivity#24037 cornerRadius=0.000000
11-26 14:46:28.674 17761 17761 D VRI[MainActivity]@a9834ac: Not drawing due to not visible. Reason=!mAppVisible && !mForceDecorViewVisibility
11-26 14:46:28.674 17761 17761 D VRI[MainActivity]@a9834ac: WindowStopped on com.brgd.brblmesh/com.brgd.brblmesh.Main.Activity.MainActivity set to true
11-26 14:46:28.677  2309  2309 I SurfaceFlinger: RequestedLayer [com.brgd.brblmesh/com.brgd.brblmesh.Main.Activity.MainActivity$_17761#24030] hidden!! flag  from(0) --> to(1)
11-26 14:46:28.677  2309  2309 I SurfaceFlinger: destroyed DimTransitionLayer for Surface(name=ActivityRecord{200894368 u0 com.brgd.brblmesh/.Main.Activity.ScanDeviceActivity t20251})/@0xec49cf9#24042 form LifecycleManager
11-26 14:46:28.677  2309  2309 I SurfaceFlinger: destroyed Transition Root: ActivityRecord{200894368 u0 com.brgd.brblmesh/.Main.Activity.ScanDeviceActivity t20251}#24041 form LifecycleManager
11-26 14:46:28.677  2309  2309 I SurfaceFlinger: id=24042 onLayerDestroyed from LayerHierarchyBuilder(RequestedLayerState{DimTransitionLayer for Surface(name=ActivityRecord{200894368 u0 com.brgd.brblmesh/.Main.Activity.ScanDeviceActivity t20251})/@0xec49cf9#24042 !handle z=-1})
11-26 14:46:28.677  2309  2309 I SurfaceFlinger: id=24041 onLayerDestroyed from LayerHierarchyBuilder(RequestedLayerState{Transition Root: ActivityRecord{200894368 u0 com.brgd.brblmesh/.Main.Activity.ScanDeviceActivity t20251}#24041 !handle z=2})
11-26 14:46:28.677  2783  5682 I WindowManager: Relayout Window{98f7596 u0 com.brgd.brblmesh/com.brgd.brblmesh.Main.Activity.MainActivity}: viewVisibility=8 req=1440x3120 ty=1 d0
11-26 14:46:28.677  2783  5682 D SurfaceComposerClient: setCornerRadius ## 1c43ce com.brgd.brblmesh/com.brgd.brblmesh.Main.Activity.ScanDeviceActivity#24037 cornerRadius=0.000000
11-26 14:46:28.677  2309  2309 I Layer   : id=24042 Destroyed DimTransitionLayer for Surface(name=ActivityRecord{200894368 u0 com.brgd.brblmesh/.Main.Activity.ScanDeviceActivity t20251})/@0xec49cf9#24042
11-26 14:46:28.677  2309  2309 I Layer   : id=24041 Destroyed Transition Root: ActivityRecord{200894368 u0 com.brgd.brblmesh/.Main.Activity.ScanDeviceActivity t20251}#24041
11-26 14:46:28.677  2783  5682 D SurfaceComposerClient: setCornerRadius ## 1c43ce com.brgd.brblmesh/com.brgd.brblmesh.Main.Activity.ScanDeviceActivity#24037 cornerRadius=0.000000
11-26 14:46:28.678  2783  5682 E WindowManager: win=Window{98f7596 u0 com.brgd.brblmesh/com.brgd.brblmesh.Main.Activity.MainActivity} destroySurfaces: appStopped=true cleanupOnResume=false win.mWindowRemovalAllowed=false win.mRemoveOnExit=false win.mViewVisibility=8 caller=com.android.server.wm.ActivityRecord.destroySurfaces:25 com.android.server.wm.ActivityRecord.activityStopped:192 com.android.server.wm.ActivityClientController.activityStopped:97 android.app.IActivityClientController$Stub.onTransact:740 com.android.server.wm.ActivityClientController.onTransact:1 android.os.Binder.execTransactInternal:1462 android.os.Binder.execTransact:1401 
11-26 14:46:28.678  2783  3295 D SGM:FgCheckThread: getForegroundApp(), foregroundPkgName=com.brgd.brblmesh
11-26 14:46:28.679  2783  3295 D SGM:FgCheckThread: pkgName: com.brgd.brblmesh is in foreground
11-26 14:46:28.685  2309  2309 I SurfaceFlinger: [LayerHierarchy{RequestedLayerState{com.brgd.brblmesh/com.brgd.brblmesh.Main.Activity.MainActivity$_17761#24030} no children}] reparent to OffscreenRoot
11-26 14:46:28.685  2309  2309 I SurfaceFlinger: [LayerHierarchy{RequestedLayerState{com.brgd.brblmesh/com.brgd.brblmesh.Main.Activity.MainActivity$_17761#24030} no children}] RelativeParent to null
11-26 14:46:28.685  2309  2309 I SurfaceFlinger: id=24030 Removed com.brgd.brblmesh/com.brgd.brblmesh.Main.Activity.MainActivity$_17761#24030 (312)
11-26 14:46:28.693  2309  2309 I SurfaceFlinger: destroyed com.brgd.brblmesh/com.brgd.brblmesh.Main.Activity.MainActivity$_17761#24030 form LifecycleManager
11-26 14:46:28.693  2309  2309 I SurfaceFlinger: id=24030 onLayerDestroyed from LayerHierarchyBuilder(RequestedLayerState{com.brgd.brblmesh/com.brgd.brblmesh.Main.Activity.MainActivity$_17761#24030 !handle})
11-26 14:46:28.694  2309  2309 I Layer   : id=24030 Destroyed com.brgd.brblmesh/com.brgd.brblmesh.Main.Activity.MainActivity$_17761#24030
11-26 14:46:28.708  5686  5686 I HoneySpace.EdgePanel.EdgeVisibilityRepository: getComputedTrayVisible : keyguardState = 1
11-26 14:46:28.708  5686  5686 I HoneySpace.EdgePanel.EdgeVisibilityRepository: updateTrayVisible: State = 0x1, visible = true, current containerState = 0, specificMode = 0
11-26 14:46:28.941  2783  3295 D SGM:GameManager: identifyForegroundApp. com.brgd.brblmesh, mCurrentUserId: 0, callerUserId: 0
11-26 14:46:29.343  2309  2309 I SurfaceFlinger: [com.brgd.brblmesh/com.brgd.brblmesh.Main.Activity.ScanDeviceActivity$_17761#24038] setFrameRateCategory: HighHint
11-26 14:46:29.392  5387  6254 D SatelliteController: isInCarrierRoamingNbIotNtn: satellite is disabled
11-26 14:46:29.393  5841  5841 I EPDG -- SIM0 [SMARTCELLULAR]: onSignalStrengthsChanged: SignalStrength:{mCdma=Invalid,mGsm=Invalid,mWcdma=Invalid,mTdscdma=Invalid,mLte=Invalid,mNr=CellSignalStrengthNr:{ csiRsrp = 2147483647 csiRsrq = 2147483647 csiCqiTableIndex = 2147483647 csiCqiReport = [] ssRsrp = -106 ssRsrq = -13 ssSinr = 10 level = 1 parametersUseForLevel = 0 timingAdvance = 2147483647 },SignalBarInfo{ nrLevel=4 },rat=20,primary=CellSignalStrengthNr}
11-26 14:46:29.445  2272  3450 D DlbDlbEffect: handle_EFFECT_CMD_ENABLE()
11-26 14:46:29.445  2272  3450 D DlbEffectContext: setParam() received parameter EFFECT_PARAM_ENABLE
11-26 14:46:29.445  2272  3450 D DlbDlbEffect: handle_EFFECT_CMD_ENABLE()
11-26 14:46:29.445  2272  3450 D DlbEffectContext: setParam() received parameter EFFECT_PARAM_ENABLE
11-26 14:46:29.462  2272  3447 I SAG_EQ a64: mIsVolumeTableValid yes 
11-26 14:46:29.522  2272  3447 I SAG_EQ a64: mIsVolumeTableValid yes 
11-26 14:46:29.921  2272  3450 D DlbDlbEffect: handle_EFFECT_CMD_ENABLE()
11-26 14:46:29.921  2272  3450 D DlbEffectContext: setParam() received parameter EFFECT_PARAM_ENABLE
11-26 14:46:29.921  2272  3450 D DlbDlbEffect: handle_EFFECT_CMD_ENABLE()
11-26 14:46:29.921  2272  3450 D DlbEffectContext: setParam() received parameter EFFECT_PARAM_ENABLE
11-26 14:46:29.926  2272  3447 I SAG_EQ a64: mIsVolumeTableValid yes 
11-26 14:46:29.982  2272  3447 I SAG_EQ a64: mIsVolumeTableValid yes 
11-26 14:46:30.393  5387  6254 D SatelliteController: isInCarrierRoamingNbIotNtn: satellite is disabled
11-26 14:46:30.395  5841  5841 I EPDG -- SIM0 [SMARTCELLULAR]: onSignalStrengthsChanged: SignalStrength:{mCdma=Invalid,mGsm=Invalid,mWcdma=Invalid,mTdscdma=Invalid,mLte=Invalid,mNr=CellSignalStrengthNr:{ csiRsrp = 2147483647 csiRsrq = 2147483647 csiCqiTableIndex = 2147483647 csiCqiReport = [] ssRsrp = -106 ssRsrq = -12 ssSinr = 10 level = 1 parametersUseForLevel = 0 timingAdvance = 2147483647 },SignalBarInfo{ nrLevel=4 },rat=20,primary=CellSignalStrengthNr}
11-26 14:46:30.781 16232 16248 V BtGatt.GattService: ***** CURRENT BLE ADVERTISING APPS *****
11-26 14:46:30.782 16232 16517 V BtGatt.GattService: ***** CURRENT BLE CONNECTED APPS *****
11-26 14:46:30.783 16232 16248 V ScanController: ***** CURRENT BLE SCANNING APPS *****
11-26 14:46:30.950  2783  5945 I PowerManagerService: [PWL] SetWakeLockEnableDisable uid = 10327 , disable= false
11-26 14:46:30.956  2783  5945 I PowerManagerService: [PWL] SetWakeLockEnableDisable uid = 10386 , disable= false
11-26 14:46:30.959  2592  2592 I WearableDeviceFactory: getDeviceManager() deviceID = ##:##:##:##:BC:DF mDeviceManagerList = {##:##:##:##:BC:DF=com.samsung.android.hostmanager.manager.GearDeviceManager@3f6552e}
11-26 14:46:31.152  5161  5161 D Bubbles : onEntryUpdated : shouldBubbleUp=false ,key=-1|com.android.systemui|2131364006|charging_state|10046
11-26 14:46:31.172  5161  5161 W RefactorFlag: New code path expects SceneContainerFlag to be enabled.
11-26 14:46:31.172  5161  5161 D ExpandableNotifRow: mMaxSmallHeight different before reInflateViews mMaxSmallHeight: 270 mTempSmallHeight:0 -1|com.android.systemui|2131364006|charging_state|10046
11-26 14:46:31.172  5161  5161 D ExpandableNotifRow: mMaxSmallHeight different before reInflateViews mMaxSmallHeight: 270 mTempSmallHeight:0 -1|com.android.systemui|2131364006|charging_state|10046
11-26 14:46:31.177  5161  5819 D LocalImageResolver: Couldn't use ImageDecoder for drawable, falling back to non-resized load.
11-26 14:46:31.177  5161  5819 D LocalImageResolver: Couldn't use ImageDecoder for drawable, falling back to non-resized load.
11-26 14:46:31.178  5161  5161 D LocalImageResolver: Couldn't use ImageDecoder for drawable, falling back to non-resized load.
11-26 14:46:31.183  5161  5161 W RefactorFlag: New code path expects SceneContainerFlag to be enabled.
11-26 14:46:31.188  5161  5161 D ExpandableNotifRow: mMaxSmallHeight different before reInflateViews mMaxSmallHeight: 270 mTempSmallHeight:0 -1|com.android.systemui|2131364006|charging_state|10046
11-26 14:46:31.188  5161  5161 D ExpandableNotifRow: mMaxSmallHeight different before reInflateViews mMaxSmallHeight: 270 mTempSmallHeight:0 -1|com.android.systemui|2131364006|charging_state|10046
11-26 14:46:31.188  5161  5161 D ExpandableNotifRow: mMaxSmallHeight different before reInflateViews mMaxSmallHeight: 270 mTempSmallHeight:0 -1|com.android.systemui|2131364006|charging_state|10046
11-26 14:46:31.188  5161  5161 D ExpandableNotifRow: mMaxSmallHeight different before reInflateViews mMaxSmallHeight: 270 mTempSmallHeight:0 -1|com.android.systemui|2131364006|charging_state|10046
11-26 14:46:31.189  5161  5161 D LocalImageResolver: Couldn't use ImageDecoder for drawable, falling back to non-resized load.
11-26 14:46:31.196  5161  5161 W RefactorFlag: New code path expects SceneContainerFlag to be enabled.
11-26 14:46:31.196  5161  5161 D ExpandableNotifRow: mMaxSmallHeight different before reInflateViews mMaxSmallHeight: 270 mTempSmallHeight:0 -1|com.android.systemui|2131364006|charging_state|10046
11-26 14:46:31.196  5161  5161 D ExpandableNotifRow: mMaxSmallHeight different before reInflateViews mMaxSmallHeight: 270 mTempSmallHeight:0 -1|com.android.systemui|2131364006|charging_state|10046
11-26 14:46:31.357 17761 30634 I jyq_helper: getPayloadWithInnerRetry---> payload:000000000000000000000000,  key: 
11-26 14:46:31.357 17761 30634 I jyq_helper: getPayloadWithInnerRetry---> mSendCnt:139,  sSendSeq:23,  seq:23
11-26 14:46:31.357 17761 30634 W jyq_forward: flag: 0
11-26 14:46:31.357 17761 30630 D BluetoothAdapter: isLeEnabled(): ON
11-26 14:46:31.357 17761 17779 D jyq_helper: doStopSend().stopAdvertising--->
11-26 14:46:31.357 17761 17779 I jyq_helper: send---> payload:5e2184d25e367bc45e367bc45e367bc4, calculatedPayload:6db64368931d0d125c68c63e5f0f65ca0a67aa63130b4a01, len:24
11-26 14:46:31.357 17761 17779 D BluetoothAdapter: isLeEnabled(): ON
11-26 14:46:31.357 17761 17779 D BluetoothAdapter: isLeEnabled(): ON
11-26 14:46:31.358 16232 16248 D ScannerMap: add() - appUid: 10384, appPid: 17761, appName: com.brgd.brblmesh, uuid : 9f3b8169-7c75-4737-8205-617b51eef888
11-26 14:46:31.361 16232 16248 D AppScanStats: recordScanStart() - app: com.brgd.brblmesh(uid=10384), max duty cycle updated from 0 to 100
11-26 14:46:31.361 16232 16248 D AppScanStats: recordScanStart() - app: com.brgd.brblmesh(uid=10384), first scan started at 11-26 14:46:31.361
11-26 14:46:31.361 16232 16248 D AppScanStats: recordScanStart() - app: com.brgd.brblmesh(uid=10384), isUnoptimized: true, maxDutyCycle: 100, note ble duty scan started
11-26 14:46:31.361 16232 16264 I bluetooth: system/gd/hci/le_advertising_manager.cc:1307 enable_advertiser: advertiser_id=4
11-26 14:46:31.361 16232 16248 D AppScanStats: recordScanStart() - app: com.brgd.brblmesh(uid=10384), # of scans started/stopped/ongoing: 7/6/1
11-26 14:46:31.362  5161  5228 D AppOpsPrivacyItemMonitor: showLocationSystemApps  AppOpItem(Op code=1, UID=10384, AttributionTag=null, Package name=com.brgd.brblmesh, Paused=false)
11-26 14:46:31.362 16232 16248 D ScanManager: startScan() ScanClient [scannerIf=13, appUid=10384, appPid=17761, appName=com.brgd.brblmesh, scanModeApp=2, scanModeUsed=2, callbackType=1, matchMode=1, reportDelayMillis=0]
11-26 14:46:31.362 17761 30630 W jyq_helper: start LeScanCmd: true
11-26 14:46:31.363 16232 16404 E ScanManager: [GSIM LOG]: gsimLogHandler, msg: MESSAGE_SCAN_START, appName: com.brgd.brblmesh, scannerId: 13, reportDelayMillis=0
11-26 14:46:31.363 16232 16404 I bt_shim_scanner: system/main/shim/le_scanning_manager.cc:260 ScanFilterEnable: in shim layer
11-26 14:46:31.363 16232 16390 D ScanController: onScanFilterEnableDisabled() - clientIf=13, status=0, action=1
11-26 14:46:31.363 16232 16404 D ScanManager: configureFilterParamter() : onFoundTimeout | onLostTimeout | onFoundCount | numOfTrackingEntries | scanFilterRssiThreshold | trackableScanFilterRssiThreshold | matchMode
11-26 14:46:31.364 16232 16390 D ScanController: onScanFilterParamsConfigured() - clientIf=13, status=0, action=0, availableSpace=0
11-26 14:46:31.364 16232 16404 D ScanManager: Start gattClientScanNative with old 1M scanMode 0 new 1M scanMode 2 ( in scan unit: 6553 / 6553,  old coded scanMode -2147483648 new coded scanMode -2147483648 ( in scan unit: 0 / 0, scanPhyMask: 1 ) ScanClient [scannerIf=13, appUid=10384, appPid=17761, appName=com.brgd.brblmesh, scanModeApp=2, scanModeUsed=2, callbackType=1, matchMode=1, reportDelayMillis=0] / null
11-26 14:46:31.367  5161  5161 W RefactorFlag: New code path expects SceneContainerFlag to be enabled.
11-26 14:46:31.374  5686  5748 I HoneySpace.StatusIconTracker: invokeEvent() called with: event = PrivacyInfo(visible=false)
11-26 14:46:31.375  5161  5161 W View    : requestLayout() improperly called by com.android.systemui.qs.SecQSGradationDrawableView{a45a804 V.E...... ......ID 0,0-1440,443 #7f0a0a16 app:id/qs_gradation_view} during layout: running second layout pass
11-26 14:46:31.375  5161  5161 W RefactorFlag: New code path expects SceneContainerFlag to be enabled.
11-26 14:46:31.382 16232 16403 E BtGatt.AdvertiseManager: [GSIM LOG]: gsimLogHandler, msg: MESSAGE_ADV_SET_START, appName: com.brgd.brblmesh, id: 4, isLegacy: true
11-26 14:46:31.382 17761 17761 D jyq_helper: Advertise start succeeds: Settings [mAdvertiseMode=2, mAdvertiseTxPowerLevel=3, mAdvertiseConnectable=true, mAdvertiseDiscoverable=true, mAdvertiseTimeoutMillis=0, mOwnAddressType=-1]
11-26 14:46:31.388  2272  3450 D DlbDlbEffect: handle_EFFECT_CMD_ENABLE()
11-26 14:46:31.388  2272  3450 D DlbEffectContext: setParam() received parameter EFFECT_PARAM_ENABLE
11-26 14:46:31.388  2272  3450 D DlbDlbEffect: handle_EFFECT_CMD_ENABLE()
11-26 14:46:31.388  2272  3450 D DlbEffectContext: setParam() received parameter EFFECT_PARAM_ENABLE
11-26 14:46:31.402  2272  3447 I SAG_EQ a64: mIsVolumeTableValid yes 
11-26 14:46:31.462  2272  3447 I SAG_EQ a64: mIsVolumeTableValid yes 
11-26 14:46:31.656 17761 30632 I jyq_helper: getPayloadWithInnerRetry---> payload:000000000000000000000000,  key: 
11-26 14:46:31.656 17761 30632 I jyq_helper: getPayloadWithInnerRetry---> mSendCnt:140,  sSendSeq:24,  seq:24
11-26 14:46:31.656 17761 30632 W jyq_forward: flag: 0
11-26 14:46:31.657 17761 17779 D jyq_helper: doStopSend().stopAdvertising--->
11-26 14:46:31.659 17761 17779 I jyq_helper: send---> payload:5e2e84d35e367bc45e367bc45e367bc4, calculatedPayload:6db64368931d0d1d5c69c63e5f0f65ca0a67aa63130b52a5, len:24
11-26 14:46:31.659 17761 17779 D BluetoothAdapter: isLeEnabled(): ON
11-26 14:46:31.659 17761 17779 D BluetoothAdapter: isLeEnabled(): ON
11-26 14:46:31.659 16232 16403 E BtGatt.AdvertiseManager: [GSIM LOG]: gsimLogHandler, msg: MESSAGE_ADV_SET_STOP, appName: com.brgd.brblmesh, id: 4, isLegacy: true
11-26 14:46:31.665 16232 16264 I bluetooth: system/gd/hci/le_advertising_manager.cc:1307 enable_advertiser: advertiser_id=4
11-26 14:46:31.678 16232 16403 E BtGatt.AdvertiseManager: [GSIM LOG]: gsimLogHandler, msg: MESSAGE_ADV_SET_START, appName: com.brgd.brblmesh, id: 4, isLegacy: true
11-26 14:46:31.678 17761 17761 D jyq_helper: Advertise start succeeds: Settings [mAdvertiseMode=2, mAdvertiseTxPowerLevel=3, mAdvertiseConnectable=true, mAdvertiseDiscoverable=true, mAdvertiseTimeoutMillis=0, mOwnAddressType=-1]
11-26 14:46:31.857 17761 30634 I jyq_helper: getPayloadWithInnerRetry---> payload:000000000000000000000000,  key: 
11-26 14:46:31.857 17761 30634 I jyq_helper: getPayloadWithInnerRetry---> mSendCnt:141,  sSendSeq:25,  seq:25
11-26 14:46:31.857 17761 30634 W jyq_forward: flag: 0
11-26 14:46:31.857 17761 17779 D jyq_helper: doStopSend().stopAdvertising--->
11-26 14:46:31.859 17761 17779 I jyq_helper: send---> payload:5e2f84dc5e367bc45e367bc45e367bc4, calculatedPayload:6db64368931d0d1c5c66c63e5f0f65ca0a67aa63130b53d8, len:24
11-26 14:46:31.859 17761 17779 D BluetoothAdapter: isLeEnabled(): ON
11-26 14:46:31.859 17761 17779 D BluetoothAdapter: isLeEnabled(): ON
11-26 14:46:31.860 16232 16403 E BtGatt.AdvertiseManager: [GSIM LOG]: gsimLogHandler, msg: MESSAGE_ADV_SET_STOP, appName: com.brgd.brblmesh, id: 4, isLegacy: true
11-26 14:46:31.863 16232 16264 I bluetooth: system/gd/hci/le_advertising_manager.cc:1307 enable_advertiser: advertiser_id=4
11-26 14:46:31.870 16232 16403 E BtGatt.AdvertiseManager: [GSIM LOG]: gsimLogHandler, msg: MESSAGE_ADV_SET_START, appName: com.brgd.brblmesh, id: 4, isLegacy: true
11-26 14:46:31.870 17761 17761 D jyq_helper: Advertise start succeeds: Settings [mAdvertiseMode=2, mAdvertiseTxPowerLevel=3, mAdvertiseConnectable=true, mAdvertiseDiscoverable=true, mAdvertiseTimeoutMillis=0, mOwnAddressType=-1]
11-26 14:46:32.289 16232 16264 V bt_btm_ble: system/stack/btm/btm_ble_gap.cc:2015 btm_ble_process_adv_addr: bda=xx:xx:xx:xx:30:7f
11-26 14:46:32.289 16232 16264 V bluetooth: system/gd/hci/le_scanning_reassembler.cc:62 ProcessAdvertisingReport: Dropping repeated legacy advertising data
11-26 14:46:32.290 16232 16264 V bluetooth: system/gd/hci/le_scanning_reassembler.cc:85 ProcessAdvertisingReport: Ignoring advertising report when scan response is expected or current data is marked incomplete
11-26 14:46:32.290 16232 16264 V bt_btm_ble: system/stack/btm/btm_ble_gap.cc:2015 btm_ble_process_adv_addr: bda=xx:xx:xx:xx:30:7f
11-26 14:46:32.290 16232 16264 V bluetooth: system/gd/hci/le_scanning_reassembler.cc:96 ProcessAdvertisingReport: Full advertising report has been reassembled
11-26 14:46:32.290 16232 16259 V bt_btm_ble: system/stack/btm/btm_ble_gap.cc:1999 btm_ble_update_inq_result: NOT_BR/EDR support bit set, treat device as LE only
11-26 14:46:32.293 17761 17761 I jyq_helper: onLeScan: MELK-OA21   7F - 62 - 0201060f094d454c4b2d4f41323120202037460f094d454c4b2d4f4132312020203746000000000000000000000000000000000000000000000000000000
11-26 14:46:32.300 16232 16264 V bt_btm_ble: system/stack/btm/btm_ble_gap.cc:2015 btm_ble_process_adv_addr: bda=xx:xx:xx:xx:03:f9
11-26 14:46:32.301 16232 16264 V bluetooth: system/gd/hci/le_scanning_reassembler.cc:62 ProcessAdvertisingReport: Dropping repeated legacy advertising data
11-26 14:46:32.301 16232 16264 V bluetooth: system/gd/hci/le_scanning_reassembler.cc:85 ProcessAdvertisingReport: Ignoring advertising report when scan response is expected or current data is marked incomplete
11-26 14:46:32.302 16232 16264 V bt_btm_ble: system/stack/btm/btm_ble_gap.cc:2015 btm_ble_process_adv_addr: bda=xx:xx:xx:xx:01:61
11-26 14:46:32.302 16232 16264 V bluetooth: system/gd/hci/le_scanning_reassembler.cc:62 ProcessAdvertisingReport: Dropping repeated legacy advertising data
11-26 14:46:32.302 16232 16264 V bluetooth: system/gd/hci/le_scanning_reassembler.cc:85 ProcessAdvertisingReport: Ignoring advertising report when scan response is expected or current data is marked incomplete
11-26 14:46:32.302 16232 16264 V bt_btm_ble: system/stack/btm/btm_ble_gap.cc:2015 btm_ble_process_adv_addr: bda=xx:xx:xx:xx:01:61
11-26 14:46:32.302 16232 16264 V bluetooth: system/gd/hci/le_scanning_reassembler.cc:96 ProcessAdvertisingReport: Full advertising report has been reassembled
11-26 14:46:32.302 16232 16259 V bt_btm_ble: system/stack/btm/btm_ble_gap.cc:1999 btm_ble_update_inq_result: NOT_BR/EDR support bit set, treat device as LE only
11-26 14:46:32.303 17761 17761 V jyq_helper: onLeScan(repeat,ignored): BE:28:4A:00:01:61 - 0201060f094d454c4b2d4f41323120202036310f094d454c4b2d4f4132312020203631000000000000000000000000000000000000000000000000000000
11-26 14:46:32.334 16232 16264 V bt_btm_ble: system/stack/btm/btm_ble_gap.cc:2015 btm_ble_process_adv_addr: bda=xx:xx:xx:xx:b3:bb
11-26 14:46:32.334 16232 16264 V bluetooth: system/gd/hci/le_scanning_reassembler.cc:62 ProcessAdvertisingReport: Dropping repeated legacy advertising data
11-26 14:46:32.334 16232 16264 V bluetooth: system/gd/hci/le_scanning_reassembler.cc:85 ProcessAdvertisingReport: Ignoring advertising report when scan response is expected or current data is marked incomplete
11-26 14:46:32.335 16232 16264 V bt_btm_ble: system/stack/btm/btm_ble_gap.cc:2015 btm_ble_process_adv_addr: bda=xx:xx:xx:xx:b3:bb
11-26 14:46:32.335 16232 16264 V bluetooth: system/gd/hci/le_scanning_reassembler.cc:96 ProcessAdvertisingReport: Full advertising report has been reassembled
11-26 14:46:32.335 16232 16259 V bt_btm_ble: system/stack/btm/btm_ble_gap.cc:1996 btm_ble_update_inq_result: Random address, treat device as LE only
11-26 14:46:32.339 17761 17761 V jyq_helper: onLeScan: null - 62 - 02010203039ffe17169ffe000000000000000000000000000000000000000009ffe0000aa0cac87f8c000000000000000000000000000000000000000000
11-26 14:46:32.341 16232 16264 V bt_btm_ble: system/stack/btm/btm_ble_gap.cc:2015 btm_ble_process_adv_addr: bda=xx:xx:xx:xx:0b:2c
11-26 14:46:32.341 16232 16264 V bluetooth: system/gd/hci/le_scanning_reassembler.cc:62 ProcessAdvertisingReport: Dropping repeated legacy advertising data
11-26 14:46:32.341 16232 16264 V bluetooth: system/gd/hci/le_scanning_reassembler.cc:85 ProcessAdvertisingReport: Ignoring advertising report when scan response is expected or current data is marked incomplete
11-26 14:46:32.341 16232 16264 V bt_btm_ble: system/stack/btm/btm_ble_gap.cc:2015 btm_ble_process_adv_addr: bda=xx:xx:xx:xx:0b:2c
11-26 14:46:32.341 16232 16264 V bluetooth: system/gd/hci/le_scanning_reassembler.cc:96 ProcessAdvertisingReport: Full advertising report has been reassembled
11-26 14:46:32.341 16232 16259 V bt_btm_ble: system/stack/btm/btm_ble_gap.cc:1999 btm_ble_update_inq_result: NOT_BR/EDR support bit set, treat device as LE only
11-26 14:46:32.342 16232 16264 V bt_btm_ble: system/stack/btm/btm_ble_gap.cc:2015 btm_ble_process_adv_addr: bda=xx:xx:xx:xx:30:7f
11-26 14:46:32.342 16232 16264 V bluetooth: system/gd/hci/le_scanning_reassembler.cc:62 ProcessAdvertisingReport: Dropping repeated legacy advertising data
11-26 14:46:32.342 16232 16264 V bluetooth: system/gd/hci/le_scanning_reassembler.cc:85 ProcessAdvertisingReport: Ignoring advertising report when scan response is expected or current data is marked incomplete
11-26 14:46:32.342 16232 16264 V bt_btm_ble: system/stack/btm/btm_ble_gap.cc:2015 btm_ble_process_adv_addr: bda=xx:xx:xx:xx:30:7f
11-26 14:46:32.342 16232 16264 V bluetooth: system/gd/hci/le_scanning_reassembler.cc:96 ProcessAdvertisingReport: Full advertising report has been reassembled
11-26 14:46:32.342 16232 16259 V bt_btm_ble: system/stack/btm/btm_ble_gap.cc:1999 btm_ble_update_inq_result: NOT_BR/EDR support bit set, treat device as LE only
11-26 14:46:32.343 17761 17761 I jyq_helper: onLeScan: Govee_H605B_0B2C - 62 - 0201061109476f7665655f48363035425f3042324308ff0288ec000101011109476f7665655f48363035425f304232430000000000000000000000000000
11-26 14:46:32.344 17761 17761 V jyq_helper: onLeScan(repeat,ignored): BE:28:4A:00:30:7F - 0201060f094d454c4b2d4f41323120202037460f094d454c4b2d4f4132312020203746000000000000000000000000000000000000000000000000000000
11-26 14:46:32.344 16232 16264 V bt_btm_ble: system/stack/btm/btm_ble_gap.cc:2015 btm_ble_process_adv_addr: bda=xx:xx:xx:xx:7e:a7
11-26 14:46:32.344 16232 16264 V bluetooth: system/gd/hci/le_scanning_reassembler.cc:62 ProcessAdvertisingReport: Dropping repeated legacy advertising data
11-26 14:46:32.344 16232 16264 V bluetooth: system/gd/hci/le_scanning_reassembler.cc:85 ProcessAdvertisingReport: Ignoring advertising report when scan response is expected or current data is marked incomplete
11-26 14:46:32.344 16232 16264 V bt_btm_ble: system/stack/btm/btm_ble_gap.cc:2015 btm_ble_process_adv_addr: bda=xx:xx:xx:xx:7e:a7
11-26 14:46:32.344 16232 16264 V bluetooth: system/gd/hci/le_scanning_reassembler.cc:96 ProcessAdvertisingReport: Full advertising report has been reassembled
11-26 14:46:32.344 16232 16259 V bt_btm_ble: system/stack/btm/btm_ble_gap.cc:1996 btm_ble_update_inq_result: Random address, treat device as LE only
11-26 14:46:32.345 17761 17761 V jyq_helper: onLeScan: null - 62 - 1eff4c000719050055100000010ab0bd682a5890905be618dcff85e83aa11e00000000000000000000000000000000000000000000000000000000000000
11-26 14:46:32.357 17761 30634 I jyq_helper: getPayloadWithInnerRetry---> payload:000000000000000000000000,  key: 
11-26 14:46:32.357 17761 30634 I jyq_helper: getPayloadWithInnerRetry---> mSendCnt:142,  sSendSeq:26,  seq:26
11-26 14:46:32.357 17761 30634 W jyq_forward: flag: 0
11-26 14:46:32.358 17761 17779 D jyq_helper: doStopSend().stopAdvertising--->
11-26 14:46:32.359 17761 17779 I jyq_helper: send---> payload:5e2c84dd5e367bc45e367bc45e367bc4, calculatedPayload:6db64368931d0d1f5c67c63e5f0f65ca0a67aa63130b8005, len:24
11-26 14:46:32.359 17761 17779 D BluetoothAdapter: isLeEnabled(): ON
11-26 14:46:32.359 17761 17779 D BluetoothAdapter: isLeEnabled(): ON
11-26 14:46:32.359 16232 16403 E BtGatt.AdvertiseManager: [GSIM LOG]: gsimLogHandler, msg: MESSAGE_ADV_SET_STOP, appName: com.brgd.brblmesh, id: 4, isLegacy: true
11-26 14:46:32.363 16232 16264 I bluetooth: system/gd/hci/le_advertising_manager.cc:1307 enable_advertiser: advertiser_id=4
11-26 14:46:32.365 16232 16264 V bt_btm_ble: system/stack/btm/btm_ble_gap.cc:2015 btm_ble_process_adv_addr: bda=xx:xx:xx:xx:54:43
11-26 14:46:32.365 16232 16264 V bluetooth: system/gd/hci/le_scanning_reassembler.cc:62 ProcessAdvertisingReport: Dropping repeated legacy advertising data
11-26 14:46:32.365 16232 16264 V bluetooth: system/gd/hci/le_scanning_reassembler.cc:96 ProcessAdvertisingReport: Full advertising report has been reassembled
11-26 14:46:32.365 16232 16259 V bt_btm_ble: system/stack/btm/btm_ble_gap.cc:1999 btm_ble_update_inq_result: NOT_BR/EDR support bit set, treat device as LE only
11-26 14:46:32.367 17761 17761 V jyq_helper: onLeScan: null - 62 - 1eff060001092022f310aec6c0b685f72a2d75a4fd9922f3acf10a152a714700000000000000000000000000000000000000000000000000000000000000
11-26 14:46:32.368 16232 16264 V bt_btm_ble: system/stack/btm/btm_ble_gap.cc:2015 btm_ble_process_adv_addr: bda=xx:xx:xx:xx:c6:62
11-26 14:46:32.368 16232 16264 V bluetooth: system/gd/hci/le_scanning_reassembler.cc:62 ProcessAdvertisingReport: Dropping repeated legacy advertising data
11-26 14:46:32.368 16232 16264 V bluetooth: system/gd/hci/le_scanning_reassembler.cc:85 ProcessAdvertisingReport: Ignoring advertising report when scan response is expected or current data is marked incomplete
11-26 14:46:32.368 16232 16264 V bt_btm_ble: system/stack/btm/btm_ble_gap.cc:2015 btm_ble_process_adv_addr: bda=xx:xx:xx:xx:c6:62
11-26 14:46:32.368 16232 16264 V bluetooth: system/gd/hci/le_scanning_reassembler.cc:96 ProcessAdvertisingReport: Full advertising report has been reassembled
11-26 14:46:32.369 16232 16259 V bt_btm_ble: system/stack/btm/btm_ble_gap.cc:1999 btm_ble_update_inq_result: NOT_BR/EDR support bit set, treat device as LE only
11-26 14:46:32.370 17761 17761 I jyq_helper: onLeScan: PROV_49C660v - 62 - 0201061107fb349b5f8000008000100000ffff00000d0950524f565f34394336363076000000000000000000000000000000000000000000000000000000
11-26 14:46:32.372 16232 16403 E BtGatt.AdvertiseManager: [GSIM LOG]: gsimLogHandler, msg: MESSAGE_ADV_SET_START, appName: com.brgd.brblmesh, id: 4, isLegacy: true
11-26 14:46:32.372 17761 17761 D jyq_helper: Advertise start succeeds: Settings [mAdvertiseMode=2, mAdvertiseTxPowerLevel=3, mAdvertiseConnectable=true, mAdvertiseDiscoverable=true, mAdvertiseTimeoutMillis=0, mOwnAddressType=-1]
11-26 14:46:32.380 16232 16264 V bt_btm_ble: system/stack/btm/btm_ble_gap.cc:2015 btm_ble_process_adv_addr: bda=xx:xx:xx:xx:10:7e
11-26 14:46:32.380 16232 16264 V bluetooth: system/gd/hci/le_scanning_reassembler.cc:62 ProcessAdvertisingReport: Dropping repeated legacy advertising data
11-26 14:46:32.380 16232 16264 V bluetooth: system/gd/hci/le_scanning_reassembler.cc:96 ProcessAdvertisingReport: Full advertising report has been reassembled
11-26 14:46:32.381 16232 16259 V bt_btm_ble: system/stack/btm/btm_ble_gap.cc:1999 btm_ble_update_inq_result: NOT_BR/EDR support bit set, treat device as LE only
11-26 14:46:32.382 17761 17761 V jyq_helper: onLeScan: null - 62 - 1eff060001092022526397490d9588f19cedb6fc893eb28dc2d675bce3132000000000000000000000000000000000000000000000000000000000000000
11-26 14:46:32.385 16232 16264 V bt_btm_ble: system/stack/btm/btm_ble_gap.cc:2015 btm_ble_process_adv_addr: bda=xx:xx:xx:xx:27:31
11-26 14:46:32.385 16232 16264 V bluetooth: system/gd/hci/le_scanning_reassembler.cc:62 ProcessAdvertisingReport: Dropping repeated legacy advertising data
11-26 14:46:32.385 16232 16264 V bluetooth: system/gd/hci/le_scanning_reassembler.cc:85 ProcessAdvertisingReport: Ignoring advertising report when scan response is expected or current data is marked incomplete
11-26 14:46:32.386 16232 16264 V bt_btm_ble: system/stack/btm/btm_ble_gap.cc:2015 btm_ble_process_adv_addr: bda=xx:xx:xx:xx:27:31
11-26 14:46:32.386 16232 16264 V bluetooth: system/gd/hci/le_scanning_reassembler.cc:96 ProcessAdvertisingReport: Full advertising report has been reassembled
11-26 14:46:32.386 16232 16259 V bt_btm_ble: system/stack/btm/btm_ble_gap.cc:1999 btm_ble_update_inq_result: NOT_BR/EDR support bit set, treat device as LE only
11-26 14:46:32.388 17761 17761 I jyq_helper: onLeScan: MELK-OA21   31 - 62 - 0201060f094d454c4b2d4f41323120202033310f094d454c4b2d4f4132312020203331000000000000000000000000000000000000000000000000000000
11-26 14:46:32.436 16232 16264 V bt_btm_ble: system/stack/btm/btm_ble_gap.cc:2015 btm_ble_process_adv_addr: bda=xx:xx:xx:xx:01:61
11-26 14:46:32.436 16232 16264 V bluetooth: system/gd/hci/le_scanning_reassembler.cc:62 ProcessAdvertisingReport: Dropping repeated legacy advertising data
11-26 14:46:32.436 16232 16264 V bluetooth: system/gd/hci/le_scanning_reassembler.cc:85 ProcessAdvertisingReport: Ignoring advertising report when scan response is expected or current data is marked incomplete
11-26 14:46:32.437 16232 16264 V bt_btm_ble: system/stack/btm/btm_ble_gap.cc:2015 btm_ble_process_adv_addr: bda=xx:xx:xx:xx:27:31
11-26 14:46:32.437 16232 16264 V bluetooth: system/gd/hci/le_scanning_reassembler.cc:62 ProcessAdvertisingReport: Dropping repeated legacy advertising data
11-26 14:46:32.437 16232 16264 V bluetooth: system/gd/hci/le_scanning_reassembler.cc:85 ProcessAdvertisingReport: Ignoring advertising report when scan response is expected or current data is marked incomplete
11-26 14:46:32.437 16232 16264 V bt_btm_ble: system/stack/btm/btm_ble_gap.cc:2015 btm_ble_process_adv_addr: bda=xx:xx:xx:xx:27:31
11-26 14:46:32.437 16232 16264 V bluetooth: system/gd/hci/le_scanning_reassembler.cc:96 ProcessAdvertisingReport: Full advertising report has been reassembled
11-26 14:46:32.437 16232 16259 V bt_btm_ble: system/stack/btm/btm_ble_gap.cc:1999 btm_ble_update_inq_result: NOT_BR/EDR support bit set, treat device as LE only
11-26 14:46:32.438 17761 17761 V jyq_helper: onLeScan(repeat,ignored): BE:28:4A:00:27:31 - 0201060f094d454c4b2d4f41323120202033310f094d454c4b2d4f4132312020203331000000000000000000000000000000000000000000000000000000
11-26 14:46:32.442 16232 16264 V bt_btm_ble: system/stack/btm/btm_ble_gap.cc:2015 btm_ble_process_adv_addr: bda=xx:xx:xx:xx:0b:2c
11-26 14:46:32.442 16232 16264 V bluetooth: system/gd/hci/le_scanning_reassembler.cc:62 ProcessAdvertisingReport: Dropping repeated legacy advertising data
11-26 14:46:32.442 16232 16264 V bluetooth: system/gd/hci/le_scanning_reassembler.cc:85 ProcessAdvertisingReport: Ignoring advertising report when scan response is expected or current data is marked incomplete
11-26 14:46:32.442 16232 16264 V bt_btm_ble: system/stack/btm/btm_ble_gap.cc:2015 btm_ble_process_adv_addr: bda=xx:xx:xx:xx:0b:2c
11-26 14:46:32.442 16232 16264 V bluetooth: system/gd/hci/le_scanning_reassembler.cc:96 ProcessAdvertisingReport: Full advertising report has been reassembled
11-26 14:46:32.442 16232 16259 V bt_btm_ble: system/stack/btm/btm_ble_gap.cc:1999 btm_ble_update_inq_result: NOT_BR/EDR support bit set, treat device as LE only
11-26 14:46:32.444 16232 16264 V bt_btm_ble: system/stack/btm/btm_ble_gap.cc:2015 btm_ble_process_adv_addr: bda=xx:xx:xx:xx:57:e2
11-26 14:46:32.445 16232 16264 V bluetooth: system/gd/hci/le_scanning_reassembler.cc:62 ProcessAdvertisingReport: Dropping repeated legacy advertising data
11-26 14:46:32.445 16232 16264 V bluetooth: system/gd/hci/le_scanning_reassembler.cc:85 ProcessAdvertisingReport: Ignoring advertising report when scan response is expected or current data is marked incomplete
11-26 14:46:32.445 17761 17761 I jyq_helper: onLeScan: Govee_H605B_0B2C - 62 - 0201061109476f7665655f48363035425f3042324308ff0288ec000101011109476f7665655f48363035425f304232430000000000000000000000000000
11-26 14:46:32.445 16232 16264 V bt_btm_ble: system/stack/btm/btm_ble_gap.cc:2015 btm_ble_process_adv_addr: bda=xx:xx:xx:xx:57:e2
11-26 14:46:32.445 16232 16264 V bluetooth: system/gd/hci/le_scanning_reassembler.cc:96 ProcessAdvertisingReport: Full advertising report has been reassembled
11-26 14:46:32.445 16232 16259 V bt_btm_ble: system/stack/btm/btm_ble_gap.cc:1999 btm_ble_update_inq_result: NOT_BR/EDR support bit set, treat device as LE only
11-26 14:46:32.446 17761 17761 I jyq_helper: onLeScan: PROV_B957E0v - 62 - 0201061107fb349b5f8000008000100000ffff00000d0950524f565f42393537453076000000000000000000000000000000000000000000000000000000
11-26 14:46:32.460 16232 16264 V bt_btm_ble: system/stack/btm/btm_ble_gap.cc:2015 btm_ble_process_adv_addr: bda=xx:xx:xx:xx:30:7f
11-26 14:46:32.460 16232 16264 V bluetooth: system/gd/hci/le_scanning_reassembler.cc:62 ProcessAdvertisingReport: Dropping repeated legacy advertising data
11-26 14:46:32.460 16232 16264 V bluetooth: system/gd/hci/le_scanning_reassembler.cc:85 ProcessAdvertisingReport: Ignoring advertising report when scan response is expected or current data is marked incomplete
11-26 14:46:32.460 16232 16264 V bt_btm_ble: system/stack/btm/btm_ble_gap.cc:2015 btm_ble_process_adv_addr: bda=xx:xx:xx:xx:30:7f
11-26 14:46:32.460 16232 16264 V bluetooth: system/gd/hci/le_scanning_reassembler.cc:96 ProcessAdvertisingReport: Full advertising report has been reassembled
11-26 14:46:32.460 16232 16259 V bt_btm_ble: system/stack/btm/btm_ble_gap.cc:1999 btm_ble_update_inq_result: NOT_BR/EDR support bit set, treat device as LE only
11-26 14:46:32.463 17761 17761 I jyq_helper: onLeScan: MELK-OA21   7F - 62 - 0201060f094d454c4b2d4f41323120202037460f094d454c4b2d4f4132312020203746000000000000000000000000000000000000000000000000000000
11-26 14:46:32.480 16232 16264 V bt_btm_ble: system/stack/btm/btm_ble_gap.cc:2015 btm_ble_process_adv_addr: bda=xx:xx:xx:xx:47:35
11-26 14:46:32.480 16232 16264 V bluetooth: system/gd/hci/le_scanning_reassembler.cc:62 ProcessAdvertisingReport: Dropping repeated legacy advertising data
11-26 14:46:32.480 16232 16264 V bluetooth: system/gd/hci/le_scanning_reassembler.cc:85 ProcessAdvertisingReport: Ignoring advertising report when scan response is expected or current data is marked incomplete
11-26 14:46:32.481 16232 16264 V bt_btm_ble: system/stack/btm/btm_ble_gap.cc:2015 btm_ble_process_adv_addr: bda=xx:xx:xx:xx:47:35
11-26 14:46:32.481 16232 16264 V bluetooth: system/gd/hci/le_scanning_reassembler.cc:96 ProcessAdvertisingReport: Full advertising report has been reassembled
11-26 14:46:32.481 16232 16259 V bt_btm_ble: system/stack/btm/btm_ble_gap.cc:1999 btm_ble_update_inq_result: NOT_BR/EDR support bit set, treat device as LE only
11-26 14:46:32.485 17761 17761 V jyq_helper: onLeScan: null - 62 - 03039ffe17169ffe000000000000000000000000000000000000000009ffe0000a42ca3d3a0c000000000000000000000000000000000000000000000000
11-26 14:46:32.489 16232 16264 V bt_btm_ble: system/stack/btm/btm_ble_gap.cc:2015 btm_ble_process_adv_addr: bda=xx:xx:xx:xx:27:31
11-26 14:46:32.489 16232 16264 V bluetooth: system/gd/hci/le_scanning_reassembler.cc:62 ProcessAdvertisingReport: Dropping repeated legacy advertising data
11-26 14:46:32.489 16232 16264 V bluetooth: system/gd/hci/le_scanning_reassembler.cc:85 ProcessAdvertisingReport: Ignoring advertising report when scan response is expected or current data is marked incomplete
11-26 14:46:32.489 16232 16264 V bt_btm_ble: system/stack/btm/btm_ble_gap.cc:2015 btm_ble_process_adv_addr: bda=xx:xx:xx:xx:27:31
11-26 14:46:32.489 16232 16264 V bluetooth: system/gd/hci/le_scanning_reassembler.cc:96 ProcessAdvertisingReport: Full advertising report has been reassembled
11-26 14:46:32.489 16232 16259 V bt_btm_ble: system/stack/btm/btm_ble_gap.cc:1999 btm_ble_update_inq_result: NOT_BR/EDR support bit set, treat device as LE only
11-26 14:46:32.492 17761 17761 V jyq_helper: onLeScan(repeat,ignored): BE:28:4A:00:27:31 - 0201060f094d454c4b2d4f41323120202033310f094d454c4b2d4f4132312020203331000000000000000000000000000000000000000000000000000000
11-26 14:46:32.529 16232 16264 V bt_btm_ble: system/stack/btm/btm_ble_gap.cc:2015 btm_ble_process_adv_addr: bda=xx:xx:xx:xx:01:61
11-26 14:46:32.529 16232 16264 V bluetooth: system/gd/hci/le_scanning_reassembler.cc:62 ProcessAdvertisingReport: Dropping repeated legacy advertising data
11-26 14:46:32.529 16232 16264 V bluetooth: system/gd/hci/le_scanning_reassembler.cc:85 ProcessAdvertisingReport: Ignoring advertising report when scan response is expected or current data is marked incomplete
11-26 14:46:32.531 16232 16264 V bt_btm_ble: system/stack/btm/btm_ble_gap.cc:2015 btm_ble_process_adv_addr: bda=xx:xx:xx:xx:01:61
