11-26 14:46:41.434 16232 16264 V bt_btm_ble: system/stack/btm/btm_ble_gap.cc:2015 btm_ble_process_adv_addr: bda=xx:xx:xx:xx:c6:62
11-26 14:46:41.434 16232 16264 V bluetooth: system/gd/hci/le_scanning_reassembler.cc:96 ProcessAdvertisingReport: Full advertising report has been reassembled
11-26 14:46:41.435 16232 16259 V bt_btm_ble: system/stack/btm/btm_ble_gap.cc:1999 btm_ble_update_inq_result: NOT_BR/EDR support bit set, treat device as LE only
11-26 14:46:41.435 16232 16264 V bt_btm_ble: system/stack/btm/btm_ble_gap.cc:2015 btm_ble_process_adv_addr: bda=xx:xx:xx:xx:ca:99
11-26 14:46:41.435 16232 16264 V bluetooth: system/gd/hci/le_scanning_reassembler.cc:62 ProcessAdvertisingReport: Dropping repeated legacy advertising data
11-26 14:46:41.435 16232 16264 V bluetooth: system/gd/hci/le_scanning_reassembler.cc:85 ProcessAdvertisingReport: Ignoring advertising report when scan response is expected or current data is marked incomplete
11-26 14:46:41.435 16232 16264 V bt_btm_ble: system/stack/btm/btm_ble_gap.cc:2015 btm_ble_process_adv_addr: bda=xx:xx:xx:xx:ca:99
11-26 14:46:41.435 16232 16264 V bluetooth: system/gd/hci/le_scanning_reassembler.cc:96 ProcessAdvertisingReport: Full advertising report has been reassembled
11-26 14:46:41.436 16232 16259 V bt_btm_ble: system/stack/btm/btm_ble_gap.cc:1999 btm_ble_update_inq_result: NOT_BR/EDR support bit set, treat device as LE only
11-26 14:46:41.437 17761 17761 I jyq_helper: onLeScan: PROV_49C660v - 62 - 0201061107fb349b5f8000008000100000ffff00000d0950524f565f34394336363076000000000000000000000000000000000000000000000000000000
11-26 14:46:41.440 17761 17761 V jyq_helper: onLeScan: null - 62 - 03039ffe17169ffe000000000000000000000000000000000000000009ffe0000a38ca51e364000000000000000000000000000000000000000000000000
11-26 14:46:41.441 16232 16264 V bt_btm_ble: system/stack/btm/btm_ble_gap.cc:2015 btm_ble_process_adv_addr: bda=xx:xx:xx:xx:f0:60
11-26 14:46:41.441 16232 16264 V bluetooth: system/gd/hci/le_scanning_reassembler.cc:62 ProcessAdvertisingReport: Dropping repeated legacy advertising data
11-26 14:46:41.441 16232 16264 V bluetooth: system/gd/hci/le_scanning_reassembler.cc:96 ProcessAdvertisingReport: Full advertising report has been reassembled
11-26 14:46:41.441 16232 16259 V bt_btm_ble: system/stack/btm/btm_ble_gap.cc:1999 btm_ble_update_inq_result: NOT_BR/EDR support bit set, treat device as LE only
11-26 14:46:41.441 16232 16264 V bt_btm_ble: system/stack/btm/btm_ble_gap.cc:2015 btm_ble_process_adv_addr: bda=xx:xx:xx:xx:f0:60
11-26 14:46:41.441 16232 16264 I bluetooth: system/gd/hci/le_scanning_reassembler.cc:54 ProcessAdvertisingReport: Ignoring scan response received without advertising event
11-26 14:46:41.444 17761 17761 V jyq_helper: onLeScan: null - 62 - 02010403025afd17165afd152fe402b4a67cec35005f59a300000029405f1f00000000000000000000000000000000000000000000000000000000000000
11-26 14:46:41.445 29125 29338 I [-0500]oneconnect[1.8.37.23_01][CORE]: SmartTag@BleParserForTag.parsePacket - [name][bleMac]($)7C:A5[tagState]5[advertisementType]0[privacyId]b4a67cec35005f59[uWBFlag]0[batteryLevel]3[motionDetection]0[lastReceivedTime]1764186401444[rssi]-65[activityTrackingMode]false
11-26 14:46:41.447 29125 29924 I [-0500]oneconnect[1.8.37.23_01][CORE]: SmartTag@DeviceStatusTriggerTaskImpl.isAvailableGattConnection - deviceId: ($)63e68c00 PriorityConnection is set with other mobile. So, a auto connection channel should be remained.
11-26 14:46:41.455 16232 16264 V bt_btm_ble: system/stack/btm/btm_ble_gap.cc:2015 btm_ble_process_adv_addr: bda=xx:xx:xx:xx:0b:2c
11-26 14:46:41.455 16232 16264 V bluetooth: system/gd/hci/le_scanning_reassembler.cc:62 ProcessAdvertisingReport: Dropping repeated legacy advertising data
11-26 14:46:41.455 16232 16264 V bluetooth: system/gd/hci/le_scanning_reassembler.cc:85 ProcessAdvertisingReport: Ignoring advertising report when scan response is expected or current data is marked incomplete
11-26 14:46:41.456 16232 16264 V bt_btm_ble: system/stack/btm/btm_ble_gap.cc:2015 btm_ble_process_adv_addr: bda=xx:xx:xx:xx:0b:2c
11-26 14:46:41.456 16232 16264 V bluetooth: system/gd/hci/le_scanning_reassembler.cc:96 ProcessAdvertisingReport: Full advertising report has been reassembled
11-26 14:46:41.456 16232 16259 V bt_btm_ble: system/stack/btm/btm_ble_gap.cc:1999 btm_ble_update_inq_result: NOT_BR/EDR support bit set, treat device as LE only
11-26 14:46:41.459 17761 17761 I jyq_helper: onLeScan: Govee_H605B_0B2C - 62 - 0201061109476f7665655f48363035425f3042324308ff0288ec000101011109476f7665655f48363035425f304232430000000000000000000000000000
11-26 14:46:41.481 16232 16264 V bt_btm_ble: system/stack/btm/btm_ble_gap.cc:2015 btm_ble_process_adv_addr: bda=xx:xx:xx:xx:30:7f
11-26 14:46:41.481 16232 16264 V bluetooth: system/gd/hci/le_scanning_reassembler.cc:62 ProcessAdvertisingReport: Dropping repeated legacy advertising data
11-26 14:46:41.481 16232 16264 V bluetooth: system/gd/hci/le_scanning_reassembler.cc:85 ProcessAdvertisingReport: Ignoring advertising report when scan response is expected or current data is marked incomplete
11-26 14:46:41.482 16232 16264 V bt_btm_ble: system/stack/btm/btm_ble_gap.cc:2015 btm_ble_process_adv_addr: bda=xx:xx:xx:xx:30:7f
11-26 14:46:41.482 16232 16264 V bluetooth: system/gd/hci/le_scanning_reassembler.cc:96 ProcessAdvertisingReport: Full advertising report has been reassembled
11-26 14:46:41.482 16232 16259 V bt_btm_ble: system/stack/btm/btm_ble_gap.cc:1999 btm_ble_update_inq_result: NOT_BR/EDR support bit set, treat device as LE only
11-26 14:46:41.486 17761 17761 I jyq_helper: onLeScan: MELK-OA21   7F - 62 - 0201060f094d454c4b2d4f41323120202037460f094d454c4b2d4f4132312020203746000000000000000000000000000000000000000000000000000000
11-26 14:46:41.490 16232 16264 V bt_btm_ble: system/stack/btm/btm_ble_gap.cc:2015 btm_ble_process_adv_addr: bda=xx:xx:xx:xx:34:f2
11-26 14:46:41.490 16232 16264 V bluetooth: system/gd/hci/le_scanning_reassembler.cc:62 ProcessAdvertisingReport: Dropping repeated legacy advertising data
11-26 14:46:41.490 16232 16264 V bluetooth: system/gd/hci/le_scanning_reassembler.cc:96 ProcessAdvertisingReport: Full advertising report has been reassembled
11-26 14:46:41.490 16232 16259 V bt_btm_ble: system/stack/btm/btm_ble_gap.cc:1999 btm_ble_update_inq_result: NOT_BR/EDR support bit set, treat device as LE only
11-26 14:46:41.493 17761 17761 V jyq_helper: onLeScan: null - 62 - 07ff4c0012020002000000000000000000000000000000000000000000000000000000000000000000000000000000000000000000000000000000000000
11-26 14:46:41.502 16232 16264 V bt_btm_ble: system/stack/btm/btm_ble_gap.cc:2015 btm_ble_process_adv_addr: bda=xx:xx:xx:xx:54:43
11-26 14:46:41.502 16232 16264 V bluetooth: system/gd/hci/le_scanning_reassembler.cc:62 ProcessAdvertisingReport: Dropping repeated legacy advertising data
11-26 14:46:41.502 16232 16264 V bluetooth: system/gd/hci/le_scanning_reassembler.cc:96 ProcessAdvertisingReport: Full advertising report has been reassembled
11-26 14:46:41.503 16232 16259 V bt_btm_ble: system/stack/btm/btm_ble_gap.cc:1999 btm_ble_update_inq_result: NOT_BR/EDR support bit set, treat device as LE only
11-26 14:46:41.505 16232 16264 V bt_btm_ble: system/stack/btm/btm_ble_gap.cc:2015 btm_ble_process_adv_addr: bda=xx:xx:xx:xx:47:35
11-26 14:46:41.506 16232 16264 V bluetooth: system/gd/hci/le_scanning_reassembler.cc:62 ProcessAdvertisingReport: Dropping repeated legacy advertising data
11-26 14:46:41.506 16232 16264 V bluetooth: system/gd/hci/le_scanning_reassembler.cc:85 ProcessAdvertisingReport: Ignoring advertising report when scan response is expected or current data is marked incomplete
11-26 14:46:41.506 17761 17761 V jyq_helper: onLeScan: null - 62 - 1eff060001092022f310aec6c0b685f72a2d75a4fd9922f3acf10a152a714700000000000000000000000000000000000000000000000000000000000000
11-26 14:46:41.506 16232 16264 V bt_btm_ble: system/stack/btm/btm_ble_gap.cc:2015 btm_ble_process_adv_addr: bda=xx:xx:xx:xx:47:35
11-26 14:46:41.506 16232 16264 V bluetooth: system/gd/hci/le_scanning_reassembler.cc:96 ProcessAdvertisingReport: Full advertising report has been reassembled
11-26 14:46:41.506 16232 16259 V bt_btm_ble: system/stack/btm/btm_ble_gap.cc:1999 btm_ble_update_inq_result: NOT_BR/EDR support bit set, treat device as LE only
11-26 14:46:41.509 17761 17761 V jyq_helper: onLeScan: null - 62 - 03039ffe17169ffe000000000000000000000000000000000000000009ffe0000a42ca3d3a0c000000000000000000000000000000000000000000000000
11-26 14:46:41.517 16232 16264 V bt_btm_ble: system/stack/btm/btm_ble_gap.cc:2015 btm_ble_process_adv_addr: bda=xx:xx:xx:xx:10:7e
11-26 14:46:41.517 16232 16264 V bluetooth: system/gd/hci/le_scanning_reassembler.cc:62 ProcessAdvertisingReport: Dropping repeated legacy advertising data
11-26 14:46:41.517 16232 16264 V bluetooth: system/gd/hci/le_scanning_reassembler.cc:96 ProcessAdvertisingReport: Full advertising report has been reassembled
11-26 14:46:41.517 16232 16259 V bt_btm_ble: system/stack/btm/btm_ble_gap.cc:1999 btm_ble_update_inq_result: NOT_BR/EDR support bit set, treat device as LE only
11-26 14:46:41.519 16232 16264 V bt_btm_ble: system/stack/btm/btm_ble_gap.cc:2015 btm_ble_process_adv_addr: bda=xx:xx:xx:xx:b3:bb
11-26 14:46:41.519 16232 16264 V bluetooth: system/gd/hci/le_scanning_reassembler.cc:62 ProcessAdvertisingReport: Dropping repeated legacy advertising data
11-26 14:46:41.519 16232 16264 V bluetooth: system/gd/hci/le_scanning_reassembler.cc:85 ProcessAdvertisingReport: Ignoring advertising report when scan response is expected or current data is marked incomplete
11-26 14:46:41.520 16232 16264 V bt_btm_ble: system/stack/btm/btm_ble_gap.cc:2015 btm_ble_process_adv_addr: bda=xx:xx:xx:xx:b3:bb
11-26 14:46:41.520 16232 16264 V bluetooth: system/gd/hci/le_scanning_reassembler.cc:96 ProcessAdvertisingReport: Full advertising report has been reassembled
11-26 14:46:41.520 16232 16259 V bt_btm_ble: system/stack/btm/btm_ble_gap.cc:1996 btm_ble_update_inq_result: Random address, treat device as LE only
11-26 14:46:41.521 17761 17761 V jyq_helper: onLeScan: null - 62 - 1eff060001092022526397490d9588f19cedb6fc893eb28dc2d675bce3132000000000000000000000000000000000000000000000000000000000000000
11-26 14:46:41.523 17761 17761 V jyq_helper: onLeScan: null - 62 - 02010203039ffe17169ffe000000000000000000000000000000000000000009ffe0000aa0cac87f8c000000000000000000000000000000000000000000
11-26 14:46:41.540 16232 16264 V bt_btm_ble: system/stack/btm/btm_ble_gap.cc:2015 btm_ble_process_adv_addr: bda=xx:xx:xx:xx:30:7f
11-26 14:46:41.540 16232 16264 V bluetooth: system/gd/hci/le_scanning_reassembler.cc:62 ProcessAdvertisingReport: Dropping repeated legacy advertising data
11-26 14:46:41.540 16232 16264 V bluetooth: system/gd/hci/le_scanning_reassembler.cc:85 ProcessAdvertisingReport: Ignoring advertising report when scan response is expected or current data is marked incomplete
11-26 14:46:41.541 16232 16264 V bt_btm_ble: system/stack/btm/btm_ble_gap.cc:2015 btm_ble_process_adv_addr: bda=xx:xx:xx:xx:57:e2
11-26 14:46:41.541 16232 16264 V bluetooth: system/gd/hci/le_scanning_reassembler.cc:62 ProcessAdvertisingReport: Dropping repeated legacy advertising data
11-26 14:46:41.541 16232 16264 V bluetooth: system/gd/hci/le_scanning_reassembler.cc:85 ProcessAdvertisingReport: Ignoring advertising report when scan response is expected or current data is marked incomplete
11-26 14:46:41.541 16232 16264 V bt_btm_ble: system/stack/btm/btm_ble_gap.cc:2015 btm_ble_process_adv_addr: bda=xx:xx:xx:xx:57:e2
11-26 14:46:41.541 16232 16264 V bluetooth: system/gd/hci/le_scanning_reassembler.cc:96 ProcessAdvertisingReport: Full advertising report has been reassembled
11-26 14:46:41.542 16232 16259 V bt_btm_ble: system/stack/btm/btm_ble_gap.cc:1999 btm_ble_update_inq_result: NOT_BR/EDR support bit set, treat device as LE only
11-26 14:46:41.542 16232 16264 V bt_btm_ble: system/stack/btm/btm_ble_gap.cc:2015 btm_ble_process_adv_addr: bda=xx:xx:xx:xx:19:7f
11-26 14:46:41.542 16232 16264 V bluetooth: system/gd/hci/le_scanning_reassembler.cc:62 ProcessAdvertisingReport: Dropping repeated legacy advertising data
11-26 14:46:41.542 16232 16264 V bluetooth: system/gd/hci/le_scanning_reassembler.cc:96 ProcessAdvertisingReport: Full advertising report has been reassembled
11-26 14:46:41.542 16232 16259 V bt_btm_ble: system/stack/btm/btm_ble_gap.cc:1999 btm_ble_update_inq_result: NOT_BR/EDR support bit set, treat device as LE only
11-26 14:46:41.546 17761 17761 I jyq_helper: onLeScan: PROV_B957E0v - 62 - 0201061107fb349b5f8000008000100000ffff00000d0950524f565f42393537453076000000000000000000000000000000000000000000000000000000
11-26 14:46:41.549 17761 17761 V jyq_helper: onLeScan: null - 62 - 1bff750042040180a0fcf13675197ffef13675197e017f030000000000000000000000000000000000000000000000000000000000000000000000000000
11-26 14:46:41.562 16232 16264 V bt_btm_ble: system/stack/btm/btm_ble_gap.cc:2015 btm_ble_process_adv_addr: bda=xx:xx:xx:xx:0b:2c
11-26 14:46:41.562 16232 16264 V bluetooth: system/gd/hci/le_scanning_reassembler.cc:62 ProcessAdvertisingReport: Dropping repeated legacy advertising data
11-26 14:46:41.562 16232 16264 V bluetooth: system/gd/hci/le_scanning_reassembler.cc:85 ProcessAdvertisingReport: Ignoring advertising report when scan response is expected or current data is marked incomplete
11-26 14:46:41.562 16232 16264 V bt_btm_ble: system/stack/btm/btm_ble_gap.cc:2015 btm_ble_process_adv_addr: bda=xx:xx:xx:xx:0b:2c
11-26 14:46:41.562 16232 16264 V bluetooth: system/gd/hci/le_scanning_reassembler.cc:96 ProcessAdvertisingReport: Full advertising report has been reassembled
11-26 14:46:41.563 16232 16259 V bt_btm_ble: system/stack/btm/btm_ble_gap.cc:1999 btm_ble_update_inq_result: NOT_BR/EDR support bit set, treat device as LE only
11-26 14:46:41.565 17761 17761 I jyq_helper: onLeScan: Govee_H605B_0B2C - 62 - 0201061109476f7665655f48363035425f3042324308ff0288ec000101011109476f7665655f48363035425f304232430000000000000000000000000000
11-26 14:46:41.591 16232 16264 V bt_btm_ble: system/stack/btm/btm_ble_gap.cc:2015 btm_ble_process_adv_addr: bda=xx:xx:xx:xx:30:7f
11-26 14:46:41.591 16232 16264 V bluetooth: system/gd/hci/le_scanning_reassembler.cc:62 ProcessAdvertisingReport: Dropping repeated legacy advertising data
11-26 14:46:41.591 16232 16264 V bluetooth: system/gd/hci/le_scanning_reassembler.cc:85 ProcessAdvertisingReport: Ignoring advertising report when scan response is expected or current data is marked incomplete
11-26 14:46:41.591 16232 16264 V bt_btm_ble: system/stack/btm/btm_ble_gap.cc:2015 btm_ble_process_adv_addr: bda=xx:xx:xx:xx:30:7f
11-26 14:46:41.591 16232 16264 V bluetooth: system/gd/hci/le_scanning_reassembler.cc:96 ProcessAdvertisingReport: Full advertising report has been reassembled
11-26 14:46:41.591 16232 16259 V bt_btm_ble: system/stack/btm/btm_ble_gap.cc:1999 btm_ble_update_inq_result: NOT_BR/EDR support bit set, treat device as LE only
11-26 14:46:41.595 17761 17761 I jyq_helper: onLeScan: MELK-OA21   7F - 62 - 0201060f094d454c4b2d4f41323120202037460f094d454c4b2d4f4132312020203746000000000000000000000000000000000000000000000000000000
11-26 14:46:41.602 16232 16264 V bt_btm_ble: system/stack/btm/btm_ble_gap.cc:2015 btm_ble_process_adv_addr: bda=xx:xx:xx:xx:c6:62
11-26 14:46:41.603 16232 16264 V bluetooth: system/gd/hci/le_scanning_reassembler.cc:62 ProcessAdvertisingReport: Dropping repeated legacy advertising data
11-26 14:46:41.603 16232 16264 V bluetooth: system/gd/hci/le_scanning_reassembler.cc:85 ProcessAdvertisingReport: Ignoring advertising report when scan response is expected or current data is marked incomplete
11-26 14:46:41.603 16232 16264 V bt_btm_ble: system/stack/btm/btm_ble_gap.cc:2015 btm_ble_process_adv_addr: bda=xx:xx:xx:xx:c6:62
11-26 14:46:41.603 16232 16264 V bluetooth: system/gd/hci/le_scanning_reassembler.cc:96 ProcessAdvertisingReport: Full advertising report has been reassembled
11-26 14:46:41.603 16232 16259 V bt_btm_ble: system/stack/btm/btm_ble_gap.cc:1999 btm_ble_update_inq_result: NOT_BR/EDR support bit set, treat device as LE only
11-26 14:46:41.606 17761 17761 I jyq_helper: onLeScan: PROV_49C660v - 62 - 0201061107fb349b5f8000008000100000ffff00000d0950524f565f34394336363076000000000000000000000000000000000000000000000000000000
11-26 14:46:41.606 16232 16264 V bt_btm_ble: system/stack/btm/btm_ble_gap.cc:2015 btm_ble_process_adv_addr: bda=xx:xx:xx:xx:54:43
11-26 14:46:41.606 16232 16264 V bluetooth: system/gd/hci/le_scanning_reassembler.cc:62 ProcessAdvertisingReport: Dropping repeated legacy advertising data
11-26 14:46:41.606 16232 16264 V bluetooth: system/gd/hci/le_scanning_reassembler.cc:96 ProcessAdvertisingReport: Full advertising report has been reassembled
11-26 14:46:41.607 16232 16259 V bt_btm_ble: system/stack/btm/btm_ble_gap.cc:1999 btm_ble_update_inq_result: NOT_BR/EDR support bit set, treat device as LE only
11-26 14:46:41.609 17761 17761 V jyq_helper: onLeScan: null - 62 - 1eff060001092022f310aec6c0b685f72a2d75a4fd9922f3acf10a152a714700000000000000000000000000000000000000000000000000000000000000
11-26 14:46:41.624 16232 16264 V bt_btm_ble: system/stack/btm/btm_ble_gap.cc:2015 btm_ble_process_adv_addr: bda=xx:xx:xx:xx:10:7e
11-26 14:46:41.624 16232 16264 V bluetooth: system/gd/hci/le_scanning_reassembler.cc:62 ProcessAdvertisingReport: Dropping repeated legacy advertising data
11-26 14:46:41.624 16232 16264 V bluetooth: system/gd/hci/le_scanning_reassembler.cc:96 ProcessAdvertisingReport: Full advertising report has been reassembled
11-26 14:46:41.625 16232 16259 V bt_btm_ble: system/stack/btm/btm_ble_gap.cc:1999 btm_ble_update_inq_result: NOT_BR/EDR support bit set, treat device as LE only
11-26 14:46:41.628 17761 17761 V jyq_helper: onLeScan: null - 62 - 1eff060001092022526397490d9588f19cedb6fc893eb28dc2d675bce3132000000000000000000000000000000000000000000000000000000000000000
11-26 14:46:41.652 16232 16264 V bt_btm_ble: system/stack/btm/btm_ble_gap.cc:2015 btm_ble_process_adv_addr: bda=xx:xx:xx:xx:01:61
11-26 14:46:41.652 16232 16264 V bluetooth: system/gd/hci/le_scanning_reassembler.cc:62 ProcessAdvertisingReport: Dropping repeated legacy advertising data
11-26 14:46:41.652 16232 16264 V bluetooth: system/gd/hci/le_scanning_reassembler.cc:85 ProcessAdvertisingReport: Ignoring advertising report when scan response is expected or current data is marked incomplete
11-26 14:46:41.653 16232 16264 V bt_btm_ble: system/stack/btm/btm_ble_gap.cc:2015 btm_ble_process_adv_addr: bda=xx:xx:xx:xx:01:61
11-26 14:46:41.653 16232 16264 V bluetooth: system/gd/hci/le_scanning_reassembler.cc:96 ProcessAdvertisingReport: Full advertising report has been reassembled
11-26 14:46:41.653 16232 16259 V bt_btm_ble: system/stack/btm/btm_ble_gap.cc:1999 btm_ble_update_inq_result: NOT_BR/EDR support bit set, treat device as LE only
11-26 14:46:41.657 17761 17761 I jyq_helper: onLeScan: MELK-OA21   61 - 62 - 0201060f094d454c4b2d4f41323120202036310f094d454c4b2d4f4132312020203631000000000000000000000000000000000000000000000000000000
11-26 14:46:41.664 16232 16264 V bt_btm_ble: system/stack/btm/btm_ble_gap.cc:2015 btm_ble_process_adv_addr: bda=xx:xx:xx:xx:0b:2c
11-26 14:46:41.664 16232 16264 V bluetooth: system/gd/hci/le_scanning_reassembler.cc:62 ProcessAdvertisingReport: Dropping repeated legacy advertising data
11-26 14:46:41.664 16232 16264 V bluetooth: system/gd/hci/le_scanning_reassembler.cc:85 ProcessAdvertisingReport: Ignoring advertising report when scan response is expected or current data is marked incomplete
11-26 14:46:41.664 16232 16264 V bt_btm_ble: system/stack/btm/btm_ble_gap.cc:2015 btm_ble_process_adv_addr: bda=xx:xx:xx:xx:0b:2c
11-26 14:46:41.664 16232 16264 V bluetooth: system/gd/hci/le_scanning_reassembler.cc:96 ProcessAdvertisingReport: Full advertising report has been reassembled
11-26 14:46:41.665 16232 16259 V bt_btm_ble: system/stack/btm/btm_ble_gap.cc:1999 btm_ble_update_inq_result: NOT_BR/EDR support bit set, treat device as LE only
11-26 14:46:41.668 17761 17761 I jyq_helper: onLeScan: Govee_H605B_0B2C - 62 - 0201061109476f7665655f48363035425f3042324308ff0288ec000101011109476f7665655f48363035425f304232430000000000000000000000000000
11-26 14:46:41.693 16232 16264 V bt_btm_ble: system/stack/btm/btm_ble_gap.cc:2015 btm_ble_process_adv_addr: bda=xx:xx:xx:xx:ca:99
11-26 14:46:41.693 16232 16264 V bluetooth: system/gd/hci/le_scanning_reassembler.cc:62 ProcessAdvertisingReport: Dropping repeated legacy advertising data
11-26 14:46:41.693 16232 16264 V bluetooth: system/gd/hci/le_scanning_reassembler.cc:85 ProcessAdvertisingReport: Ignoring advertising report when scan response is expected or current data is marked incomplete
11-26 14:46:41.694 16232 16264 V bt_btm_ble: system/stack/btm/btm_ble_gap.cc:2015 btm_ble_process_adv_addr: bda=xx:xx:xx:xx:ca:99
11-26 14:46:41.694 16232 16264 V bluetooth: system/gd/hci/le_scanning_reassembler.cc:96 ProcessAdvertisingReport: Full advertising report has been reassembled
11-26 14:46:41.694 16232 16259 V bt_btm_ble: system/stack/btm/btm_ble_gap.cc:1999 btm_ble_update_inq_result: NOT_BR/EDR support bit set, treat device as LE only
11-26 14:46:41.695 16232 16264 V bt_btm_ble: system/stack/btm/btm_ble_gap.cc:2015 btm_ble_process_adv_addr: bda=xx:xx:xx:xx:19:7f
11-26 14:46:41.695 16232 16264 V bluetooth: system/gd/hci/le_scanning_reassembler.cc:62 ProcessAdvertisingReport: Dropping repeated legacy advertising data
11-26 14:46:41.695 16232 16264 V bluetooth: system/gd/hci/le_scanning_reassembler.cc:96 ProcessAdvertisingReport: Full advertising report has been reassembled
11-26 14:46:41.695 16232 16259 V bt_btm_ble: system/stack/btm/btm_ble_gap.cc:1999 btm_ble_update_inq_result: NOT_BR/EDR support bit set, treat device as LE only
11-26 14:46:41.698 16232 16264 V bt_btm_ble: system/stack/btm/btm_ble_gap.cc:2015 btm_ble_process_adv_addr: bda=xx:xx:xx:xx:57:e2
11-26 14:46:41.698 16232 16264 V bluetooth: system/gd/hci/le_scanning_reassembler.cc:62 ProcessAdvertisingReport: Dropping repeated legacy advertising data
11-26 14:46:41.698 16232 16264 V bluetooth: system/gd/hci/le_scanning_reassembler.cc:85 ProcessAdvertisingReport: Ignoring advertising report when scan response is expected or current data is marked incomplete
11-26 14:46:41.698 17761 17761 V jyq_helper: onLeScan: null - 62 - 03039ffe17169ffe000000000000000000000000000000000000000009ffe0000a38ca51e364000000000000000000000000000000000000000000000000
11-26 14:46:41.698 16232 16264 V bt_btm_ble: system/stack/btm/btm_ble_gap.cc:2015 btm_ble_process_adv_addr: bda=xx:xx:xx:xx:57:e2
11-26 14:46:41.698 16232 16264 V bluetooth: system/gd/hci/le_scanning_reassembler.cc:96 ProcessAdvertisingReport: Full advertising report has been reassembled
11-26 14:46:41.698 16232 16259 V bt_btm_ble: system/stack/btm/btm_ble_gap.cc:1999 btm_ble_update_inq_result: NOT_BR/EDR support bit set, treat device as LE only
11-26 14:46:41.700 17761 17761 V jyq_helper: onLeScan: null - 62 - 1bff750042040180a0fcf13675197ffef13675197e017f030000000000000000000000000000000000000000000000000000000000000000000000000000
11-26 14:46:41.701 17761 17761 I jyq_helper: onLeScan: PROV_B957E0v - 62 - 0201061107fb349b5f8000008000100000ffff00000d0950524f565f42393537453076000000000000000000000000000000000000000000000000000000
11-26 14:46:41.704 16232 16264 V bt_btm_ble: system/stack/btm/btm_ble_gap.cc:2015 btm_ble_process_adv_addr: bda=xx:xx:xx:xx:01:61
11-26 14:46:41.704 16232 16264 V bluetooth: system/gd/hci/le_scanning_reassembler.cc:62 ProcessAdvertisingReport: Dropping repeated legacy advertising data
11-26 14:46:41.704 16232 16264 V bluetooth: system/gd/hci/le_scanning_reassembler.cc:85 ProcessAdvertisingReport: Ignoring advertising report when scan response is expected or current data is marked incomplete
11-26 14:46:41.704 16232 16264 V bt_btm_ble: system/stack/btm/btm_ble_gap.cc:2015 btm_ble_process_adv_addr: bda=xx:xx:xx:xx:01:61
11-26 14:46:41.704 16232 16264 V bluetooth: system/gd/hci/le_scanning_reassembler.cc:96 ProcessAdvertisingReport: Full advertising report has been reassembled
11-26 14:46:41.704 16232 16259 V bt_btm_ble: system/stack/btm/btm_ble_gap.cc:1999 btm_ble_update_inq_result: NOT_BR/EDR support bit set, treat device as LE only
11-26 14:46:41.704 17761 17761 V jyq_helper: onLeScan(repeat,ignored): BE:28:4A:00:01:61 - 0201060f094d454c4b2d4f41323120202036310f094d454c4b2d4f4132312020203631000000000000000000000000000000000000000000000000000000
11-26 14:46:41.713 16232 16264 V bt_btm_ble: system/stack/btm/btm_ble_gap.cc:2015 btm_ble_process_adv_addr: bda=xx:xx:xx:xx:54:43
11-26 14:46:41.713 16232 16264 V bluetooth: system/gd/hci/le_scanning_reassembler.cc:62 ProcessAdvertisingReport: Dropping repeated legacy advertising data
11-26 14:46:41.713 16232 16264 V bluetooth: system/gd/hci/le_scanning_reassembler.cc:96 ProcessAdvertisingReport: Full advertising report has been reassembled
11-26 14:46:41.713 16232 16259 V bt_btm_ble: system/stack/btm/btm_ble_gap.cc:1999 btm_ble_update_inq_result: NOT_BR/EDR support bit set, treat device as LE only
11-26 14:46:41.716 17761 17761 V jyq_helper: onLeScan: null - 62 - 1eff060001092022f310aec6c0b685f72a2d75a4fd9922f3acf10a152a714700000000000000000000000000000000000000000000000000000000000000
11-26 14:46:41.728 16232 16264 V bt_btm_ble: system/stack/btm/btm_ble_gap.cc:2015 btm_ble_process_adv_addr: bda=xx:xx:xx:xx:10:7e
11-26 14:46:41.728 16232 16264 V bluetooth: system/gd/hci/le_scanning_reassembler.cc:62 ProcessAdvertisingReport: Dropping repeated legacy advertising data
11-26 14:46:41.728 16232 16264 V bluetooth: system/gd/hci/le_scanning_reassembler.cc:96 ProcessAdvertisingReport: Full advertising report has been reassembled
11-26 14:46:41.728 16232 16259 V bt_btm_ble: system/stack/btm/btm_ble_gap.cc:1999 btm_ble_update_inq_result: NOT_BR/EDR support bit set, treat device as LE only
11-26 14:46:41.731 17761 17761 V jyq_helper: onLeScan: null - 62 - 1eff060001092022526397490d9588f19cedb6fc893eb28dc2d675bce3132000000000000000000000000000000000000000000000000000000000000000
11-26 14:46:41.756 16232 16264 V bt_btm_ble: system/stack/btm/btm_ble_gap.cc:2015 btm_ble_process_adv_addr: bda=xx:xx:xx:xx:01:61
11-26 14:46:41.756 16232 16264 V bluetooth: system/gd/hci/le_scanning_reassembler.cc:62 ProcessAdvertisingReport: Dropping repeated legacy advertising data
11-26 14:46:41.756 16232 16264 V bluetooth: system/gd/hci/le_scanning_reassembler.cc:85 ProcessAdvertisingReport: Ignoring advertising report when scan response is expected or current data is marked incomplete
11-26 14:46:41.756 16232 16264 V bt_btm_ble: system/stack/btm/btm_ble_gap.cc:2015 btm_ble_process_adv_addr: bda=xx:xx:xx:xx:01:61
11-26 14:46:41.756 16232 16264 V bluetooth: system/gd/hci/le_scanning_reassembler.cc:96 ProcessAdvertisingReport: Full advertising report has been reassembled
11-26 14:46:41.757 16232 16259 V bt_btm_ble: system/stack/btm/btm_ble_gap.cc:1999 btm_ble_update_inq_result: NOT_BR/EDR support bit set, treat device as LE only
11-26 14:46:41.760 17761 17761 I jyq_helper: onLeScan: MELK-OA21   61 - 62 - 0201060f094d454c4b2d4f41323120202036310f094d454c4b2d4f4132312020203631000000000000000000000000000000000000000000000000000000
11-26 14:46:41.795 16232 16264 V bt_btm_ble: system/stack/btm/btm_ble_gap.cc:2015 btm_ble_process_adv_addr: bda=xx:xx:xx:xx:b3:bb
11-26 14:46:41.795 16232 16264 V bluetooth: system/gd/hci/le_scanning_reassembler.cc:62 ProcessAdvertisingReport: Dropping repeated legacy advertising data
11-26 14:46:41.795 16232 16264 V bluetooth: system/gd/hci/le_scanning_reassembler.cc:85 ProcessAdvertisingReport: Ignoring advertising report when scan response is expected or current data is marked incomplete
11-26 14:46:41.812 16232 16264 V bt_btm_ble: system/stack/btm/btm_ble_gap.cc:2015 btm_ble_process_adv_addr: bda=xx:xx:xx:xx:b3:bb
11-26 14:46:41.812 16232 16264 V bluetooth: system/gd/hci/le_scanning_reassembler.cc:62 ProcessAdvertisingReport: Dropping repeated legacy advertising data
11-26 14:46:41.812 16232 16264 V bluetooth: system/gd/hci/le_scanning_reassembler.cc:85 ProcessAdvertisingReport: Ignoring advertising report when scan response is expected or current data is marked incomplete
11-26 14:46:41.812 16232 16264 V bt_btm_ble: system/stack/btm/btm_ble_gap.cc:2015 btm_ble_process_adv_addr: bda=xx:xx:xx:xx:01:61
11-26 14:46:41.812 16232 16264 V bluetooth: system/gd/hci/le_scanning_reassembler.cc:62 ProcessAdvertisingReport: Dropping repeated legacy advertising data
11-26 14:46:41.812 16232 16264 V bluetooth: system/gd/hci/le_scanning_reassembler.cc:85 ProcessAdvertisingReport: Ignoring advertising report when scan response is expected or current data is marked incomplete
11-26 14:46:41.813 16232 16264 V bt_btm_ble: system/stack/btm/btm_ble_gap.cc:2015 btm_ble_process_adv_addr: bda=xx:xx:xx:xx:01:61
11-26 14:46:41.813 16232 16264 V bluetooth: system/gd/hci/le_scanning_reassembler.cc:96 ProcessAdvertisingReport: Full advertising report has been reassembled
11-26 14:46:41.813 16232 16259 V bt_btm_ble: system/stack/btm/btm_ble_gap.cc:1999 btm_ble_update_inq_result: NOT_BR/EDR support bit set, treat device as LE only
11-26 14:46:41.815 17761 17761 V jyq_helper: onLeScan(repeat,ignored): BE:28:4A:00:01:61 - 0201060f094d454c4b2d4f41323120202036310f094d454c4b2d4f4132312020203631000000000000000000000000000000000000000000000000000000
11-26 14:46:41.822 16232 16264 V bt_btm_ble: system/stack/btm/btm_ble_gap.cc:2015 btm_ble_process_adv_addr: bda=xx:xx:xx:xx:55:66
11-26 14:46:41.822 16232 16264 V bluetooth: system/gd/hci/le_scanning_reassembler.cc:62 ProcessAdvertisingReport: Dropping repeated legacy advertising data
11-26 14:46:41.822 16232 16264 V bluetooth: system/gd/hci/le_scanning_reassembler.cc:96 ProcessAdvertisingReport: Full advertising report has been reassembled
11-26 14:46:41.823 16232 16259 V bt_btm_ble: system/stack/btm/btm_ble_gap.cc:1996 btm_ble_update_inq_result: Random address, treat device as LE only
11-26 14:46:41.824 16232 16264 V bt_btm_ble: system/stack/btm/btm_ble_gap.cc:2015 btm_ble_process_adv_addr: bda=xx:xx:xx:xx:55:66
11-26 14:46:41.824 16232 16264 V bluetooth: system/gd/hci/le_scanning_reassembler.cc:62 ProcessAdvertisingReport: Dropping repeated legacy advertising data
11-26 14:46:41.824 16232 16264 V bluetooth: system/gd/hci/le_scanning_reassembler.cc:96 ProcessAdvertisingReport: Full advertising report has been reassembled
11-26 14:46:41.824 16232 16259 V bt_btm_ble: system/stack/btm/btm_ble_gap.cc:1996 btm_ble_update_inq_result: Random address, treat device as LE only
11-26 14:46:41.824 16232 16264 V bt_btm_ble: system/stack/btm/btm_ble_gap.cc:2015 btm_ble_process_adv_addr: bda=xx:xx:xx:xx:55:66
11-26 14:46:41.824 16232 16264 V bluetooth: system/gd/hci/le_scanning_reassembler.cc:62 ProcessAdvertisingReport: Dropping repeated legacy advertising data
11-26 14:46:41.824 16232 16264 V bluetooth: system/gd/hci/le_scanning_reassembler.cc:96 ProcessAdvertisingReport: Full advertising report has been reassembled
11-26 14:46:41.825 16232 16259 V bt_btm_ble: system/stack/btm/btm_ble_gap.cc:1996 btm_ble_update_inq_result: Random address, treat device as LE only
11-26 14:46:41.825 16232 16264 V bt_btm_ble: system/stack/btm/btm_ble_gap.cc:2015 btm_ble_process_adv_addr: bda=xx:xx:xx:xx:55:66
11-26 14:46:41.825 16232 16264 V bluetooth: system/gd/hci/le_scanning_reassembler.cc:62 ProcessAdvertisingReport: Dropping repeated legacy advertising data
11-26 14:46:41.825 16232 16264 V bluetooth: system/gd/hci/le_scanning_reassembler.cc:96 ProcessAdvertisingReport: Full advertising report has been reassembled
11-26 14:46:41.825 16232 16259 V bt_btm_ble: system/stack/btm/btm_ble_gap.cc:1996 btm_ble_update_inq_result: Random address, treat device as LE only
11-26 14:46:41.827 17761 17761 V jyq_helper: onLeScan: null - 62 - 02011a13fff0ff4e6c6b0d348e89b5a88ba1a85e367bc4000000000000000000000000000000000000000000000000000000000000000000000000000000
11-26 14:46:41.829 17761 17761 D jyq_helper: onLeScan: [null - 11:22:33:44:55:66] old protocol: len: 16, data: 4e6c6b0d348e89b5a88ba1a85e367bc4
11-26 14:46:41.830 17761 17761 V jyq_helper: onLeScan(repeat,ignored): 11:22:33:44:55:66 - 02011a13fff0ff4e6c6b0d348e89b5a88ba1a85e367bc4000000000000000000000000000000000000000000000000000000000000000000000000000000
11-26 14:46:41.830 17761 17761 V jyq_helper: onLeScan(repeat,ignored): 11:22:33:44:55:66 - 02011a13fff0ff4e6c6b0d348e89b5a88ba1a85e367bc4000000000000000000000000000000000000000000000000000000000000000000000000000000
11-26 14:46:41.830 16232 16264 V bt_btm_ble: system/stack/btm/btm_ble_gap.cc:2015 btm_ble_process_adv_addr: bda=xx:xx:xx:xx:10:7e
11-26 14:46:41.830 16232 16264 V bluetooth: system/gd/hci/le_scanning_reassembler.cc:62 ProcessAdvertisingReport: Dropping repeated legacy advertising data
11-26 14:46:41.830 16232 16264 V bluetooth: system/gd/hci/le_scanning_reassembler.cc:96 ProcessAdvertisingReport: Full advertising report has been reassembled
11-26 14:46:41.830 16232 16259 V bt_btm_ble: system/stack/btm/btm_ble_gap.cc:1999 btm_ble_update_inq_result: NOT_BR/EDR support bit set, treat device as LE only
11-26 14:46:41.832 17761 17761 V jyq_helper: onLeScan(repeat,ignored): 11:22:33:44:55:66 - 02011a13fff0ff4e6c6b0d348e89b5a88ba1a85e367bc4000000000000000000000000000000000000000000000000000000000000000000000000000000
11-26 14:46:41.832 17761 17761 V jyq_helper: onLeScan(repeat,ignored): 26:A3:8A:9C:10:7E - 1eff060001092022526397490d9588f19cedb6fc893eb28dc2d675bce3132000000000000000000000000000000000000000000000000000000000000000
11-26 14:46:41.837 16232 16264 V bt_btm_ble: system/stack/btm/btm_ble_gap.cc:2015 btm_ble_process_adv_addr: bda=xx:xx:xx:xx:55:66
11-26 14:46:41.837 16232 16264 V bluetooth: system/gd/hci/le_scanning_reassembler.cc:62 ProcessAdvertisingReport: Dropping repeated legacy advertising data
11-26 14:46:41.837 16232 16264 V bluetooth: system/gd/hci/le_scanning_reassembler.cc:96 ProcessAdvertisingReport: Full advertising report has been reassembled
11-26 14:46:41.837 16232 16259 V bt_btm_ble: system/stack/btm/btm_ble_gap.cc:1996 btm_ble_update_inq_result: Random address, treat device as LE only
11-26 14:46:41.837 16232 16264 V bt_btm_ble: system/stack/btm/btm_ble_gap.cc:2015 btm_ble_process_adv_addr: bda=xx:xx:xx:xx:55:66
11-26 14:46:41.837 16232 16264 V bluetooth: system/gd/hci/le_scanning_reassembler.cc:62 ProcessAdvertisingReport: Dropping repeated legacy advertising data
11-26 14:46:41.837 16232 16264 V bluetooth: system/gd/hci/le_scanning_reassembler.cc:96 ProcessAdvertisingReport: Full advertising report has been reassembled
11-26 14:46:41.837 16232 16259 V bt_btm_ble: system/stack/btm/btm_ble_gap.cc:1996 btm_ble_update_inq_result: Random address, treat device as LE only
11-26 14:46:41.838 16232 16264 V bt_btm_ble: system/stack/btm/btm_ble_gap.cc:2015 btm_ble_process_adv_addr: bda=xx:xx:xx:xx:55:66
11-26 14:46:41.838 16232 16264 V bluetooth: system/gd/hci/le_scanning_reassembler.cc:62 ProcessAdvertisingReport: Dropping repeated legacy advertising data
11-26 14:46:41.838 16232 16264 V bluetooth: system/gd/hci/le_scanning_reassembler.cc:96 ProcessAdvertisingReport: Full advertising report has been reassembled
11-26 14:46:41.838 16232 16259 V bt_btm_ble: system/stack/btm/btm_ble_gap.cc:1996 btm_ble_update_inq_result: Random address, treat device as LE only
11-26 14:46:41.838 17761 17761 V jyq_helper: onLeScan(repeat,ignored): 11:22:33:44:55:66 - 02011a13fff0ff4e6c6b0d348e89b5a88ba1a85e367bc4000000000000000000000000000000000000000000000000000000000000000000000000000000
11-26 14:46:41.838 17761 17761 V jyq_helper: onLeScan(repeat,ignored): 11:22:33:44:55:66 - 02011a13fff0ff4e6c6b0d348e89b5a88ba1a85e367bc4000000000000000000000000000000000000000000000000000000000000000000000000000000
11-26 14:46:41.839 16232 16264 V bt_btm_ble: system/stack/btm/btm_ble_gap.cc:2015 btm_ble_process_adv_addr: bda=xx:xx:xx:xx:55:66
11-26 14:46:41.839 16232 16264 V bluetooth: system/gd/hci/le_scanning_reassembler.cc:62 ProcessAdvertisingReport: Dropping repeated legacy advertising data
11-26 14:46:41.839 16232 16264 V bluetooth: system/gd/hci/le_scanning_reassembler.cc:96 ProcessAdvertisingReport: Full advertising report has been reassembled
11-26 14:46:41.839 16232 16259 V bt_btm_ble: system/stack/btm/btm_ble_gap.cc:1996 btm_ble_update_inq_result: Random address, treat device as LE only
11-26 14:46:41.839 17761 17761 V jyq_helper: onLeScan(repeat,ignored): 11:22:33:44:55:66 - 02011a13fff0ff4e6c6b0d348e89b5a88ba1a85e367bc4000000000000000000000000000000000000000000000000000000000000000000000000000000
11-26 14:46:41.839 16232 16264 V bt_btm_ble: system/stack/btm/btm_ble_gap.cc:2015 btm_ble_process_adv_addr: bda=xx:xx:xx:xx:55:66
11-26 14:46:41.840 16232 16264 V bluetooth: system/gd/hci/le_scanning_reassembler.cc:62 ProcessAdvertisingReport: Dropping repeated legacy advertising data
11-26 14:46:41.840 16232 16264 V bluetooth: system/gd/hci/le_scanning_reassembler.cc:96 ProcessAdvertisingReport: Full advertising report has been reassembled
11-26 14:46:41.840 16232 16259 V bt_btm_ble: system/stack/btm/btm_ble_gap.cc:1996 btm_ble_update_inq_result: Random address, treat device as LE only
11-26 14:46:41.840 17761 17761 V jyq_helper: onLeScan(repeat,ignored): 11:22:33:44:55:66 - 02011a13fff0ff4e6c6b0d348e89b5a88ba1a85e367bc4000000000000000000000000000000000000000000000000000000000000000000000000000000
11-26 14:46:41.840 17761 17761 V jyq_helper: onLeScan(repeat,ignored): 11:22:33:44:55:66 - 02011a13fff0ff4e6c6b0d348e89b5a88ba1a85e367bc4000000000000000000000000000000000000000000000000000000000000000000000000000000
11-26 14:46:41.846 16232 16264 V bt_btm_ble: system/stack/btm/btm_ble_gap.cc:2015 btm_ble_process_adv_addr: bda=xx:xx:xx:xx:19:7f
11-26 14:46:41.846 16232 16264 V bluetooth: system/gd/hci/le_scanning_reassembler.cc:62 ProcessAdvertisingReport: Dropping repeated legacy advertising data
11-26 14:46:41.846 16232 16264 V bluetooth: system/gd/hci/le_scanning_reassembler.cc:96 ProcessAdvertisingReport: Full advertising report has been reassembled
11-26 14:46:41.846 16232 16259 V bt_btm_ble: system/stack/btm/btm_ble_gap.cc:1999 btm_ble_update_inq_result: NOT_BR/EDR support bit set, treat device as LE only
11-26 14:46:41.847 17761 17761 V jyq_helper: onLeScan: null - 62 - 1bff750042040180a0fcf13675197ffef13675197e017f030000000000000000000000000000000000000000000000000000000000000000000000000000
11-26 14:46:41.851 16232 16264 V bt_btm_ble: system/stack/btm/btm_ble_gap.cc:2015 btm_ble_process_adv_addr: bda=xx:xx:xx:xx:55:66
11-26 14:46:41.851 16232 16264 V bluetooth: system/gd/hci/le_scanning_reassembler.cc:62 ProcessAdvertisingReport: Dropping repeated legacy advertising data
11-26 14:46:41.851 16232 16264 V bluetooth: system/gd/hci/le_scanning_reassembler.cc:96 ProcessAdvertisingReport: Full advertising report has been reassembled
11-26 14:46:41.851 16232 16259 V bt_btm_ble: system/stack/btm/btm_ble_gap.cc:1996 btm_ble_update_inq_result: Random address, treat device as LE only
11-26 14:46:41.852 17761 17761 V jyq_helper: onLeScan(repeat,ignored): 11:22:33:44:55:66 - 02011a13fff0ff4e6c6b0d348e89b5a88ba1a85e367bc4000000000000000000000000000000000000000000000000000000000000000000000000000000
11-26 14:46:41.852 16232 16264 V bt_btm_ble: system/stack/btm/btm_ble_gap.cc:2015 btm_ble_process_adv_addr: bda=xx:xx:xx:xx:55:66
11-26 14:46:41.852 16232 16264 V bluetooth: system/gd/hci/le_scanning_reassembler.cc:62 ProcessAdvertisingReport: Dropping repeated legacy advertising data
11-26 14:46:41.852 16232 16264 V bluetooth: system/gd/hci/le_scanning_reassembler.cc:96 ProcessAdvertisingReport: Full advertising report has been reassembled
11-26 14:46:41.852 16232 16259 V bt_btm_ble: system/stack/btm/btm_ble_gap.cc:1996 btm_ble_update_inq_result: Random address, treat device as LE only
11-26 14:46:41.853 17761 17761 V jyq_helper: onLeScan(repeat,ignored): 11:22:33:44:55:66 - 02011a13fff0ff4e6c6b0d348e89b5a88ba1a85e367bc4000000000000000000000000000000000000000000000000000000000000000000000000000000
11-26 14:46:41.853 16232 16264 V bt_btm_ble: system/stack/btm/btm_ble_gap.cc:2015 btm_ble_process_adv_addr: bda=xx:xx:xx:xx:55:66
11-26 14:46:41.853 16232 16264 V bluetooth: system/gd/hci/le_scanning_reassembler.cc:62 ProcessAdvertisingReport: Dropping repeated legacy advertising data
11-26 14:46:41.853 16232 16264 V bluetooth: system/gd/hci/le_scanning_reassembler.cc:96 ProcessAdvertisingReport: Full advertising report has been reassembled
11-26 14:46:41.853 16232 16259 V bt_btm_ble: system/stack/btm/btm_ble_gap.cc:1996 btm_ble_update_inq_result: Random address, treat device as LE only
11-26 14:46:41.853 17761 17761 V jyq_helper: onLeScan(repeat,ignored): 11:22:33:44:55:66 - 02011a13fff0ff4e6c6b0d348e89b5a88ba1a85e367bc4000000000000000000000000000000000000000000000000000000000000000000000000000000
11-26 14:46:41.854 16232 16264 V bt_btm_ble: system/stack/btm/btm_ble_gap.cc:2015 btm_ble_process_adv_addr: bda=xx:xx:xx:xx:55:66
11-26 14:46:41.854 16232 16264 V bluetooth: system/gd/hci/le_scanning_reassembler.cc:62 ProcessAdvertisingReport: Dropping repeated legacy advertising data
11-26 14:46:41.854 16232 16264 V bluetooth: system/gd/hci/le_scanning_reassembler.cc:96 ProcessAdvertisingReport: Full advertising report has been reassembled
11-26 14:46:41.854 16232 16259 V bt_btm_ble: system/stack/btm/btm_ble_gap.cc:1996 btm_ble_update_inq_result: Random address, treat device as LE only
11-26 14:46:41.854 17761 17761 V jyq_helper: onLeScan(repeat,ignored): 11:22:33:44:55:66 - 02011a13fff0ff4e6c6b0d348e89b5a88ba1a85e367bc4000000000000000000000000000000000000000000000000000000000000000000000000000000
11-26 14:46:41.855 16232 16264 V bt_btm_ble: system/stack/btm/btm_ble_gap.cc:2015 btm_ble_process_adv_addr: bda=xx:xx:xx:xx:55:66
11-26 14:46:41.855 16232 16264 V bluetooth: system/gd/hci/le_scanning_reassembler.cc:62 ProcessAdvertisingReport: Dropping repeated legacy advertising data
11-26 14:46:41.855 16232 16264 V bluetooth: system/gd/hci/le_scanning_reassembler.cc:96 ProcessAdvertisingReport: Full advertising report has been reassembled
11-26 14:46:41.855 16232 16259 V bt_btm_ble: system/stack/btm/btm_ble_gap.cc:1996 btm_ble_update_inq_result: Random address, treat device as LE only
11-26 14:46:41.856 17761 17761 V jyq_helper: onLeScan(repeat,ignored): 11:22:33:44:55:66 - 02011a13fff0ff4e6c6b0d348e89b5a88ba1a85e367bc4000000000000000000000000000000000000000000000000000000000000000000000000000000
11-26 14:46:41.867 17761 30634 V jyq_add_dev: poll: [19,20,21,22,23,24,25,26,27,28,29,30,31,32,33,34,35,36,37,38,39,40,41,42,43,44,45,46,47,48,49,50,51,52,53,54,55,56,57,58,59,60,61,62,63,64,65,66,67,68,69,70,71,72,73,74,75,76,77,78,79,80,81,82,83,84,85,86,87,88,89,90,91,92,93,94,95,96,97,98,99,100,101,102,103,104,105,106,107,108,109,110,111,112,113,114,115,116,117,118,119,120,121,122,123,124,125,126,127,128,129,130,131,132,133,134,135,136,137,138,139,140,141,142,143,144,145,146,147,148,149,150,151,152,153,154,155,156,157,158,159,160,161,162,163,164,165,166,167,168,169,170,171,172,173,174,175,176,177,178,179,180,181,182,183,184,185,186,187,188,189,190,191,192,193,194,195,196,197,198,199,200,201,202,203,204,205,206,207,208,209,210,211,212,213,214,215,216,217,218,219,220,221,222,223,224,225,226,227,228,229,230,231,232,233,234,235,236,237,238,239,240,241,242,243,244,245,246,247,248,249,250,251,252,253,254]
11-26 14:46:41.867 17761 30634 I jyq_helper: getPayloadWithInnerRetry---> payload:348e89b5a88b120130323336,  key: 5e367bc4
11-26 14:46:41.867 17761 30634 I jyq_helper: getPayloadWithInnerRetry---> mSendCnt:164,  sSendSeq:48,  seq:48
11-26 14:46:41.867 17761 30634 W jyq_forward: flag: 0
11-26 14:46:41.867 17761 17779 D jyq_helper: doStopSend().stopAdvertising--->
11-26 14:46:41.868 17761 17779 I jyq_helper: send---> payload:7e06bfe16ab8f271f6bd69c56e0448f2, calculatedPayload:6db64368931d2d35675bf2b0d6bacd4118669a51203dade6, len:24
11-26 14:46:41.868 17761 17779 D BluetoothAdapter: isLeEnabled(): ON
11-26 14:46:41.868 17761 17779 D BluetoothAdapter: isLeEnabled(): ON
11-26 14:46:41.868 16232 16403 E BtGatt.AdvertiseManager: [GSIM LOG]: gsimLogHandler, msg: MESSAGE_ADV_SET_STOP, appName: com.brgd.brblmesh, id: 4, isLegacy: true
11-26 14:46:41.868 16232 16264 V bt_btm_ble: system/stack/btm/btm_ble_gap.cc:2015 btm_ble_process_adv_addr: bda=xx:xx:xx:xx:57:e2
11-26 14:46:41.868 16232 16264 V bluetooth: system/gd/hci/le_scanning_reassembler.cc:62 ProcessAdvertisingReport: Dropping repeated legacy advertising data
11-26 14:46:41.868 16232 16264 V bluetooth: system/gd/hci/le_scanning_reassembler.cc:85 ProcessAdvertisingReport: Ignoring advertising report when scan response is expected or current data is marked incomplete
11-26 14:46:41.868 16232 16264 V bt_btm_ble: system/stack/btm/btm_ble_gap.cc:2015 btm_ble_process_adv_addr: bda=xx:xx:xx:xx:55:66
11-26 14:46:41.868 16232 16264 V bluetooth: system/gd/hci/le_scanning_reassembler.cc:62 ProcessAdvertisingReport: Dropping repeated legacy advertising data
11-26 14:46:41.868 16232 16264 V bluetooth: system/gd/hci/le_scanning_reassembler.cc:96 ProcessAdvertisingReport: Full advertising report has been reassembled
11-26 14:46:41.868 16232 16259 V bt_btm_ble: system/stack/btm/btm_ble_gap.cc:1996 btm_ble_update_inq_result: Random address, treat device as LE only
11-26 14:46:41.868 16232 16264 V bt_btm_ble: system/stack/btm/btm_ble_gap.cc:2015 btm_ble_process_adv_addr: bda=xx:xx:xx:xx:55:66
11-26 14:46:41.869 16232 16264 V bluetooth: system/gd/hci/le_scanning_reassembler.cc:62 ProcessAdvertisingReport: Dropping repeated legacy advertising data
11-26 14:46:41.869 16232 16264 V bluetooth: system/gd/hci/le_scanning_reassembler.cc:96 ProcessAdvertisingReport: Full advertising report has been reassembled
11-26 14:46:41.869 16232 16259 V bt_btm_ble: system/stack/btm/btm_ble_gap.cc:1996 btm_ble_update_inq_result: Random address, treat device as LE only
11-26 14:46:41.869 17761 17761 V jyq_helper: onLeScan(repeat,ignored): 11:22:33:44:55:66 - 02011a13fff0ff4e6c6b0d348e89b5a88ba1a85e367bc4000000000000000000000000000000000000000000000000000000000000000000000000000000
11-26 14:46:41.869 17761 17761 V jyq_helper: onLeScan(repeat,ignored): 11:22:33:44:55:66 - 02011a13fff0ff4e6c6b0d348e89b5a88ba1a85e367bc4000000000000000000000000000000000000000000000000000000000000000000000000000000
11-26 14:46:41.869 16232 16264 I bluetooth: system/gd/hci/le_advertising_manager.cc:1307 enable_advertiser: advertiser_id=4
11-26 14:46:41.869 16232 16264 V bt_btm_ble: system/stack/btm/btm_ble_gap.cc:2015 btm_ble_process_adv_addr: bda=xx:xx:xx:xx:55:66
11-26 14:46:41.869 16232 16264 V bluetooth: system/gd/hci/le_scanning_reassembler.cc:62 ProcessAdvertisingReport: Dropping repeated legacy advertising data
11-26 14:46:41.869 16232 16264 V bluetooth: system/gd/hci/le_scanning_reassembler.cc:96 ProcessAdvertisingReport: Full advertising report has been reassembled
11-26 14:46:41.869 16232 16259 V bt_btm_ble: system/stack/btm/btm_ble_gap.cc:1996 btm_ble_update_inq_result: Random address, treat device as LE only
11-26 14:46:41.869 17761 17761 V jyq_helper: onLeScan(repeat,ignored): 11:22:33:44:55:66 - 02011a13fff0ff4e6c6b0d348e89b5a88ba1a85e367bc4000000000000000000000000000000000000000000000000000000000000000000000000000000
11-26 14:46:41.870 16232 16264 V bt_btm_ble: system/stack/btm/btm_ble_gap.cc:2015 btm_ble_process_adv_addr: bda=xx:xx:xx:xx:55:66
11-26 14:46:41.870 16232 16264 V bluetooth: system/gd/hci/le_scanning_reassembler.cc:62 ProcessAdvertisingReport: Dropping repeated legacy advertising data
11-26 14:46:41.870 16232 16264 V bluetooth: system/gd/hci/le_scanning_reassembler.cc:96 ProcessAdvertisingReport: Full advertising report has been reassembled
11-26 14:46:41.870 16232 16259 V bt_btm_ble: system/stack/btm/btm_ble_gap.cc:1996 btm_ble_update_inq_result: Random address, treat device as LE only
11-26 14:46:41.871 17761 17761 V jyq_helper: onLeScan(repeat,ignored): 11:22:33:44:55:66 - 02011a13fff0ff4e6c6b0d348e89b5a88ba1a85e367bc4000000000000000000000000000000000000000000000000000000000000000000000000000000
11-26 14:46:41.873 16232 16403 E BtGatt.AdvertiseManager: [GSIM LOG]: gsimLogHandler, msg: MESSAGE_ADV_SET_START, appName: com.brgd.brblmesh, id: 4, isLegacy: true
11-26 14:46:41.873 17761 17761 D jyq_helper: Advertise start succeeds: Settings [mAdvertiseMode=2, mAdvertiseTxPowerLevel=3, mAdvertiseConnectable=true, mAdvertiseDiscoverable=true, mAdvertiseTimeoutMillis=0, mOwnAddressType=-1]
11-26 14:46:41.884 16232 16264 V bt_btm_ble: system/stack/btm/btm_ble_gap.cc:2015 btm_ble_process_adv_addr: bda=xx:xx:xx:xx:55:66
11-26 14:46:41.884 16232 16264 V bluetooth: system/gd/hci/le_scanning_reassembler.cc:62 ProcessAdvertisingReport: Dropping repeated legacy advertising data
11-26 14:46:41.884 16232 16264 V bluetooth: system/gd/hci/le_scanning_reassembler.cc:96 ProcessAdvertisingReport: Full advertising report has been reassembled
11-26 14:46:41.884 16232 16259 V bt_btm_ble: system/stack/btm/btm_ble_gap.cc:1996 btm_ble_update_inq_result: Random address, treat device as LE only
11-26 14:46:41.885 17761 17761 V jyq_helper: onLeScan(repeat,ignored): 11:22:33:44:55:66 - 02011a13fff0ff4e6c6b0d348e89b5a88ba1a85e367bc4000000000000000000000000000000000000000000000000000000000000000000000000000000
11-26 14:46:41.885 16232 16264 V bt_btm_ble: system/stack/btm/btm_ble_gap.cc:2015 btm_ble_process_adv_addr: bda=xx:xx:xx:xx:55:66
11-26 14:46:41.886 16232 16264 V bluetooth: system/gd/hci/le_scanning_reassembler.cc:62 ProcessAdvertisingReport: Dropping repeated legacy advertising data
11-26 14:46:41.886 16232 16264 V bluetooth: system/gd/hci/le_scanning_reassembler.cc:96 ProcessAdvertisingReport: Full advertising report has been reassembled
11-26 14:46:41.886 16232 16259 V bt_btm_ble: system/stack/btm/btm_ble_gap.cc:1996 btm_ble_update_inq_result: Random address, treat device as LE only
11-26 14:46:41.886 16232 16264 V bt_btm_ble: system/stack/btm/btm_ble_gap.cc:2015 btm_ble_process_adv_addr: bda=xx:xx:xx:xx:55:66
